2025-12-19 13:55:10,531 - INFO - ================================================================================
2025-12-19 13:55:10,531 - INFO - Starting DROP Objects Script - mktg_ops_tbls_tables
2025-12-19 13:55:10,531 - INFO - Timestamp: 20251219_135510
2025-12-19 13:55:10,531 - INFO - ================================================================================
2025-12-19 13:55:10,536 - INFO - Configuration loaded successfully
2025-12-19 13:55:10,536 - INFO - Log file: D:\Create_Fetch_Python_Code\database_object_migration\Create_Object_Output\Logs\mktg_ops_tbls_tables_20251219_135510_drop_log.log
2025-12-19 13:55:10,537 - INFO - Source file: D:\Create_Fetch_Python_Code\database_object_migration\Create_Object_Output\Table\mktg_ops_tbls_tables_20251219_123124_created.csv
2025-12-19 13:55:21,947 - INFO - Successfully connected to Redshift DEV: redshift.dev.datahub.redcross.net
2025-12-19 13:55:21,947 - INFO - Database: mods_bi, User: hritik_singhania
2025-12-19 13:55:21,955 - INFO - Found 316 objects to drop from D:\Create_Fetch_Python_Code\database_object_migration\Create_Object_Output\Table\mktg_ops_tbls_tables_20251219_123124_created.csv
2025-12-19 13:55:21,957 - INFO - Starting to drop 316 table(s)
2025-12-19 13:55:21,963 - INFO - Initialized drop summary CSV: D:\Create_Fetch_Python_Code\database_object_migration\Create_Object_Output\Table\mktg_ops_tbls_tables_20251219_135521_dropped_summary.csv
2025-12-19 13:55:23,465 - INFO - \u2713 Successfully dropped table: adb_anlytc_hit_tgt_tst
2025-12-19 13:55:24,845 - INFO - \u2713 Successfully dropped table: adb_anlytc_hit_tgt_xtrct
2025-12-19 13:55:26,246 - INFO - \u2713 Successfully dropped table: adb_arcinsms_report_intermediate
2025-12-19 13:55:27,607 - INFO - \u2713 Successfully dropped table: adb_arcregionchaptermapping
2025-12-19 13:55:28,936 - INFO - \u2713 Successfully dropped table: adb_bio_dnr_stsfctn_srvy
2025-12-19 13:55:30,278 - INFO - \u2713 Successfully dropped table: adb_enumrtn_lkp
2025-12-19 13:55:31,740 - INFO - \u2713 Successfully dropped table: adb_nmspropositionrcp
2025-12-19 13:55:33,082 - INFO - \u2713 Successfully dropped table: adb_vlntr_srvy_rspns
2025-12-19 13:55:34,472 - INFO - \u2713 Successfully dropped table: adb_vlntr_srvy_rspns_tmp
2025-12-19 13:55:35,840 - INFO - \u2713 Successfully dropped table: adb_vlntr_srvy_rspns_v20
2025-12-19 13:55:37,139 - INFO - \u2713 Successfully dropped table: adobe_analytics_txn
2025-12-19 13:55:38,470 - INFO - \u2713 Successfully dropped table: adobe_analytics_visits
2025-12-19 13:55:40,122 - INFO - \u2713 Successfully dropped table: adobe_dwb_intrctn
2025-12-19 13:55:41,934 - INFO - \u2713 Successfully dropped table: adobe_dwb_intrctn_bkp
2025-12-19 13:55:43,261 - INFO - \u2713 Successfully dropped table: adobe_dwb_intrctn_stg
2025-12-19 13:55:44,784 - INFO - \u2713 Successfully dropped table: adobe_dwb_intrctn_stg_tmp
2025-12-19 13:55:46,087 - INFO - \u2713 Successfully dropped table: adobe_dwb_txn
2025-12-19 13:55:47,468 - INFO - \u2713 Successfully dropped table: adobe_dwb_txn_bkp
2025-12-19 13:55:48,828 - INFO - \u2713 Successfully dropped table: adobe_dwb_txn_stg
2025-12-19 13:55:50,174 - INFO - \u2713 Successfully dropped table: agent
2025-12-19 13:55:51,526 - INFO - \u2713 Successfully dropped table: all_aem_rco_rows
2025-12-19 13:55:52,940 - INFO - \u2713 Successfully dropped table: aprm_arc_comm_log
2025-12-19 13:55:54,315 - INFO - \u2713 Successfully dropped table: aprm_audmem_map
2025-12-19 13:55:55,661 - INFO - \u2713 Successfully dropped table: aprm_bncd_eml_img
2025-12-19 13:55:57,018 - INFO - \u2713 Successfully dropped table: aprm_email_bncd
2025-12-19 13:55:58,378 - INFO - \u2713 Successfully dropped table: aprm_email_lnk_clkd
2025-12-19 13:55:59,721 - INFO - \u2713 Successfully dropped table: aprm_email_lnk_clkd_img
2025-12-19 13:56:01,036 - INFO - \u2713 Successfully dropped table: aprm_email_opened
2025-12-19 13:56:02,384 - INFO - \u2713 Successfully dropped table: aprm_email_opened_img
2025-12-19 13:56:03,716 - INFO - \u2713 Successfully dropped table: aprm_email_remove
2025-12-19 13:56:05,111 - INFO - \u2713 Successfully dropped table: aprm_email_remove_img
2025-12-19 13:56:06,422 - INFO - \u2713 Successfully dropped table: aprm_email_sent
2025-12-19 13:56:07,764 - INFO - \u2713 Successfully dropped table: aprm_email_sent_img
2025-12-19 13:56:09,103 - INFO - \u2713 Successfully dropped table: aprm_msg_cnt_blk_img
2025-12-19 13:56:10,697 - INFO - \u2713 Successfully dropped table: aprm_msg_content_block
2025-12-19 13:56:12,366 - INFO - \u2713 Successfully dropped table: aprm_wb_apnd_bncd_eml
2025-12-19 13:56:13,754 - INFO - \u2713 Successfully dropped table: aprm_wb_apnd_cell_cds
2025-12-19 13:56:15,062 - INFO - \u2713 Successfully dropped table: aprm_wb_apnd_cm_segmnt
2025-12-19 13:56:16,460 - INFO - \u2713 Successfully dropped table: aprm_wb_apnd_email
2025-12-19 13:56:17,825 - INFO - \u2713 Successfully dropped table: aprm_wb_apnd_eml_trckng
2025-12-19 13:56:19,243 - INFO - \u2713 Successfully dropped table: aprm_wb_apnd_eml_trckng_bkp
2025-12-19 13:56:20,715 - INFO - \u2713 Successfully dropped table: aprm_wb_apnd_inbnd_frm_cmpltd
2025-12-19 13:56:22,158 - INFO - \u2713 Successfully dropped table: aprm_wb_apnd_mcrst_mtrcs
2025-12-19 13:56:23,484 - INFO - \u2713 Successfully dropped table: aprm_wb_apnd_outbnd_msgs
2025-12-19 13:56:24,870 - INFO - \u2713 Successfully dropped table: aprm_wb_apnd_outbnd_msg_snt
2025-12-19 13:56:26,296 - INFO - \u2713 Successfully dropped table: aprm_wb_apnd_prfrnc_cntr
2025-12-19 13:56:27,663 - INFO - \u2713 Successfully dropped table: aprm_wb_apnd_rmv_frm_lst
2025-12-19 13:56:28,969 - INFO - \u2713 Successfully dropped table: aprm_wb_apnd_segmntn
2025-12-19 13:56:30,325 - INFO - \u2713 Successfully dropped table: aprm_wb_apnd_treatmnts
2025-12-19 13:56:30,330 - INFO - Progress: 50/316 table(s) processed
2025-12-19 13:56:31,697 - INFO - \u2713 Successfully dropped table: arc_aem_rco_txn
2025-12-19 13:56:33,109 - INFO - \u2713 Successfully dropped table: arc_biomed_smry_bkp
2025-12-19 13:56:34,446 - INFO - \u2713 Successfully dropped table: arc_biomed_txn_bkp
2025-12-19 13:56:35,797 - INFO - \u2713 Successfully dropped table: arc_biomed_txn_ext_staff
2025-12-19 13:56:37,143 - INFO - \u2713 Successfully dropped table: arc_biomed_txn_ext_staff_bkp
2025-12-19 13:56:38,525 - INFO - \u2713 Successfully dropped table: arc_cdi_smry_addr_tmp
2025-12-19 13:56:39,892 - INFO - \u2713 Successfully dropped table: arc_cdi_smry_email_tmp
2025-12-19 13:56:42,265 - INFO - \u2713 Successfully dropped table: arc_cdi_smry_extrct
2025-12-19 13:56:43,611 - INFO - \u2713 Successfully dropped table: arc_cdi_smry_phn_tmp
2025-12-19 13:56:44,942 - INFO - \u2713 Successfully dropped table: arc_crm_ent_infrd_prfl
2025-12-19 13:56:46,691 - INFO - \u2713 Successfully dropped table: arc_crm_ent_prfl
2025-12-19 13:56:48,033 - INFO - \u2713 Successfully dropped table: arc_fr_smry_extrct
2025-12-19 13:56:49,636 - INFO - \u2713 Successfully dropped table: arc_fr_smry_extrct_tmp
2025-12-19 13:56:51,157 - INFO - \u2713 Successfully dropped table: arc_fr_smry_mdl
2025-12-19 13:56:52,525 - INFO - \u2713 Successfully dropped table: arc_fr_txn_all_cnst
2025-12-19 13:56:53,924 - INFO - \u2713 Successfully dropped table: arc_fr_txn_bkp
2025-12-19 13:56:55,260 - INFO - \u2713 Successfully dropped table: arc_fr_txn_bnchmrk_extrct
2025-12-19 13:56:56,654 - INFO - \u2713 Successfully dropped table: arc_fr_txn_del
2025-12-19 13:56:58,055 - INFO - \u2713 Successfully dropped table: arc_fr_txn_extrct
2025-12-19 13:56:59,412 - INFO - \u2713 Successfully dropped table: arc_fr_txn_tst
2025-12-19 13:57:00,742 - INFO - \u2713 Successfully dropped table: arc_fundrsng_summary
2025-12-19 13:57:02,075 - INFO - \u2713 Successfully dropped table: arc_glossary
2025-12-19 13:57:03,467 - INFO - \u2713 Successfully dropped table: arc_lob_smry_extrct
2025-12-19 13:57:04,851 - INFO - \u2713 Successfully dropped table: arc_lob_smry_extrct_oct
2025-12-19 13:57:06,172 - INFO - \u2713 Successfully dropped table: arc_lob_smry_non_fr_extrct
2025-12-19 13:57:07,515 - INFO - \u2713 Successfully dropped table: arc_missing_script_numbers
2025-12-19 13:57:08,976 - INFO - \u2713 Successfully dropped table: arc_phss_recert_txn
2025-12-19 13:57:10,408 - INFO - \u2713 Successfully dropped table: arc_phss_recert_txn_bkp
2025-12-19 13:57:12,127 - INFO - \u2713 Successfully dropped table: arc_phss_smry
2025-12-19 13:57:13,561 - INFO - \u2713 Successfully dropped table: arc_phss_smry_bkp
2025-12-19 13:57:14,941 - INFO - \u2713 Successfully dropped table: arc_phss_txn
2025-12-19 13:57:16,298 - INFO - \u2713 Successfully dropped table: arc_phss_txn_bkp
2025-12-19 13:57:17,913 - INFO - \u2713 Successfully dropped table: arc_simio_rfm_assets_appends
2025-12-19 13:57:19,265 - INFO - \u2713 Successfully dropped table: arc_tag_extrct_bridge
2025-12-19 13:57:20,636 - INFO - \u2713 Successfully dropped table: arc_tag_extrct_bridge_bkp
2025-12-19 13:57:21,969 - INFO - \u2713 Successfully dropped table: arc_tag_non_fr_extrct_bridge
2025-12-19 13:57:23,321 - INFO - \u2713 Successfully dropped table: arc_tag_non_fr_extrct_bridge_bkp
2025-12-19 13:57:24,699 - INFO - \u2713 Successfully dropped table: arc_tag_non_fr_extrct_bridge_tmp
2025-12-19 13:57:26,106 - INFO - \u2713 Successfully dropped table: arc_vms_smry
2025-12-19 13:57:27,450 - INFO - \u2713 Successfully dropped table: arc_vms_txn
2025-12-19 13:57:28,781 - INFO - \u2713 Successfully dropped table: area_code_2_time_zone
2025-12-19 13:57:30,217 - INFO - \u2713 Successfully dropped table: awb_cdi_mstr_mrg
2025-12-19 13:57:31,615 - INFO - \u2713 Successfully dropped table: awb_dmail_xtrct
2025-12-19 13:57:32,950 - INFO - \u2713 Successfully dropped table: awb_dntn_xtrct
2025-12-19 13:57:34,276 - INFO - \u2713 Successfully dropped table: awb_rcpnt_2_cdi_mstr
2025-12-19 13:57:35,628 - INFO - \u2713 Successfully dropped table: awb_rcpnt_2_cdi_mstr_xtrct
2025-12-19 13:57:37,001 - INFO - \u2713 Successfully dropped table: bio_dnr_srvy_donat_key_map
2025-12-19 13:57:38,388 - INFO - \u2713 Successfully dropped table: bzfc_active_cnst_multi_snpsht
2025-12-19 13:57:39,915 - INFO - \u2713 Successfully dropped table: bzfc_active_cnst_segmnt
2025-12-19 13:57:41,279 - INFO - \u2713 Successfully dropped table: bzfc_active_cnst_snpsht
2025-12-19 13:57:41,299 - INFO - Progress: 100/316 table(s) processed
2025-12-19 13:57:43,078 - INFO - \u2713 Successfully dropped table: bzfc_adb_recipient_insrt_delta
2025-12-19 13:57:44,514 - INFO - \u2713 Successfully dropped table: bzfc_adb_recipient_updt_delta
2025-12-19 13:57:45,884 - INFO - \u2713 Successfully dropped table: bzfc_bio_dnr_segment_dashbrd
2025-12-19 13:57:47,235 - INFO - \u2713 Successfully dropped table: bzfc_cnst_cdi_phss_email_prfl
2025-12-19 13:57:48,661 - INFO - \u2713 Successfully dropped table: bzfc_cnst_fr_prfr_em_prfl
2025-12-19 13:57:50,077 - INFO - \u2713 Successfully dropped table: bzfc_fact_dmail_interaction
2025-12-19 13:57:51,412 - INFO - \u2713 Successfully dropped table: bzfc_fact_donation
2025-12-19 13:57:52,730 - INFO - \u2713 Successfully dropped table: bzfc_fact_interaction
2025-12-19 13:57:54,098 - INFO - \u2713 Successfully dropped table: bzfc_fact_interaction_all
2025-12-19 13:57:55,464 - INFO - \u2713 Successfully dropped table: bzfc_fact_intrctn_em_smry
2025-12-19 13:57:56,811 - INFO - \u2713 Successfully dropped table: bzfc_fact_phone_interaction
2025-12-19 13:57:58,205 - INFO - \u2713 Successfully dropped table: bzfc_fact_response_all
2025-12-19 13:57:59,576 - INFO - \u2713 Successfully dropped table: bzfc_fact_response_new
2025-12-19 13:58:00,960 - INFO - \u2713 Successfully dropped table: bzfc_fact_surv_resp
2025-12-19 13:58:02,324 - INFO - \u2713 Successfully dropped table: bzfc_pg_response_log
2025-12-19 13:58:03,926 - INFO - \u2713 Successfully dropped table: bzfc_pg_response_log_ref
2025-12-19 13:58:05,269 - INFO - \u2713 Successfully dropped table: bzfc_phss_lrnr_list_membrshp
2025-12-19 13:58:06,665 - INFO - \u2713 Successfully dropped table: bzfc_sms_fr_prfl
2025-12-19 13:58:08,032 - INFO - \u2713 Successfully dropped table: bzfc_sms_profile
2025-12-19 13:58:09,349 - INFO - \u2713 Successfully dropped table: bzfc_sponsor_journey_detail
2025-12-19 13:58:10,712 - INFO - \u2713 Successfully dropped table: bzfc_sponsor_journey_smry
2025-12-19 13:58:12,101 - INFO - \u2713 Successfully dropped table: bzf_cem_cnst_opt_outs_copy
2025-12-19 13:58:13,651 - INFO - \u2713 Successfully dropped table: bzf_cem_cnst_opt_outs_stg
2025-12-19 13:58:15,058 - INFO - \u2713 Successfully dropped table: bzf_cnst_cdi_sltn_id_1
2025-12-19 13:58:16,413 - INFO - \u2713 Successfully dropped table: bzf_cnst_cdi_sltn_id_2
2025-12-19 13:58:17,740 - INFO - \u2713 Successfully dropped table: bzf_cnst_cdi_sltn_id_3
2025-12-19 13:58:19,203 - INFO - \u2713 Successfully dropped table: bzf_cnst_cdi_sltn_id_4
2025-12-19 13:58:20,561 - INFO - \u2713 Successfully dropped table: bzf_cnst_cdi_sltn_id_5
2025-12-19 13:58:21,914 - INFO - \u2713 Successfully dropped table: bzf_cnst_cdi_sltn_id_all
2025-12-19 13:58:23,236 - INFO - \u2713 Successfully dropped table: bzf_cnst_cdi_sltn_id_bk
2025-12-19 13:58:24,650 - INFO - \u2713 Successfully dropped table: bzf_cnst_scr
2025-12-19 13:58:26,102 - INFO - \u2713 Successfully dropped table: bz_adobe_analytics_rcb_txn
2025-12-19 13:58:27,608 - INFO - \u2713 Successfully dropped table: bz_adobe_analytics_rco_txn
2025-12-19 13:58:28,998 - INFO - \u2713 Successfully dropped table: bz_adobe_analytics_ts_txn
2025-12-19 13:58:30,827 - INFO - \u2713 Successfully dropped table: bz_arcpg_response_typ
2025-12-19 13:58:32,203 - INFO - \u2713 Successfully dropped table: bz_arc_fr_smry_atg_first_tm
2025-12-19 13:58:33,609 - INFO - \u2713 Successfully dropped table: bz_arc_fr_smry_rco_first_tm
2025-12-19 13:58:34,981 - INFO - \u2713 Successfully dropped table: bz_arc_fr_smry_rco_last_donat
2025-12-19 13:58:36,359 - INFO - \u2713 Successfully dropped table: bz_arc_fr_smry_rco_last_sustnr_donat
2025-12-19 13:58:37,736 - INFO - \u2713 Successfully dropped table: bz_cnst_birth_best
2025-12-19 13:58:39,102 - INFO - \u2713 Successfully dropped table: bz_cnst_gender_best
2025-12-19 13:58:40,554 - INFO - \u2713 Successfully dropped table: bz_cur_mth_bio_donor_freq
2025-12-19 13:58:41,928 - INFO - \u2713 Successfully dropped table: bz_cur_mth_bio_donor_freq2
2025-12-19 13:58:43,494 - INFO - \u2713 Successfully dropped table: bz_dim_cnst_demographic
2025-12-19 13:58:45,141 - INFO - \u2713 Successfully dropped table: bz_dim_rpt_cell_cd
2025-12-19 13:58:46,520 - INFO - \u2713 Successfully dropped table: bz_dim_treatmnt
2025-12-19 13:58:47,832 - INFO - \u2713 Successfully dropped table: bz_email_src_cd
2025-12-19 13:58:49,213 - INFO - \u2713 Successfully dropped table: bz_fact_interaction_pg
2025-12-19 13:58:50,549 - INFO - \u2713 Successfully dropped table: bz_fact_response_pg
2025-12-19 13:58:51,947 - INFO - \u2713 Successfully dropped table: bz_gms_arc_fr_txn_segmnt
2025-12-19 13:58:51,952 - INFO - Progress: 150/316 table(s) processed
2025-12-19 13:58:53,351 - INFO - \u2713 Successfully dropped table: bz_google_analytics_txn
2025-12-19 13:58:54,709 - INFO - \u2713 Successfully dropped table: bz_pg_group_membrshp
2025-12-19 13:58:56,127 - INFO - \u2713 Successfully dropped table: campgn_prospct_list
2025-12-19 13:58:57,481 - INFO - \u2713 Successfully dropped table: campgn_yr_end_dow_projctn
2025-12-19 13:58:58,886 - INFO - \u2713 Successfully dropped table: chptr_list_membrshp
2025-12-19 13:59:00,226 - INFO - \u2713 Successfully dropped table: chptr_portal_list_typ_ref
2025-12-19 13:59:01,538 - INFO - \u2713 Successfully dropped table: cnst_addr_ncoa_log
2025-12-19 13:59:02,885 - INFO - \u2713 Successfully dropped table: cnst_cdi_phss_preferred_dmail
2025-12-19 13:59:04,239 - INFO - \u2713 Successfully dropped table: cnst_cdi_smry_bio_prfr
2025-12-19 13:59:05,648 - INFO - \u2713 Successfully dropped table: cnst_cdi_smry_non_fr_prfr
2025-12-19 13:59:07,000 - INFO - \u2713 Successfully dropped table: cnst_cdi_smry_phss_prfr
2025-12-19 13:59:08,352 - INFO - \u2713 Successfully dropped table: cnst_cdi_smry_phss_prfr_stg
2025-12-19 13:59:09,732 - INFO - \u2713 Successfully dropped table: cnst_cdi_smry_vms_prfr
2025-12-19 13:59:11,113 - INFO - \u2713 Successfully dropped table: cnst_cdi_smry_vms_prfr_stg
2025-12-19 13:59:12,575 - INFO - \u2713 Successfully dropped table: cnst_cdi_s_f_p_fr_email
2025-12-19 13:59:14,238 - INFO - \u2713 Successfully dropped table: cnst_cdi_vms_preferred_dmail
2025-12-19 13:59:15,706 - INFO - \u2713 Successfully dropped table: cnst_cdi_vms_preferred_email
2025-12-19 13:59:17,072 - INFO - \u2713 Successfully dropped table: cnst_scr_acct
2025-12-19 13:59:18,457 - INFO - \u2713 Successfully dropped table: cnvo_reactivation_list
2025-12-19 13:59:20,063 - INFO - \u2713 Successfully dropped table: dim_bio_donat_freq
2025-12-19 13:59:21,469 - INFO - \u2713 Successfully dropped table: dim_dm_src_treatmnt_xref
2025-12-19 13:59:22,865 - INFO - \u2713 Successfully dropped table: dim_edrtl_response_period
2025-12-19 13:59:24,219 - INFO - \u2713 Successfully dropped table: dim_email_segmnt
2025-12-19 13:59:25,570 - INFO - \u2713 Successfully dropped table: dim_odr
2025-12-19 13:59:26,921 - INFO - \u2713 Successfully dropped table: dim_online_channel
2025-12-19 13:59:28,297 - INFO - \u2713 Successfully dropped table: dim_phone_adtnl_reqst
2025-12-19 13:59:29,728 - INFO - \u2713 Successfully dropped table: dim_phone_call_dspstn
2025-12-19 13:59:31,067 - INFO - \u2713 Successfully dropped table: dim_phone_campgn_src_cd_xref
2025-12-19 13:59:32,473 - INFO - \u2713 Successfully dropped table: dim_region_rsmo
2025-12-19 13:59:33,817 - INFO - \u2713 Successfully dropped table: dim_src_2_intrctn_brdg
2025-12-19 13:59:35,385 - INFO - \u2713 Successfully dropped table: dm_campaign_hist
2025-12-19 13:59:36,744 - INFO - \u2713 Successfully dropped table: dm_campaign_pg_hist
2025-12-19 13:59:38,123 - INFO - \u2713 Successfully dropped table: dv_active_segmnt_snapsht
2025-12-19 13:59:39,554 - INFO - \u2713 Successfully dropped table: dv_arc_bio_smry
2025-12-19 13:59:41,018 - INFO - \u2713 Successfully dropped table: dv_arc_entrprs_smry
2025-12-19 13:59:42,403 - INFO - \u2713 Successfully dropped table: dv_arc_fr_smry
2025-12-19 13:59:43,737 - INFO - \u2713 Successfully dropped table: dv_arc_phss_smry
2025-12-19 13:59:45,199 - INFO - \u2713 Successfully dropped table: dv_arc_vms_smry
2025-12-19 13:59:46,518 - INFO - \u2713 Successfully dropped table: dv_channel_accessibility_stg
2025-12-19 13:59:47,827 - INFO - \u2713 Successfully dropped table: dv_de_accessblty_lifestg
2025-12-19 13:59:49,210 - INFO - \u2713 Successfully dropped table: dv_de_scorcrd_campgns
2025-12-19 13:59:50,548 - INFO - \u2713 Successfully dropped table: dv_digtl_engmnt_scorcrd
2025-12-19 13:59:51,881 - INFO - \u2713 Successfully dropped table: email_src_cd
2025-12-19 13:59:53,252 - INFO - \u2713 Successfully dropped table: esri_blockgroup_demgrphc
2025-12-19 13:59:54,599 - INFO - \u2713 Successfully dropped table: esri_zip_cd_demgrphc
2025-12-19 13:59:55,943 - INFO - \u2713 Successfully dropped table: fact_interaction_bb
2025-12-19 13:59:57,363 - INFO - \u2713 Successfully dropped table: fact_phone_interaction
2025-12-19 13:59:58,740 - INFO - \u2713 Successfully dropped table: fact_response_aprm
2025-12-19 14:00:00,099 - INFO - \u2713 Successfully dropped table: fact_vol_applctn
2025-12-19 14:00:01,476 - INFO - \u2713 Successfully dropped table: fact_vs_surv_resp
2025-12-19 14:00:01,483 - INFO - Progress: 200/316 table(s) processed
2025-12-19 14:00:02,859 - INFO - \u2713 Successfully dropped table: final_mobile_common_opt_out
2025-12-19 14:00:04,251 - INFO - \u2713 Successfully dropped table: fix_site_vol_recruit
2025-12-19 14:00:06,292 - INFO - \u2713 Successfully dropped table: fresh_address_email_append
2025-12-19 14:00:07,682 - INFO - \u2713 Successfully dropped table: global_suprs_cnst_email
2025-12-19 14:00:09,146 - INFO - \u2713 Successfully dropped table: global_suprs_domain
2025-12-19 14:00:10,513 - INFO - \u2713 Successfully dropped table: global_suprs_email
2025-12-19 14:00:11,884 - INFO - \u2713 Successfully dropped table: gms_arc_fr_smry_sustnr
2025-12-19 14:00:13,282 - INFO - \u2713 Successfully dropped table: gms_arc_fr_txn
2025-12-19 14:00:14,774 - INFO - \u2713 Successfully dropped table: gms_bzfc_adb_fact_donation
2025-12-19 14:00:16,367 - INFO - \u2713 Successfully dropped table: gms_bzfc_cdi_fr_prfr_email_profile
2025-12-19 14:00:17,747 - INFO - \u2713 Successfully dropped table: gms_bzfc_cnst_fr_prfr_em_prfl
2025-12-19 14:00:19,155 - INFO - \u2713 Successfully dropped table: gms_bzfc_donation_rank
2025-12-19 14:00:20,515 - INFO - \u2713 Successfully dropped table: gms_bzfc_fact_ask_cntct_intrctn
2025-12-19 14:00:21,859 - INFO - \u2713 Successfully dropped table: gms_bzf_cnst_cnstcy
2025-12-19 14:00:23,253 - INFO - \u2713 Successfully dropped table: gms_bzf_cnst_cnstcy_curnt
2025-12-19 14:00:24,764 - INFO - \u2713 Successfully dropped table: gms_bz_pg_group_membrshp
2025-12-19 14:00:26,448 - INFO - \u2713 Successfully dropped table: gms_cnst_behvrl_segmnt
2025-12-19 14:00:27,782 - INFO - \u2713 Successfully dropped table: gms_cnst_cdi_smry_fr_pa_dm
2025-12-19 14:00:29,177 - INFO - \u2713 Successfully dropped table: gms_cnst_cdi_smry_fr_prfr_bzf_cem_cnst_opt_outs_stg
2025-12-19 14:00:30,531 - INFO - \u2713 Successfully dropped table: gms_cnst_cdi_smry_fr_prfr_stg
2025-12-19 14:00:31,927 - INFO - \u2713 Successfully dropped table: gofundraise_donor
2025-12-19 14:00:33,320 - INFO - \u2713 Successfully dropped table: google_analytics_txn
2025-12-19 14:00:34,650 - INFO - \u2713 Successfully dropped table: lkp_positions_taxonomy_mktg_stg
2025-12-19 14:00:36,154 - INFO - \u2713 Successfully dropped table: mktg_snapsht_load_cntl
2025-12-19 14:00:37,512 - INFO - \u2713 Successfully dropped table: mobile_commons_active
2025-12-19 14:00:38,861 - INFO - \u2713 Successfully dropped table: name_gender
2025-12-19 14:00:40,194 - INFO - \u2713 Successfully dropped table: nhqmktg_cdrp_enrllmnt_ref
2025-12-19 14:00:41,514 - INFO - \u2713 Successfully dropped table: nhqmktg_cdrp_enrllmnt_sts
2025-12-19 14:00:42,821 - INFO - \u2713 Successfully dropped table: pacific_east_email_append
2025-12-19 14:00:44,170 - INFO - \u2713 Successfully dropped table: pbi_bio_demogrphcs
2025-12-19 14:00:46,082 - INFO - \u2713 Successfully dropped table: pbi_bzl_fact_show_prodctv_ind
2025-12-19 14:00:47,562 - INFO - \u2713 Successfully dropped table: pbi_cfremappend_cnst
2025-12-19 14:00:48,890 - INFO - \u2713 Successfully dropped table: pbi_cfremappend_cohort
2025-12-19 14:00:50,209 - INFO - \u2713 Successfully dropped table: pbi_entrprs_campgn_comnts
2025-12-19 14:00:51,550 - INFO - \u2713 Successfully dropped table: pbi_entrprs_campgn_non_adb
2025-12-19 14:00:52,880 - INFO - \u2713 Successfully dropped table: pbi_entrprs_campgn_results
2025-12-19 14:00:54,265 - INFO - \u2713 Successfully dropped table: pbi_entrprs_campgn_smry
2025-12-19 14:00:55,622 - INFO - \u2713 Successfully dropped table: pbi_entrprs_campgn_ts_sends
2025-12-19 14:00:57,008 - INFO - \u2713 Successfully dropped table: pbi_model_perf_auc
2025-12-19 14:00:58,390 - INFO - \u2713 Successfully dropped table: pbi_model_perf_dashbrd
2025-12-19 14:01:00,251 - INFO - \u2713 Successfully dropped table: pbi_model_perf_dim_lol
2025-12-19 14:01:01,865 - INFO - \u2713 Successfully dropped table: pbi_model_perf_tlres
2025-12-19 14:01:03,471 - INFO - \u2713 Successfully dropped table: pg_group_ref
2025-12-19 14:01:04,852 - INFO - \u2713 Successfully dropped table: pg_response_log_exclusion
2025-12-19 14:01:06,313 - INFO - \u2713 Successfully dropped table: pg_src_convrsn
2025-12-19 14:01:07,699 - INFO - \u2713 Successfully dropped table: phone_interaction_eoc
2025-12-19 14:01:09,114 - INFO - \u2713 Successfully dropped table: phone_interaction_pg_eoc
2025-12-19 14:01:10,498 - INFO - \u2713 Successfully dropped table: phone_interaction_sustnr_upgr
2025-12-19 14:01:11,991 - INFO - \u2713 Successfully dropped table: pref_cnst_mstr
2025-12-19 14:01:13,504 - INFO - \u2713 Successfully dropped table: replication_adb_nmsbroadlogmsg
2025-12-19 14:01:13,504 - INFO - Progress: 250/316 table(s) processed
2025-12-19 14:01:14,876 - INFO - \u2713 Successfully dropped table: replication_adb_nmsoperation
2025-12-19 14:01:16,323 - INFO - \u2713 Successfully dropped table: replication_dim_person
2025-12-19 14:01:17,699 - INFO - \u2713 Successfully dropped table: replication_dim_recipient
2025-12-19 14:01:19,074 - INFO - \u2713 Successfully dropped table: replication_fact_interaction_aprm
2025-12-19 14:01:20,758 - INFO - \u2713 Successfully dropped table: replication_rr_rqq_rql_file_xref
2025-12-19 14:01:22,557 - INFO - \u2713 Successfully dropped table: rr_rqq_rql_file_xref
2025-12-19 14:01:23,888 - INFO - \u2713 Successfully dropped table: scr
2025-12-19 14:01:25,285 - INFO - \u2713 Successfully dropped table: scr_val_ref
2025-12-19 14:01:26,654 - INFO - \u2713 Successfully dropped table: srvy_anvrsry_vlntr_load_cntl
2025-12-19 14:01:28,023 - INFO - \u2713 Successfully dropped table: srvy_anvrsry_vlntr_questions
2025-12-19 14:01:29,351 - INFO - \u2713 Successfully dropped table: srvy_anvrsry_vlntr_questn_2_srvy_xref
2025-12-19 14:01:30,703 - INFO - \u2713 Successfully dropped table: srvy_anvrsry_vlntr_rspns_norm
2025-12-19 14:01:32,167 - INFO - \u2713 Successfully dropped table: srvy_anvrsy_vlntr_rspns
2025-12-19 14:01:33,943 - INFO - \u2713 Successfully dropped table: srvy_anvrsy_vlntr_rspns_cmnt
2025-12-19 14:01:35,519 - INFO - \u2713 Successfully dropped table: srvy_anvrsy_vlntr_rspns_fy21
2025-12-19 14:01:36,916 - INFO - \u2713 Successfully dropped table: srvy_anvrsy_vlntr_rspns_fy22
2025-12-19 14:01:38,322 - INFO - \u2713 Successfully dropped table: srvy_anvrsy_vlntr_rspns_load_cntl
2025-12-19 14:01:39,978 - INFO - \u2713 Successfully dropped table: srvy_blood_sponsor_load_cntl
2025-12-19 14:01:41,365 - INFO - \u2713 Successfully dropped table: srvy_blood_sponsor_questions
2025-12-19 14:01:42,738 - INFO - \u2713 Successfully dropped table: srvy_blood_sponsor_questn_2_srvy_xref
2025-12-19 14:01:44,130 - INFO - \u2713 Successfully dropped table: srvy_blood_sponsor_respondents
2025-12-19 14:01:45,457 - INFO - \u2713 Successfully dropped table: srvy_blood_sponsor_rspns
2025-12-19 14:01:47,084 - INFO - \u2713 Successfully dropped table: srvy_dim_survey
2025-12-19 14:01:48,454 - INFO - \u2713 Successfully dropped table: srvy_dim_values
2025-12-19 14:01:49,848 - INFO - \u2713 Successfully dropped table: srvy_gplg_rspns
2025-12-19 14:01:51,350 - INFO - \u2713 Successfully dropped table: srvy_hsptl_customer_contact
2025-12-19 14:01:52,732 - INFO - \u2713 Successfully dropped table: srvy_hsptl_load_cntl
2025-12-19 14:01:54,065 - INFO - \u2713 Successfully dropped table: srvy_hsptl_periods_hst
2025-12-19 14:01:55,394 - INFO - \u2713 Successfully dropped table: srvy_hsptl_questions
2025-12-19 14:01:56,737 - INFO - \u2713 Successfully dropped table: srvy_hsptl_questions_hst
2025-12-19 14:01:58,140 - INFO - \u2713 Successfully dropped table: srvy_hsptl_questn_2_srvy_xref
2025-12-19 14:01:59,689 - INFO - \u2713 Successfully dropped table: srvy_hsptl_questn_catgry
2025-12-19 14:02:01,056 - INFO - \u2713 Successfully dropped table: srvy_hsptl_respondents
2025-12-19 14:02:02,373 - INFO - \u2713 Successfully dropped table: srvy_hsptl_respondents_hst
2025-12-19 14:02:03,769 - INFO - \u2713 Successfully dropped table: srvy_hsptl_respondents_hst_b4072825
2025-12-19 14:02:05,110 - INFO - \u2713 Successfully dropped table: srvy_hsptl_rspns_hst
2025-12-19 14:02:06,436 - INFO - \u2713 Successfully dropped table: srvy_hsptl_sf_contact
2025-12-19 14:02:07,841 - INFO - \u2713 Successfully dropped table: srvy_hsptl_survey
2025-12-19 14:02:09,406 - INFO - \u2713 Successfully dropped table: srvy_hsptl_survey_hst
2025-12-19 14:02:10,785 - INFO - \u2713 Successfully dropped table: srvy_hsptl_values
2025-12-19 14:02:12,223 - INFO - \u2713 Successfully dropped table: srvy_hsptl_values_hst
2025-12-19 14:02:13,530 - INFO - \u2713 Successfully dropped table: srvy_new_vlntr_load_cntl
2025-12-19 14:02:14,944 - INFO - \u2713 Successfully dropped table: srvy_new_vlntr_questions
2025-12-19 14:02:16,375 - INFO - \u2713 Successfully dropped table: srvy_new_vlntr_questn_2_srvy_xref
2025-12-19 14:02:17,758 - INFO - \u2713 Successfully dropped table: srvy_new_vlntr_rspns_fy21
2025-12-19 14:02:19,077 - INFO - \u2713 Successfully dropped table: srvy_new_vlntr_rspns_fy22
2025-12-19 14:02:20,428 - INFO - \u2713 Successfully dropped table: srvy_new_vlntr_rspns_load_cntl
2025-12-19 14:02:21,982 - INFO - \u2713 Successfully dropped table: srvy_new_vlntr_rspns_norm
2025-12-19 14:02:23,535 - INFO - \u2713 Successfully dropped table: srvy_new_vlntr_rspns_v21
2025-12-19 14:02:24,913 - INFO - \u2713 Successfully dropped table: srvy_rgnl_ldrshp
2025-12-19 14:02:24,919 - INFO - Progress: 300/316 table(s) processed
2025-12-19 14:02:26,372 - INFO - \u2713 Successfully dropped table: srvy_rgnl_ldrshp_fy21
2025-12-19 14:02:27,832 - INFO - \u2713 Successfully dropped table: srvy_rgnl_ldrshp_hst
2025-12-19 14:02:29,152 - INFO - \u2713 Successfully dropped table: srvy_rgnl_ldrshp_sent
2025-12-19 14:02:30,566 - INFO - \u2713 Successfully dropped table: srvy_vlntr_dim_values
2025-12-19 14:02:32,528 - INFO - \u2713 Successfully dropped table: suprsn_ts_cnst
2025-12-19 14:02:34,183 - INFO - \u2713 Successfully dropped table: suspect_domains
2025-12-19 14:02:35,559 - INFO - \u2713 Successfully dropped table: sw_email_subscrb
2025-12-19 14:02:37,469 - INFO - \u2713 Successfully dropped table: sw_email_unsubscrb
2025-12-19 14:02:39,110 - INFO - \u2713 Successfully dropped table: users
2025-12-19 14:02:40,485 - INFO - \u2713 Successfully dropped table: utl_angry_client
2025-12-19 14:02:42,282 - INFO - \u2713 Successfully dropped table: utl_mcl_hard_bounces
2025-12-19 14:02:43,753 - INFO - \u2713 Successfully dropped table: utl_mc_bounces
2025-12-19 14:02:45,108 - INFO - \u2713 Successfully dropped table: utl_mc_unsubs
2025-12-19 14:02:46,487 - INFO - \u2713 Successfully dropped table: vaidity_email_valdtn
2025-12-19 14:02:47,962 - INFO - \u2713 Successfully dropped table: vcn_smry_intake
2025-12-19 14:02:49,346 - INFO - \u2713 Successfully dropped table: vms_sta_indivs
2025-12-19 14:02:51,131 - INFO - \u2713 Successfully dropped table: vms_sta_orgs
2025-12-19 14:02:51,131 - INFO - ================================================================================
2025-12-19 14:02:51,131 - INFO - DROP OPERATION SUMMARY
2025-12-19 14:02:51,131 - INFO - ================================================================================
2025-12-19 14:02:51,131 - INFO - Object Type: TABLE
2025-12-19 14:02:51,131 - INFO - Total Objects: 316
2025-12-19 14:02:51,131 - INFO - Successfully Dropped: 316
2025-12-19 14:02:51,131 - INFO - Failed: 0
2025-12-19 14:02:51,131 - INFO - Success Rate: 100.00%
2025-12-19 14:02:51,131 - INFO - Drop summary saved to: D:\Create_Fetch_Python_Code\database_object_migration\Create_Object_Output\Table\mktg_ops_tbls_tables_20251219_135521_dropped_summary.csv
2025-12-19 14:02:51,131 - INFO - ================================================================================
2025-12-19 14:02:51,131 - INFO - Connection closed. Drop script execution completed.
