2025-12-19 13:05:23,618 - INFO - ================================================================================
2025-12-19 13:05:23,618 - INFO - Starting DDL Execution Script - mktg_ops_vws_views
2025-12-19 13:05:23,618 - INFO - Timestamp: 20251219_130523
2025-12-19 13:05:23,621 - INFO - ================================================================================
2025-12-19 13:05:23,621 - INFO - Configuration loaded successfully
2025-12-19 13:05:23,621 - INFO - Log file: D:\Create_Fetch_Python_Code\database_object_migration\Create_Object_Output\Logs\mktg_ops_vws_views_20251219_130523_log.log
2025-12-19 13:05:38,793 - INFO - Successfully connected to Redshift DEV: redshift.dev.datahub.redcross.net
2025-12-19 13:05:38,794 - INFO - Database: mods_bi, User: hritik_singhania
2025-12-19 13:05:38,796 - INFO - ================================================================================
2025-12-19 13:05:38,797 - INFO - DYNAMIC FOLDER RESOLUTION
2025-12-19 13:05:38,797 - INFO - ================================================================================
2025-12-19 13:05:38,797 - INFO - Object Type: VIEW
2025-12-19 13:05:38,798 - INFO - Schema Name: mktg_ops_vws
2025-12-19 13:05:38,798 - INFO - Base Path: D:\Create_Fetch_Python_Code\database_object_migration\Fetch_Object_Output\View
2025-12-19 13:05:38,798 - INFO - Found 1 matching folder(s)
2025-12-19 13:05:38,798 - INFO - Latest Folder: mktg_ops_vws_20251219_1227
2025-12-19 13:05:38,798 - INFO - Full Path: D:\Create_Fetch_Python_Code\database_object_migration\Fetch_Object_Output\View\mktg_ops_vws_20251219_1227
2025-12-19 13:05:38,799 - INFO - ================================================================================
2025-12-19 13:05:43,898 - INFO - User confirmed folder selection
2025-12-19 13:05:43,913 - INFO - Initialized CSV files with timestamp: 20251219_130543
2025-12-19 13:05:43,913 - INFO -   - Output Directory: D:\Create_Fetch_Python_Code\database_object_migration\Create_Object_Output\View
2025-12-19 13:05:43,914 - INFO -   - Created: D:\Create_Fetch_Python_Code\database_object_migration\Create_Object_Output\View\mktg_ops_vws_views_20251219_130543_created.csv
2025-12-19 13:05:43,915 - INFO -   - Errored: D:\Create_Fetch_Python_Code\database_object_migration\Create_Object_Output\View\mktg_ops_vws_views_20251219_130543_errored.csv
2025-12-19 13:05:43,916 - INFO - Found 318 SQL files in D:\Create_Fetch_Python_Code\database_object_migration\Fetch_Object_Output\View\mktg_ops_vws_20251219_1227
2025-12-19 13:05:43,916 - INFO - ================================================================================
2025-12-19 13:05:43,916 - INFO - Processing Configuration:
2025-12-19 13:05:43,916 - INFO -   - Schema: mktg_ops_vws
2025-12-19 13:05:43,916 - INFO -   - Object Type: VIEW
2025-12-19 13:05:43,916 - INFO -   - Total Objects in Folder: 318
2025-12-19 13:05:43,916 - INFO -   - Run Identifier: mktg_ops_vws_views
2025-12-19 13:05:43,916 - INFO - ================================================================================
2025-12-19 13:05:45,327 - INFO - \u2713 Successfully created view: actvty_vwthrgh
2025-12-19 13:05:46,843 - INFO - \u2713 Successfully created view: adb_arcgms_broadlog
2025-12-19 13:05:48,240 - INFO - \u2713 Successfully created view: adb_nmsbroadlogrcp
2025-12-19 13:05:49,777 - INFO - \u2713 Successfully created view: adb_nmsrecipient
2025-12-19 13:05:51,110 - INFO - \u2713 Successfully created view: arc_biomed_gender_race
2025-12-19 13:05:52,175 - WARNING - \u2717 Failed to create view: arc_biomed_smry - Error Type: OTHER_ERROR
2025-12-19 13:05:53,220 - WARNING - \u2717 Failed to create view: arc_biomed_txn - Error Type: OTHER_ERROR
2025-12-19 13:05:54,561 - INFO - \u2713 Successfully created view: arc_biomed_txn_ext_staff
2025-12-19 13:05:55,933 - INFO - \u2713 Successfully created view: arc_entrprs_smry
2025-12-19 13:05:57,360 - INFO - \u2713 Successfully created view: arc_glossary
2025-12-19 13:05:58,708 - INFO - \u2713 Successfully created view: arc_phss_smry
2025-12-19 13:06:00,020 - INFO - \u2713 Successfully created view: arc_phss_txn
2025-12-19 13:06:01,358 - INFO - \u2713 Successfully created view: arc_vms_smry
2025-12-19 13:06:02,686 - INFO - \u2713 Successfully created view: arc_vms_txn
2025-12-19 13:06:04,085 - INFO - \u2713 Successfully created view: atg_order_registrants
2025-12-19 13:06:05,554 - INFO - \u2713 Successfully created view: atg_registrants
2025-12-19 13:06:07,010 - INFO - \u2713 Successfully created view: bzfc_active_cnst_segmnt
2025-12-19 13:06:08,527 - INFO - \u2713 Successfully created view: bzfc_active_cnst_snpsht
2025-12-19 13:06:10,241 - INFO - \u2713 Successfully created view: bzfc_adb_recipient_insrt_delta
2025-12-19 13:06:11,708 - INFO - \u2713 Successfully created view: bzfc_adb_recipient_updt_delta
2025-12-19 13:06:13,082 - INFO - \u2713 Successfully created view: bzfc_arc_best_smry
2025-12-19 13:06:14,466 - INFO - \u2713 Successfully created view: bzfc_cdi_bio_prfr_email_profile
2025-12-19 13:06:15,857 - INFO - \u2713 Successfully created view: bzfc_cnst_cdi_fr_prfr_em_prfl
2025-12-19 13:06:16,919 - WARNING - \u2717 Failed to create view: bzfc_cnst_cdi_phss_email_prfl - Error Type: OTHER_ERROR
2025-12-19 13:06:18,239 - INFO - \u2713 Successfully created view: bzfc_cnst_fr_prfr_flags
2025-12-19 13:06:19,562 - INFO - \u2713 Successfully created view: bzfc_comnictn_src
2025-12-19 13:06:20,910 - INFO - \u2713 Successfully created view: bzfc_dim_unit_merged
2025-12-19 13:06:22,270 - INFO - \u2713 Successfully created view: bzfc_email_append
2025-12-19 13:06:23,655 - INFO - \u2713 Successfully created view: bzfc_fact_dmail_interaction
2025-12-19 13:06:25,032 - INFO - \u2713 Successfully created view: bzfc_fact_dmail_intrctn_norm
2025-12-19 13:06:26,481 - INFO - \u2713 Successfully created view: bzfc_fact_email_interaction
2025-12-19 13:06:27,884 - INFO - \u2713 Successfully created view: bzfc_fact_interaction
2025-12-19 13:06:29,246 - INFO - \u2713 Successfully created view: bzfc_fact_interaction_all
2025-12-19 13:06:30,693 - INFO - \u2713 Successfully created view: bzfc_fact_interaction_em_smry
2025-12-19 13:06:32,041 - INFO - \u2713 Successfully created view: bzfc_fact_phone_interaction
2025-12-19 13:06:34,776 - INFO - \u2713 Successfully created view: bzfc_fact_phone_interaction_pg
2025-12-19 13:06:36,183 - INFO - \u2713 Successfully created view: bzfc_fact_response_all
2025-12-19 13:06:37,523 - INFO - \u2713 Successfully created view: bzfc_fact_sms_interaction
2025-12-19 13:06:38,861 - INFO - \u2713 Successfully created view: bzfc_fr_cnst_in_blood_region
2025-12-19 13:06:40,234 - INFO - \u2713 Successfully created view: bzfc_fsa_ask
2025-12-19 13:06:41,656 - INFO - \u2713 Successfully created view: bzfc_fsa_cnst_indv_chrctrs2
2025-12-19 13:06:43,252 - INFO - \u2713 Successfully created view: bzfc_fsa_cnst_indv_cntct_prefc
2025-12-19 13:06:44,659 - INFO - \u2713 Successfully created view: bzfc_fsa_cnst_org_chrctrs2
2025-12-19 13:06:46,016 - INFO - \u2713 Successfully created view: bzfc_fsa_cnst_org_cntct_prefc
2025-12-19 13:06:49,532 - INFO - \u2713 Successfully created view: bzfc_pg_response_log
2025-12-19 13:06:51,907 - INFO - \u2713 Successfully created view: bzfc_pg_response_log_ref
2025-12-19 13:06:53,431 - INFO - \u2713 Successfully created view: bzfc_phone_append
2025-12-19 13:06:54,785 - INFO - \u2713 Successfully created view: bzfc_prospect_pt_scr_fin
2025-12-19 13:06:56,255 - INFO - \u2713 Successfully created view: bzfc_prospect_pt_scr_nonfin
2025-12-19 13:06:56,255 - INFO - Progress: 50/318 views processed
2025-12-19 13:06:57,638 - INFO - \u2713 Successfully created view: bzfc_sms_bio_prfl
2025-12-19 13:07:02,147 - INFO - \u2713 Successfully created view: bzfc_sms_fr_prf
2025-12-19 13:07:04,084 - INFO - \u2713 Successfully created view: bzfc_sms_fr_prfl
2025-12-19 13:07:05,883 - INFO - \u2713 Successfully created view: bzfc_sms_phss_prfl
2025-12-19 13:07:07,347 - INFO - \u2713 Successfully created view: bzfc_sms_profile
2025-12-19 13:07:08,748 - INFO - \u2713 Successfully created view: bzfc_sms_vms_prfl
2025-12-19 13:07:10,123 - INFO - \u2713 Successfully created view: bzfc_sponsor_journey_detail
2025-12-19 13:07:11,486 - INFO - \u2713 Successfully created view: bzfc_sponsor_journey_smry
2025-12-19 13:07:13,566 - INFO - \u2713 Successfully created view: bzfc_taxo_bio_collection_curr
2025-12-19 13:07:14,934 - INFO - \u2713 Successfully created view: bzfc_taxo_humanitarian_curr
2025-12-19 13:07:16,436 - INFO - \u2713 Successfully created view: bzfc_taxo_subscr_gplg
2025-12-19 13:07:18,487 - INFO - \u2713 Successfully created view: bzfc_trigrd_campgn_smry
2025-12-19 13:07:19,882 - INFO - \u2713 Successfully created view: bzfc_vms_cnst_in_blood_region
2025-12-19 13:07:21,279 - INFO - \u2713 Successfully created view: bzf_cem_cnst_msg_pref
2025-12-19 13:07:22,337 - WARNING - \u2717 Failed to create view: bzf_cem_cnst_opt_outs - Error Type: PERMISSION_ERROR
2025-12-19 13:07:23,718 - INFO - \u2713 Successfully created view: bzf_cem_fr_cnst_loc_prefs
2025-12-19 13:07:25,077 - INFO - \u2713 Successfully created view: bzf_cnst_chrctrstc
2025-12-19 13:07:26,439 - INFO - \u2713 Successfully created view: bzf_cnst_chrctrstc_arcpg
2025-12-19 13:07:27,815 - INFO - \u2713 Successfully created view: bzf_cnst_chrctrstc_simio
2025-12-19 13:07:29,350 - INFO - \u2713 Successfully created view: bzf_cnst_scr
2025-12-19 13:07:30,742 - INFO - \u2713 Successfully created view: bzf_cnst_scr_simio
2025-12-19 13:07:32,732 - INFO - \u2713 Successfully created view: bzf_prospect_pt_scr
2025-12-19 13:07:34,289 - INFO - \u2713 Successfully created view: bzl_cnst_fsa_acqstn
2025-12-19 13:07:35,709 - INFO - \u2713 Successfully created view: bzl_cnst_mstr_fsa_acct_cntct
2025-12-19 13:07:37,060 - INFO - \u2713 Successfully created view: bzl_vms_sta_shift_smry
2025-12-19 13:07:38,091 - WARNING - \u2717 Failed to create view: bz_adb_arcbitlyreturn - Error Type: OTHER_ERROR
2025-12-19 13:07:39,421 - INFO - \u2713 Successfully created view: bz_adb_arcgms_broadlog
2025-12-19 13:07:40,474 - WARNING - \u2717 Failed to create view: bz_adb_arcprefchangefr - Error Type: OTHER_ERROR
2025-12-19 13:07:41,519 - WARNING - \u2717 Failed to create view: bz_adb_arcreportcellcode - Error Type: OTHER_ERROR
2025-12-19 13:07:43,832 - WARNING - \u2717 Failed to create view: bz_adb_arctreatmentcode - Error Type: OTHER_ERROR
2025-12-19 13:07:45,317 - INFO - \u2713 Successfully created view: bz_adb_enumrtn_lkp
2025-12-19 13:07:46,367 - WARNING - \u2717 Failed to create view: bz_adb_nmsaddress - Error Type: OTHER_ERROR
2025-12-19 13:07:47,419 - WARNING - \u2717 Failed to create view: bz_adb_nmsbroadlogmsg - Error Type: OTHER_ERROR
2025-12-19 13:07:48,852 - INFO - \u2713 Successfully created view: bz_adb_nmsbroadlogrcp
2025-12-19 13:07:50,527 - INFO - \u2713 Successfully created view: bz_adb_nmsdelivery
2025-12-19 13:07:53,300 - INFO - \u2713 Successfully created view: bz_adb_nmsexcludelogrcp
2025-12-19 13:07:54,358 - WARNING - \u2717 Failed to create view: bz_adb_nmsinsms - Error Type: OTHER_ERROR
2025-12-19 13:07:55,430 - WARNING - \u2717 Failed to create view: bz_adb_nmsrecipient - Error Type: OTHER_ERROR
2025-12-19 13:07:56,569 - WARNING - \u2717 Failed to create view: bz_adb_nmsservice - Error Type: OTHER_ERROR
2025-12-19 13:07:57,948 - WARNING - \u2717 Failed to create view: bz_adb_nmssubscription - Error Type: OTHER_ERROR
2025-12-19 13:07:59,040 - WARNING - \u2717 Failed to create view: bz_adb_nmstrackinglogrcp - Error Type: OTHER_ERROR
2025-12-19 13:08:00,586 - INFO - \u2713 Successfully created view: bz_adb_nmstrackingurl
2025-12-19 13:08:01,637 - WARNING - \u2717 Failed to create view: bz_adb_nmsuseragent - Error Type: OTHER_ERROR
2025-12-19 13:08:03,120 - INFO - \u2713 Successfully created view: bz_adb_nmswebapp
2025-12-19 13:08:04,211 - WARNING - \u2717 Failed to create view: bz_adb_nmswebapplogrcp - Error Type: OTHER_ERROR
2025-12-19 13:08:05,265 - WARNING - \u2717 Failed to create view: bz_adb_nmswebapplogrcpdata - Error Type: OTHER_ERROR
2025-12-19 13:08:06,683 - INFO - \u2713 Successfully created view: bz_aprm_email_bncd
2025-12-19 13:08:08,142 - INFO - \u2713 Successfully created view: bz_aprm_email_lnk_clkd
2025-12-19 13:08:09,629 - INFO - \u2713 Successfully created view: bz_aprm_email_opened
2025-12-19 13:08:11,020 - INFO - \u2713 Successfully created view: bz_aprm_email_remove
2025-12-19 13:08:11,034 - INFO - Progress: 100/318 views processed
2025-12-19 13:08:12,401 - INFO - \u2713 Successfully created view: bz_aprm_email_sent
2025-12-19 13:08:13,744 - INFO - \u2713 Successfully created view: bz_aprm_wb_apnd_prfrnc_cntr
2025-12-19 13:08:15,135 - INFO - \u2713 Successfully created view: bz_aprm_wb_apnd_unsubs_rplc
2025-12-19 13:08:16,522 - INFO - \u2713 Successfully created view: bz_aprm_wb_rplc_fr_prf_cntr_lt
2025-12-19 13:08:17,965 - INFO - \u2713 Successfully created view: bz_arcpg_response_typ
2025-12-19 13:08:19,383 - INFO - \u2713 Successfully created view: bz_arc_comm_log
2025-12-19 13:08:20,718 - INFO - \u2713 Successfully created view: bz_arc_fr_smry_atg_first_tm
2025-12-19 13:08:22,038 - INFO - \u2713 Successfully created view: bz_arc_fr_smry_rco_first_tm
2025-12-19 13:08:23,407 - INFO - \u2713 Successfully created view: bz_arc_fr_smry_rco_last_donat
2025-12-19 13:08:24,748 - INFO - \u2713 Successfully created view: bz_arc_fr_smry_rco_last_sustnr_donat
2025-12-19 13:08:25,798 - WARNING - \u2717 Failed to create view: bz_arc_fr_smry_rco_smry - Error Type: SYNTAX_ERROR
2025-12-19 13:08:27,293 - INFO - \u2713 Successfully created view: bz_area_code_2_time_zone
2025-12-19 13:08:28,761 - INFO - \u2713 Successfully created view: bz_campgn_yr_end_dow_projctn
2025-12-19 13:08:30,185 - INFO - \u2713 Successfully created view: bz_cnst_birth_best
2025-12-19 13:08:31,580 - INFO - \u2713 Successfully created view: bz_cnst_birth_pg
2025-12-19 13:08:33,061 - INFO - \u2713 Successfully created view: bz_cnst_cnstcy_affn
2025-12-19 13:08:34,401 - INFO - \u2713 Successfully created view: bz_cnst_fsa_acqstn
2025-12-19 13:08:35,776 - INFO - \u2713 Successfully created view: bz_cnst_gender_best
2025-12-19 13:08:37,118 - INFO - \u2713 Successfully created view: bz_cnst_mstr
2025-12-19 13:08:38,418 - INFO - \u2713 Successfully created view: bz_comnictn_src
2025-12-19 13:08:39,737 - INFO - \u2713 Successfully created view: bz_cur_mth_bio_donor_freq
2025-12-19 13:08:41,131 - INFO - \u2713 Successfully created view: bz_digital_analytics_txn
2025-12-19 13:08:42,552 - INFO - \u2713 Successfully created view: bz_dim_appt_typ
2025-12-19 13:08:43,943 - INFO - \u2713 Successfully created view: bz_dim_campgn
2025-12-19 13:08:45,364 - INFO - \u2713 Successfully created view: bz_dim_channel
2025-12-19 13:08:46,849 - INFO - \u2713 Successfully created view: bz_dim_cnst_demographic
2025-12-19 13:08:48,316 - INFO - \u2713 Successfully created view: bz_dim_delivery
2025-12-19 13:08:49,968 - INFO - \u2713 Successfully created view: bz_dim_dm_src_treatmnt_xref
2025-12-19 13:08:51,339 - INFO - \u2713 Successfully created view: bz_dim_edrtl_response_period
2025-12-19 13:08:52,955 - INFO - \u2713 Successfully created view: bz_dim_email_intrctn_typ
2025-12-19 13:08:54,511 - INFO - \u2713 Successfully created view: bz_dim_fund_cd
2025-12-19 13:08:55,946 - INFO - \u2713 Successfully created view: bz_dim_operator
2025-12-19 13:08:57,426 - INFO - \u2713 Successfully created view: bz_dim_phone_adtnl_reqst
2025-12-19 13:08:58,917 - INFO - \u2713 Successfully created view: bz_dim_phone_call_dspstn
2025-12-19 13:09:00,270 - INFO - \u2713 Successfully created view: bz_dim_phone_campgn
2025-12-19 13:09:01,706 - INFO - \u2713 Successfully created view: bz_dim_phone_campgn_src_cd_xref
2025-12-19 13:09:03,000 - INFO - \u2713 Successfully created view: bz_dim_phone_script
2025-12-19 13:09:04,290 - INFO - \u2713 Successfully created view: bz_dim_rpt_cell_cd
2025-12-19 13:09:05,583 - INFO - \u2713 Successfully created view: bz_dim_treatmnt
2025-12-19 13:09:06,621 - WARNING - \u2717 Failed to create view: bz_dim_unit - Error Type: PERMISSION_ERROR
2025-12-19 13:09:07,997 - INFO - \u2713 Successfully created view: bz_dim_zipcodes
2025-12-19 13:09:09,352 - INFO - \u2713 Successfully created view: bz_email_src_cd
2025-12-19 13:09:10,702 - INFO - \u2713 Successfully created view: bz_fund
2025-12-19 13:09:11,741 - WARNING - \u2717 Failed to create view: bz_geo_zip_code_to_chapter - Error Type: PERMISSION_ERROR
2025-12-19 13:09:13,041 - INFO - \u2713 Successfully created view: bz_gms_arc_fr_txn_segmnt
2025-12-19 13:09:14,097 - WARNING - \u2717 Failed to create view: bz_grp_mbrshp - Error Type: PERMISSION_ERROR
2025-12-19 13:09:15,424 - INFO - \u2713 Successfully created view: bz_grp_ref
2025-12-19 13:09:16,835 - INFO - \u2713 Successfully created view: bz_microsites_report
2025-12-19 13:09:18,158 - INFO - \u2713 Successfully created view: bz_pg_group_membrshp
2025-12-19 13:09:19,530 - INFO - \u2713 Successfully created view: bz_pg_group_ref
2025-12-19 13:09:19,537 - INFO - Progress: 150/318 views processed
2025-12-19 13:09:21,042 - INFO - \u2713 Successfully created view: bz_pg_response_log_exclusion
2025-12-19 13:09:22,087 - WARNING - \u2717 Failed to create view: bz_pg_src_convrsn - Error Type: PERMISSION_ERROR
2025-12-19 13:09:23,382 - INFO - \u2713 Successfully created view: bz_prospect_pt_scr
2025-12-19 13:09:24,687 - INFO - \u2713 Successfully created view: bz_rr_dm_srccd_aprm_cellcd
2025-12-19 13:09:26,052 - INFO - \u2713 Successfully created view: bz_scr
2025-12-19 13:09:27,392 - INFO - \u2713 Successfully created view: campgn_prospct_list
2025-12-19 13:09:28,702 - INFO - \u2713 Successfully created view: chptr_list_membrshp
2025-12-19 13:09:30,031 - INFO - \u2713 Successfully created view: chptr_portal_list_typ_ref
2025-12-19 13:09:31,533 - INFO - \u2713 Successfully created view: cnst_addr_ncoa_log
2025-12-19 13:09:32,933 - INFO - \u2713 Successfully created view: cnst_addr_ncoa_log_1
2025-12-19 13:09:33,977 - WARNING - \u2717 Failed to create view: cnst_cdi_bio_preferred_dmail - Error Type: OTHER_ERROR
2025-12-19 13:09:35,006 - WARNING - \u2717 Failed to create view: cnst_cdi_bio_preferred_email - Error Type: OTHER_ERROR
2025-12-19 13:09:36,311 - INFO - \u2713 Successfully created view: cnst_cdi_phss_preferred_dmail
2025-12-19 13:09:37,678 - INFO - \u2713 Successfully created view: cnst_cdi_phss_preferred_email
2025-12-19 13:09:38,728 - WARNING - \u2717 Failed to create view: cnst_cdi_smry_bio_prfr - Error Type: PERMISSION_ERROR
2025-12-19 13:09:40,134 - INFO - \u2713 Successfully created view: cnst_cdi_smry_non_fr_prfr
2025-12-19 13:09:41,515 - INFO - \u2713 Successfully created view: cnst_cdi_smry_phss_prfr
2025-12-19 13:09:44,268 - INFO - \u2713 Successfully created view: cnst_cdi_smry_vms_prfr
2025-12-19 13:09:45,597 - INFO - \u2713 Successfully created view: cnst_cdi_src_profile_mb
2025-12-19 13:09:46,933 - INFO - \u2713 Successfully created view: cnst_mstr_id_map
2025-12-19 13:09:48,292 - INFO - \u2713 Successfully created view: cnst_sturt_lst_affl
2025-12-19 13:09:49,697 - INFO - \u2713 Successfully created view: cnvo_cnst
2025-12-19 13:09:51,052 - INFO - \u2713 Successfully created view: cnvo_group_acct
2025-12-19 13:09:52,360 - INFO - \u2713 Successfully created view: cnvo_group_members
2025-12-19 13:09:53,750 - INFO - \u2713 Successfully created view: dim_age_band
2025-12-19 13:09:55,080 - INFO - \u2713 Successfully created view: dim_bio_mstr_cust_appnd
2025-12-19 13:09:56,131 - WARNING - \u2717 Failed to create view: dim_calendar - Error Type: PERMISSION_ERROR
2025-12-19 13:09:57,447 - INFO - \u2713 Successfully created view: dim_email_segmnt
2025-12-19 13:09:58,493 - WARNING - \u2717 Failed to create view: dim_gl_acct - Error Type: SYNTAX_ERROR
2025-12-19 13:09:59,888 - INFO - \u2713 Successfully created view: dim_isp_labor
2025-12-19 13:10:01,217 - INFO - \u2713 Successfully created view: dim_motvtn_clt_matrix
2025-12-19 13:10:02,570 - INFO - \u2713 Successfully created view: dim_motvtn_gplg_effort
2025-12-19 13:10:03,919 - INFO - \u2713 Successfully created view: dim_motvtn_gplg_scr
2025-12-19 13:10:05,279 - INFO - \u2713 Successfully created view: dim_motvtn_gplg_segmnt
2025-12-19 13:10:06,691 - INFO - \u2713 Successfully created view: dim_recipient
2025-12-19 13:10:07,991 - INFO - \u2713 Successfully created view: dim_src_2_intrctn_brdg
2025-12-19 13:10:09,071 - WARNING - \u2717 Failed to create view: dim_state - Error Type: SYNTAX_ERROR
2025-12-19 13:10:10,167 - WARNING - \u2717 Failed to create view: dim_unit - Error Type: PERMISSION_ERROR
2025-12-19 13:10:11,215 - WARNING - \u2717 Failed to create view: dim_unit_merged - Error Type: PERMISSION_ERROR
2025-12-19 13:10:12,535 - INFO - \u2713 Successfully created view: dim_volunteer
2025-12-19 13:10:13,898 - INFO - \u2713 Successfully created view: dv_active_segmnt_snapsht
2025-12-19 13:10:15,231 - INFO - \u2713 Successfully created view: dv_digtl_engmnt_scorcrd
2025-12-19 13:10:16,579 - INFO - \u2713 Successfully created view: esri_blockgroup_demgrphc
2025-12-19 13:10:17,888 - INFO - \u2713 Successfully created view: esri_zip_cd_demgrphc
2025-12-19 13:10:19,224 - INFO - \u2713 Successfully created view: fact_atg_order_line
2025-12-19 13:10:20,553 - INFO - \u2713 Successfully created view: fact_dmail_interaction
2025-12-19 13:10:21,953 - INFO - \u2713 Successfully created view: fact_email_interaction
2025-12-19 13:10:23,310 - INFO - \u2713 Successfully created view: fact_interaction_aprm
2025-12-19 13:10:24,912 - INFO - \u2713 Successfully created view: fact_vol_applctn
2025-12-19 13:10:26,276 - INFO - \u2713 Successfully created view: fresh_address_email_append
2025-12-19 13:10:26,281 - INFO - Progress: 200/318 views processed
2025-12-19 13:10:27,713 - INFO - \u2713 Successfully created view: fr_asset_gift_smry
2025-12-19 13:10:29,046 - INFO - \u2713 Successfully created view: geo_zip_code_to_chapter
2025-12-19 13:10:30,383 - INFO - \u2713 Successfully created view: gmpbzal_dim_fund
2025-12-19 13:10:31,807 - INFO - \u2713 Successfully created view: gmpbzal_dim_src
2025-12-19 13:10:33,128 - INFO - \u2713 Successfully created view: gmpbz_chpt_cnst_cnstcy
2025-12-19 13:10:34,461 - INFO - \u2713 Successfully created view: gmpbz_cnst_comnictn_email
2025-12-19 13:10:35,801 - INFO - \u2713 Successfully created view: gmpbz_dim_arcpg_amt_typ
2025-12-19 13:10:37,207 - INFO - \u2713 Successfully created view: gmpbz_dim_arcpg_chan_typ
2025-12-19 13:10:38,684 - INFO - \u2713 Successfully created view: gmpbz_dim_arcpg_comnictn_typ
2025-12-19 13:10:40,004 - INFO - \u2713 Successfully created view: gmpbz_dim_arcpg_response_typ
2025-12-19 13:10:41,298 - INFO - \u2713 Successfully created view: gmpbz_dim_arcpg_src
2025-12-19 13:10:42,649 - INFO - \u2713 Successfully created view: gmpbz_dim_comnictn
2025-12-19 13:10:43,899 - WARNING - \u2717 Failed to create view: gmpbz_dim_dntn_chan - Error Type: PERMISSION_ERROR
2025-12-19 13:10:45,234 - INFO - \u2713 Successfully created view: gmpbz_dim_dollar_tier
2025-12-19 13:10:46,594 - INFO - \u2713 Successfully created view: gmpbz_dim_fund
2025-12-19 13:10:47,630 - WARNING - \u2717 Failed to create view: gmpbz_dim_giftran - Error Type: PERMISSION_ERROR
2025-12-19 13:10:48,980 - INFO - \u2713 Successfully created view: gmpbz_dim_giftran_typ
2025-12-19 13:10:50,323 - INFO - \u2713 Successfully created view: gmpbz_dim_gift_stg
2025-12-19 13:10:51,650 - INFO - \u2713 Successfully created view: gmpbz_dim_gl_fcc
2025-12-19 13:10:52,995 - INFO - \u2713 Successfully created view: gmpbz_dim_intrctn_typ
2025-12-19 13:10:54,324 - INFO - \u2713 Successfully created view: gmpbz_dim_merchant
2025-12-19 13:10:55,660 - INFO - \u2713 Successfully created view: gmpbz_dim_pmt_mthd
2025-12-19 13:10:56,974 - INFO - \u2713 Successfully created view: gmpbz_dim_prog
2025-12-19 13:10:58,330 - INFO - \u2713 Successfully created view: gmpbz_dim_rgnrt_reason
2025-12-19 13:10:59,723 - INFO - \u2713 Successfully created view: gmpbz_dim_src
2025-12-19 13:11:01,086 - INFO - \u2713 Successfully created view: gmpbz_dim_sustnr_typ
2025-12-19 13:11:02,466 - INFO - \u2713 Successfully created view: gmpbz_dim_vendor
2025-12-19 13:11:03,788 - INFO - \u2713 Successfully created view: gmpbz_fact_arcpg_cnst_comnictn
2025-12-19 13:11:05,193 - INFO - \u2713 Successfully created view: gmpbz_gift_addr
2025-12-19 13:11:06,548 - INFO - \u2713 Successfully created view: gmpbz_gift_premium
2025-12-19 13:11:07,863 - INFO - \u2713 Successfully created view: gmpbz_gift_sku
2025-12-19 13:11:09,346 - INFO - \u2713 Successfully created view: gms_arc_fr_smry
2025-12-19 13:11:10,636 - INFO - \u2713 Successfully created view: gms_arc_fr_smry_cbg
2025-12-19 13:11:12,025 - INFO - \u2713 Successfully created view: gms_arc_fr_smry_sustnr
2025-12-19 13:11:13,365 - INFO - \u2713 Successfully created view: gms_arc_fr_txn
2025-12-19 13:11:14,687 - INFO - \u2713 Successfully created view: gms_arc_fr_txn_sustnr
2025-12-19 13:11:16,022 - INFO - \u2713 Successfully created view: gms_bzfc_adb_fact_donation
2025-12-19 13:11:17,362 - INFO - \u2713 Successfully created view: gms_bzfc_cnst_cdi_fr_prfr_em_prfl
2025-12-19 13:11:18,698 - INFO - \u2713 Successfully created view: gms_bzfc_dim_unf_fr_cnst
2025-12-19 13:11:20,051 - INFO - \u2713 Successfully created view: gms_bzfc_donation_rank
2025-12-19 13:11:21,402 - INFO - \u2713 Successfully created view: gms_bzfc_fact_ask
2025-12-19 13:11:22,858 - INFO - \u2713 Successfully created view: gms_bzfc_fact_ask_cntct_intrctn
2025-12-19 13:11:24,261 - INFO - \u2713 Successfully created view: gms_bzfc_fact_cnst_comnictn
2025-12-19 13:11:25,551 - INFO - \u2713 Successfully created view: gms_bzfc_fact_email_intrctn_smry
2025-12-19 13:11:26,847 - INFO - \u2713 Successfully created view: gms_bzfc_fact_giftran
2025-12-19 13:11:28,263 - INFO - \u2713 Successfully created view: gms_bzf_cnst_cnstcy
2025-12-19 13:11:29,629 - INFO - \u2713 Successfully created view: gms_bzf_cnst_cnstcy_curnt
2025-12-19 13:11:30,982 - INFO - \u2713 Successfully created view: gms_bz_pg_group_membrshp
2025-12-19 13:11:32,286 - INFO - \u2713 Successfully created view: gms_cnst_cdi_smry_fr_pa_dm
2025-12-19 13:11:33,693 - INFO - \u2713 Successfully created view: gms_cnst_cdi_smry_fr_prfr
2025-12-19 13:11:33,708 - INFO - Progress: 250/318 views processed
2025-12-19 13:11:35,042 - INFO - \u2713 Successfully created view: gms_cnst_cdi_smry_fr_prfr_src
2025-12-19 13:11:36,394 - INFO - \u2713 Successfully created view: gms_frfbz_dim_tag
2025-12-19 13:11:38,147 - INFO - \u2713 Successfully created view: gms_pg_group_membrshp_src
2025-12-19 13:11:39,895 - INFO - \u2713 Successfully created view: gms_sf_acct_contct_brdg
2025-12-19 13:11:41,233 - INFO - \u2713 Successfully created view: lkp_adb_intrctn_status_dsc
2025-12-19 13:11:42,537 - INFO - \u2713 Successfully created view: mktg_sky_dates
2025-12-19 13:11:43,863 - INFO - \u2713 Successfully created view: nhqmktg_cdrp_enrllmnt_sts
2025-12-19 13:11:45,197 - INFO - \u2713 Successfully created view: pacific_east_email_append
2025-12-19 13:11:46,686 - INFO - \u2713 Successfully created view: pbi_bzl_fact_show_prodctv_ind
2025-12-19 13:11:47,998 - INFO - \u2713 Successfully created view: pbi_entrprs_campgn_comnts
2025-12-19 13:11:49,318 - INFO - \u2713 Successfully created view: pbi_entrprs_campgn_results
2025-12-19 13:11:50,731 - INFO - \u2713 Successfully created view: pbi_entrprs_campgn_smry
2025-12-19 13:11:51,760 - WARNING - \u2717 Failed to create view: pbi_sales_pricing_budget - Error Type: OTHER_ERROR
2025-12-19 13:11:53,357 - INFO - \u2713 Successfully created view: phone_interaction_eoc
2025-12-19 13:11:54,973 - INFO - \u2713 Successfully created view: phone_interaction_pg_eoc
2025-12-19 13:11:56,021 - WARNING - \u2717 Failed to create view: prodct_distrbtn_bdgt - Error Type: PERMISSION_ERROR
2025-12-19 13:11:57,552 - INFO - \u2713 Successfully created view: rr_rqq_rql_file_xref
2025-12-19 13:11:59,035 - INFO - \u2713 Successfully created view: rr_rqq_rql_file_xref_mtvtn_cd
2025-12-19 13:12:00,365 - INFO - \u2713 Successfully created view: scr_val_ref
2025-12-19 13:12:01,706 - INFO - \u2713 Successfully created view: srvy_anvrsry_vlntr_questions
2025-12-19 13:12:03,044 - INFO - \u2713 Successfully created view: srvy_anvrsry_vlntr_questn_2_srvy_xref
2025-12-19 13:12:04,402 - INFO - \u2713 Successfully created view: srvy_anvrsry_vlntr_rspns_norm
2025-12-19 13:12:05,802 - INFO - \u2713 Successfully created view: srvy_anvrsry_vlntr_rspns_txt_norm
2025-12-19 13:12:07,117 - INFO - \u2713 Successfully created view: srvy_anvrsry_vlntr_survey
2025-12-19 13:12:08,425 - INFO - \u2713 Successfully created view: srvy_anvrsry_vlntr_values
2025-12-19 13:12:09,991 - INFO - \u2713 Successfully created view: srvy_anvrsy_vlntr_rspns
2025-12-19 13:12:11,296 - INFO - \u2713 Successfully created view: srvy_anvrsy_vlntr_rspns_all
2025-12-19 13:12:12,616 - INFO - \u2713 Successfully created view: srvy_blood_sponsor
2025-12-19 13:12:13,960 - INFO - \u2713 Successfully created view: srvy_blood_sponsor_questn_2_srvy_xref
2025-12-19 13:12:15,278 - INFO - \u2713 Successfully created view: srvy_blood_sponsor_rspns
2025-12-19 13:12:16,625 - INFO - \u2713 Successfully created view: srvy_blood_sponsor_survey
2025-12-19 13:12:17,948 - INFO - \u2713 Successfully created view: srvy_blood_sponsor_values
2025-12-19 13:12:19,614 - INFO - \u2713 Successfully created view: srvy_gplg_rspns_ss
2025-12-19 13:12:20,918 - INFO - \u2713 Successfully created view: srvy_hsptl_customer_contact
2025-12-19 13:12:22,251 - INFO - \u2713 Successfully created view: srvy_hsptl_periods_hst
2025-12-19 13:12:23,787 - INFO - \u2713 Successfully created view: srvy_hsptl_questions
2025-12-19 13:12:25,165 - INFO - \u2713 Successfully created view: srvy_hsptl_questions_hst
2025-12-19 13:12:26,517 - INFO - \u2713 Successfully created view: srvy_hsptl_questn_2_srvy_xref
2025-12-19 13:12:27,828 - INFO - \u2713 Successfully created view: srvy_hsptl_questn_catgry
2025-12-19 13:12:29,144 - INFO - \u2713 Successfully created view: srvy_hsptl_respondents
2025-12-19 13:12:30,463 - INFO - \u2713 Successfully created view: srvy_hsptl_respondents_hst
2025-12-19 13:12:31,783 - INFO - \u2713 Successfully created view: srvy_hsptl_rspns
2025-12-19 13:12:33,141 - INFO - \u2713 Successfully created view: srvy_hsptl_rspns_hst
2025-12-19 13:12:34,448 - INFO - \u2713 Successfully created view: srvy_hsptl_rspns_txt
2025-12-19 13:12:35,862 - INFO - \u2713 Successfully created view: srvy_hsptl_sf_contact
2025-12-19 13:12:37,191 - INFO - \u2713 Successfully created view: srvy_hsptl_survey
2025-12-19 13:12:38,675 - INFO - \u2713 Successfully created view: srvy_hsptl_survey_hst
2025-12-19 13:12:40,051 - INFO - \u2713 Successfully created view: srvy_hsptl_values
2025-12-19 13:12:41,359 - INFO - \u2713 Successfully created view: srvy_hsptl_values_hst
2025-12-19 13:12:42,706 - INFO - \u2713 Successfully created view: srvy_new_vlntr_los
2025-12-19 13:12:42,713 - INFO - Progress: 300/318 views processed
2025-12-19 13:12:44,049 - INFO - \u2713 Successfully created view: srvy_new_vlntr_questions
2025-12-19 13:12:45,601 - INFO - \u2713 Successfully created view: srvy_new_vlntr_questn_2_srvy_xref
2025-12-19 13:12:46,991 - INFO - \u2713 Successfully created view: srvy_new_vlntr_rspns_norm
2025-12-19 13:12:48,312 - INFO - \u2713 Successfully created view: srvy_new_vlntr_rspns_txt_norm
2025-12-19 13:12:49,639 - INFO - \u2713 Successfully created view: srvy_new_vlntr_survey
2025-12-19 13:12:50,960 - INFO - \u2713 Successfully created view: srvy_new_vlntr_values
2025-12-19 13:12:52,320 - INFO - \u2713 Successfully created view: srvy_vlntr_anvrsry_los
2025-12-19 13:12:53,656 - INFO - \u2713 Successfully created view: srvy_vlntr_geogrphy_taxo
2025-12-19 13:12:55,039 - INFO - \u2713 Successfully created view: srvy_vlntr_los
2025-12-19 13:12:56,329 - INFO - \u2713 Successfully created view: suprsn_ts_cnst
2025-12-19 13:12:57,655 - INFO - \u2713 Successfully created view: suprsn_ts_cnst_test
2025-12-19 13:12:58,958 - INFO - \u2713 Successfully created view: suspect_domains
2025-12-19 13:13:00,006 - WARNING - \u2717 Failed to create view: total_allusers_storedprocslist - Error Type: OTHER_ERROR
2025-12-19 13:13:01,038 - WARNING - \u2717 Failed to create view: total_allusers_tblvwslist - Error Type: OTHER_ERROR
2025-12-19 13:13:02,073 - WARNING - \u2717 Failed to create view: total_svcacct_tblvwslist - Error Type: OTHER_ERROR
2025-12-19 13:13:03,396 - INFO - \u2713 Successfully created view: vaidity_email_valdtn
2025-12-19 13:13:04,756 - INFO - \u2713 Successfully created view: vcn_smry_intake
2025-12-19 13:13:06,106 - INFO - \u2713 Successfully created view: vms_sta_indivs
2025-12-19 13:13:07,467 - INFO - \u2713 Successfully created view: vms_sta_orgs
2025-12-19 13:13:07,483 - INFO - ================================================================================
2025-12-19 13:13:07,483 - INFO - STARTING VIEW VALIDATION
2025-12-19 13:13:07,483 - INFO - ================================================================================
2025-12-19 13:13:07,495 - INFO - Found 280 view(s) to validate
2025-12-19 13:13:08,523 - WARNING - \u2717 Validation failed: actvty_vwthrgh - relation "data_lab_mktg_tbls.gs_viewthrough" does not exist
2025-12-19 13:13:09,550 - INFO - \u2713 Validation successful: adb_arcgms_broadlog
2025-12-19 13:13:10,588 - INFO - \u2713 Validation successful: adb_nmsbroadlogrcp
2025-12-19 13:13:11,681 - INFO - \u2713 Validation successful: adb_nmsrecipient
2025-12-19 13:13:13,578 - WARNING - \u2717 Validation failed: arc_biomed_gender_race - permission denied for relation cnst_cdi_smry_bio_prfr
2025-12-19 13:13:15,992 - INFO - \u2713 Validation successful: arc_biomed_txn_ext_staff
2025-12-19 13:13:17,266 - WARNING - \u2717 Validation failed: arc_entrprs_smry - relation "mktg_ops_tbls.gms_arc_fr_smry" does not exist
2025-12-19 13:13:18,334 - INFO - \u2713 Validation successful: arc_glossary
2025-12-19 13:13:23,335 - INFO - \u2713 Validation successful: arc_phss_smry
2025-12-19 13:13:24,459 - INFO - \u2713 Validation successful: arc_phss_txn
2025-12-19 13:13:25,491 - INFO - \u2713 Validation successful: arc_vms_smry
2025-12-19 13:13:26,527 - INFO - \u2713 Validation successful: arc_vms_txn
2025-12-19 13:13:28,455 - INFO - \u2713 Validation successful: atg_order_registrants
2025-12-19 13:13:30,132 - INFO - \u2713 Validation successful: atg_registrants
2025-12-19 13:13:31,211 - INFO - \u2713 Validation successful: bzfc_active_cnst_segmnt
2025-12-19 13:13:33,702 - INFO - \u2713 Validation successful: bzfc_active_cnst_snpsht
2025-12-19 13:13:36,368 - INFO - \u2713 Validation successful: bzfc_adb_recipient_insrt_delta
2025-12-19 13:13:37,513 - INFO - \u2713 Validation successful: bzfc_adb_recipient_updt_delta
2025-12-19 13:13:39,045 - INFO - \u2713 Validation successful: bzfc_arc_best_smry
2025-12-19 13:13:40,840 - WARNING - \u2717 Validation failed: bzfc_cdi_bio_prfr_email_profile - permission denied for relation cnst_cdi_smry_bio_prfr
2025-12-19 13:13:41,901 - INFO - \u2713 Validation successful: bzfc_cnst_cdi_fr_prfr_em_prfl
2025-12-19 13:13:42,914 - WARNING - \u2717 Validation failed: bzfc_cnst_fr_prfr_flags - relation "mktg_ops_tbls.gms_cnst_cdi_smry_fr_prfr" does not exist
2025-12-19 13:13:44,221 - INFO - \u2713 Validation successful: bzfc_comnictn_src
2025-12-19 13:13:45,548 - INFO - \u2713 Validation successful: bzfc_dim_unit_merged
2025-12-19 13:13:46,989 - INFO - \u2713 Validation successful: bzfc_email_append
2025-12-19 13:13:48,085 - INFO - \u2713 Validation successful: bzfc_fact_dmail_interaction
2025-12-19 13:13:49,135 - WARNING - \u2717 Validation failed: bzfc_fact_dmail_intrctn_norm - permission denied for relation bzfc_fact_dmail_intrctn_norm
2025-12-19 13:13:50,384 - INFO - \u2713 Validation successful: bzfc_fact_email_interaction
2025-12-19 13:13:51,437 - WARNING - \u2717 Validation failed: bzfc_fact_interaction - permission denied for relation fact_interaction_aprm
2025-12-19 13:13:52,930 - INFO - \u2713 Validation successful: bzfc_fact_interaction_all
2025-12-19 13:13:53,997 - INFO - \u2713 Validation successful: bzfc_fact_interaction_em_smry
2025-12-19 13:13:55,211 - WARNING - \u2717 Validation failed: bzfc_fact_phone_interaction - permission denied for relation pg_src_convrsn
2025-12-19 13:13:56,518 - WARNING - \u2717 Validation failed: bzfc_fact_phone_interaction_pg - permission denied for relation dim_calendar
2025-12-19 13:13:57,572 - INFO - \u2713 Validation successful: bzfc_fact_response_all
2025-12-19 13:13:58,582 - WARNING - \u2717 Validation failed: bzfc_fact_sms_interaction - relation "mktg_ops_tbls.bzfc_fact_sms_interaction" does not exist
2025-12-19 13:13:59,650 - WARNING - \u2717 Validation failed: bzfc_fr_cnst_in_blood_region - relation "mktg_ops_tbls.gms_cnst_cdi_smry_fr_prfr" does not exist
2025-12-19 13:14:00,698 - WARNING - \u2717 Validation failed: bzfc_fsa_ask - relation "ddcoe_vws.bzfc_fsa_ask" does not exist
2025-12-19 13:14:02,040 - WARNING - \u2717 Validation failed: bzfc_fsa_cnst_indv_chrctrs2 - relation "ddcoe_vws.bzf_cnst_fsa_chrctrstc2" does not exist
2025-12-19 13:14:03,138 - WARNING - \u2717 Validation failed: bzfc_fsa_cnst_indv_cntct_prefc - relation "ddcoe_vws.bzf_cnst_fsa_cntct_prefc" does not exist
2025-12-19 13:14:04,251 - WARNING - \u2717 Validation failed: bzfc_fsa_cnst_org_chrctrs2 - relation "ddcoe_vws.bzf_cnst_fsa_chrctrstc2" does not exist
2025-12-19 13:14:05,350 - WARNING - \u2717 Validation failed: bzfc_fsa_cnst_org_cntct_prefc - relation "ddcoe_vws.bzf_cnst_fsa_cntct_prefc" does not exist
2025-12-19 13:14:08,303 - INFO - \u2713 Validation successful: bzfc_pg_response_log
2025-12-19 13:14:09,338 - INFO - \u2713 Validation successful: bzfc_pg_response_log_ref
2025-12-19 13:14:10,352 - WARNING - \u2717 Validation failed: bzfc_phone_append - permission denied for relation pacific_east_phone_append
2025-12-19 13:14:12,419 - WARNING - \u2717 Validation failed: bzfc_prospect_pt_scr_fin - relation "data_lab_mktg_tbls.prospect_pt_scr_fin" does not exist
2025-12-19 13:14:13,468 - WARNING - \u2717 Validation failed: bzfc_prospect_pt_scr_nonfin - relation "data_lab_mktg_tbls.prospect_pt_scr_fin" does not exist
2025-12-19 13:14:14,906 - WARNING - \u2717 Validation failed: bzfc_sms_bio_prfl - permission denied for relation pacific_east_phone_append
2025-12-19 13:14:15,976 - INFO - \u2713 Validation successful: bzfc_sms_fr_prf
2025-12-19 13:14:17,022 - INFO - \u2713 Validation successful: bzfc_sms_fr_prfl
2025-12-19 13:14:18,231 - WARNING - \u2717 Validation failed: bzfc_sms_phss_prfl - permission denied for relation pacific_east_phone_append
2025-12-19 13:14:19,285 - INFO - \u2713 Validation successful: bzfc_sms_profile
2025-12-19 13:14:20,672 - WARNING - \u2717 Validation failed: bzfc_sms_vms_prfl - permission denied for relation pacific_east_phone_append
2025-12-19 13:14:21,723 - INFO - \u2713 Validation successful: bzfc_sponsor_journey_detail
2025-12-19 13:14:22,869 - WARNING - \u2717 Validation failed: bzfc_sponsor_journey_smry - column b.dr_territory_id does not exist
2025-12-19 13:14:23,902 - WARNING - \u2717 Validation failed: bzfc_taxo_bio_collection_curr - Remote object depends on external shared object.
2025-12-19 13:14:24,919 - WARNING - \u2717 Validation failed: bzfc_taxo_humanitarian_curr - Remote object depends on external shared object.
2025-12-19 13:14:25,969 - WARNING - \u2717 Validation failed: bzfc_taxo_subscr_gplg - Remote object depends on external shared object.
2025-12-19 13:14:27,118 - WARNING - \u2717 Validation failed: bzfc_trigrd_campgn_smry - permission denied for relation gms_bzfc_fact_email_intrctn_smry
2025-12-19 13:14:28,468 - WARNING - \u2717 Validation failed: bzfc_vms_cnst_in_blood_region - permission denied for relation nhqmktg_cdrp_enrllmnt_sts
2025-12-19 13:14:30,994 - INFO - \u2713 Validation successful: bzf_cem_cnst_msg_pref
2025-12-19 13:14:32,942 - INFO - \u2713 Validation successful: bzf_cem_fr_cnst_loc_prefs
2025-12-19 13:14:34,395 - INFO - \u2713 Validation successful: bzf_cnst_chrctrstc
2025-12-19 13:14:35,556 - INFO - \u2713 Validation successful: bzf_cnst_chrctrstc_arcpg
2025-12-19 13:14:36,590 - WARNING - \u2717 Validation failed: bzf_cnst_chrctrstc_simio - permission denied for relation bzf_cnst_chrctrstc_simio
2025-12-19 13:14:37,591 - WARNING - \u2717 Validation failed: bzf_cnst_scr - relation "mktg_data_tbls.bzf_cnst_scr" does not exist
2025-12-19 13:14:38,609 - WARNING - \u2717 Validation failed: bzf_cnst_scr_simio - permission denied for relation bzf_cnst_scr_simio
2025-12-19 13:14:39,618 - WARNING - \u2717 Validation failed: bzf_prospect_pt_scr - relation "data_lab_mktg_tbls.prospect_pt_scr_fin" does not exist
2025-12-19 13:14:40,639 - WARNING - \u2717 Validation failed: bzl_cnst_fsa_acqstn - permission denied for relation bzl_cnst_fsa_acqstn
2025-12-19 13:14:41,779 - WARNING - \u2717 Validation failed: bzl_cnst_mstr_fsa_acct_cntct - relation "ddcoe_vws.bz_cnst_fsa" does not exist
2025-12-19 13:14:43,170 - INFO - \u2713 Validation successful: bzl_vms_sta_shift_smry
2025-12-19 13:14:44,210 - INFO - \u2713 Validation successful: bz_adb_arcgms_broadlog
2025-12-19 13:14:45,225 - INFO - \u2713 Validation successful: bz_adb_enumrtn_lkp
2025-12-19 13:14:46,275 - INFO - \u2713 Validation successful: bz_adb_nmsbroadlogrcp
2025-12-19 13:14:49,171 - INFO - \u2713 Validation successful: bz_adb_nmsdelivery
2025-12-19 13:14:50,193 - INFO - \u2713 Validation successful: bz_adb_nmsexcludelogrcp
2025-12-19 13:14:51,230 - INFO - \u2713 Validation successful: bz_adb_nmstrackingurl
2025-12-19 13:14:52,288 - INFO - \u2713 Validation successful: bz_adb_nmswebapp
2025-12-19 13:14:53,317 - INFO - \u2713 Validation successful: bz_aprm_email_bncd
2025-12-19 13:14:54,367 - INFO - \u2713 Validation successful: bz_aprm_email_lnk_clkd
2025-12-19 13:14:55,404 - INFO - \u2713 Validation successful: bz_aprm_email_opened
2025-12-19 13:14:56,466 - INFO - \u2713 Validation successful: bz_aprm_email_remove
2025-12-19 13:14:57,497 - INFO - \u2713 Validation successful: bz_aprm_email_sent
2025-12-19 13:14:58,563 - INFO - \u2713 Validation successful: bz_aprm_wb_apnd_prfrnc_cntr
2025-12-19 13:14:59,579 - WARNING - \u2717 Validation failed: bz_aprm_wb_apnd_unsubs_rplc - permission denied for relation aprm_wb_apnd_unsubs_rplc
2025-12-19 13:15:00,597 - WARNING - \u2717 Validation failed: bz_aprm_wb_rplc_fr_prf_cntr_lt - permission denied for relation aprm_wb_rplc_fr_prf_cntr_lt
2025-12-19 13:15:01,611 - WARNING - \u2717 Validation failed: bz_arcpg_response_typ - relation "ddcoe_vws.bz_arcpg_response_typ" does not exist
2025-12-19 13:15:02,650 - INFO - \u2713 Validation successful: bz_arc_comm_log
2025-12-19 13:15:04,717 - INFO - \u2713 Validation successful: bz_arc_fr_smry_atg_first_tm
2025-12-19 13:15:05,751 - INFO - \u2713 Validation successful: bz_arc_fr_smry_rco_first_tm
2025-12-19 13:15:06,767 - INFO - \u2713 Validation successful: bz_arc_fr_smry_rco_last_donat
2025-12-19 13:15:07,808 - INFO - \u2713 Validation successful: bz_arc_fr_smry_rco_last_sustnr_donat
2025-12-19 13:15:08,834 - INFO - \u2713 Validation successful: bz_area_code_2_time_zone
2025-12-19 13:15:09,869 - INFO - \u2713 Validation successful: bz_campgn_yr_end_dow_projctn
2025-12-19 13:15:10,909 - INFO - \u2713 Validation successful: bz_cnst_birth_best
2025-12-19 13:15:12,385 - INFO - \u2713 Validation successful: bz_cnst_birth_pg
2025-12-19 13:15:13,482 - WARNING - \u2717 Validation failed: bz_cnst_cnstcy_affn - relation "ddcoe_vws.bz_cnst_cnstcy_affn" does not exist
2025-12-19 13:15:14,510 - WARNING - \u2717 Validation failed: bz_cnst_fsa_acqstn - relation "ddcoe_vws.bz_cnst_fsa_acqstn" does not exist
2025-12-19 13:15:15,576 - INFO - \u2713 Validation successful: bz_cnst_gender_best
2025-12-19 13:15:16,792 - INFO - \u2713 Validation successful: bz_cnst_mstr
2025-12-19 13:15:17,859 - INFO - \u2713 Validation successful: bz_comnictn_src
2025-12-19 13:15:18,925 - INFO - \u2713 Validation successful: bz_cur_mth_bio_donor_freq
2025-12-19 13:15:19,993 - INFO - \u2713 Validation successful: bz_digital_analytics_txn
2025-12-19 13:15:21,136 - INFO - \u2713 Validation successful: bz_dim_appt_typ
2025-12-19 13:15:22,166 - INFO - \u2713 Validation successful: bz_dim_campgn
2025-12-19 13:15:23,202 - INFO - \u2713 Validation successful: bz_dim_channel
2025-12-19 13:15:24,253 - INFO - \u2713 Validation successful: bz_dim_cnst_demographic
2025-12-19 13:15:25,333 - INFO - \u2713 Validation successful: bz_dim_delivery
2025-12-19 13:15:26,369 - INFO - \u2713 Validation successful: bz_dim_dm_src_treatmnt_xref
2025-12-19 13:15:27,388 - INFO - \u2713 Validation successful: bz_dim_edrtl_response_period
2025-12-19 13:15:28,403 - INFO - \u2713 Validation successful: bz_dim_email_intrctn_typ
2025-12-19 13:15:29,491 - WARNING - \u2717 Validation failed: bz_dim_fund_cd - Relation dim_fund_cd does not exist in the database.
2025-12-19 13:15:34,205 - INFO - \u2713 Validation successful: bz_dim_operator
2025-12-19 13:15:35,273 - INFO - \u2713 Validation successful: bz_dim_phone_adtnl_reqst
2025-12-19 13:15:36,322 - INFO - \u2713 Validation successful: bz_dim_phone_call_dspstn
2025-12-19 13:15:37,445 - INFO - \u2713 Validation successful: bz_dim_phone_campgn
2025-12-19 13:15:38,622 - WARNING - \u2717 Validation failed: bz_dim_phone_campgn_src_cd_xref - permission denied for relation pg_src_convrsn
2025-12-19 13:15:39,704 - INFO - \u2713 Validation successful: bz_dim_phone_script
2025-12-19 13:15:40,722 - INFO - \u2713 Validation successful: bz_dim_rpt_cell_cd
2025-12-19 13:15:41,781 - INFO - \u2713 Validation successful: bz_dim_treatmnt
2025-12-19 13:15:42,995 - INFO - \u2713 Validation successful: bz_dim_zipcodes
2025-12-19 13:15:44,029 - INFO - \u2713 Validation successful: bz_email_src_cd
2025-12-19 13:15:45,062 - INFO - \u2713 Validation successful: bz_fund
2025-12-19 13:15:46,080 - INFO - \u2713 Validation successful: bz_gms_arc_fr_txn_segmnt
2025-12-19 13:15:47,273 - INFO - \u2713 Validation successful: bz_grp_ref
2025-12-19 13:15:48,302 - WARNING - \u2717 Validation failed: bz_microsites_report - relation "data_lab_mktg_tbls.microsites_report" does not exist
2025-12-19 13:15:49,325 - INFO - \u2713 Validation successful: bz_pg_group_membrshp
2025-12-19 13:15:50,342 - INFO - \u2713 Validation successful: bz_pg_group_ref
2025-12-19 13:15:51,382 - INFO - \u2713 Validation successful: bz_pg_response_log_exclusion
2025-12-19 13:15:52,401 - WARNING - \u2717 Validation failed: bz_prospect_pt_scr - relation "data_lab_mktg_tbls.prospect_pt_scr_fin" does not exist
2025-12-19 13:15:53,421 - WARNING - \u2717 Validation failed: bz_rr_dm_srccd_aprm_cellcd - relation "mktg_data_tbls.rr_dm_srccd_aprm_cellcd" does not exist
2025-12-19 13:15:54,445 - INFO - \u2713 Validation successful: bz_scr
2025-12-19 13:15:55,479 - INFO - \u2713 Validation successful: campgn_prospct_list
2025-12-19 13:15:56,518 - INFO - \u2713 Validation successful: chptr_list_membrshp
2025-12-19 13:15:57,566 - INFO - \u2713 Validation successful: chptr_portal_list_typ_ref
2025-12-19 13:15:59,725 - INFO - \u2713 Validation successful: cnst_addr_ncoa_log
2025-12-19 13:16:01,565 - INFO - \u2713 Validation successful: cnst_addr_ncoa_log_1
2025-12-19 13:16:02,615 - INFO - \u2713 Validation successful: cnst_cdi_phss_preferred_dmail
2025-12-19 13:16:03,658 - INFO - \u2713 Validation successful: cnst_cdi_phss_preferred_email
2025-12-19 13:16:04,729 - INFO - \u2713 Validation successful: cnst_cdi_smry_non_fr_prfr
2025-12-19 13:16:05,795 - INFO - \u2713 Validation successful: cnst_cdi_smry_phss_prfr
2025-12-19 13:16:07,004 - WARNING - \u2717 Validation failed: cnst_cdi_smry_vms_prfr - permission denied for relation nhqmktg_cdrp_enrllmnt_sts
2025-12-19 13:16:08,332 - INFO - \u2713 Validation successful: cnst_cdi_src_profile_mb
2025-12-19 13:16:09,460 - INFO - \u2713 Validation successful: cnst_mstr_id_map
2025-12-19 13:16:11,462 - INFO - \u2713 Validation successful: cnst_sturt_lst_affl
2025-12-19 13:16:12,527 - WARNING - \u2717 Validation failed: cnvo_cnst - permission denied for schema convio_tbls
2025-12-19 13:16:13,554 - WARNING - \u2717 Validation failed: cnvo_group_acct - permission denied for schema convio_tbls
2025-12-19 13:16:14,569 - WARNING - \u2717 Validation failed: cnvo_group_members - permission denied for schema convio_tbls
2025-12-19 13:16:15,756 - INFO - \u2713 Validation successful: dim_age_band
2025-12-19 13:16:16,806 - INFO - \u2713 Validation successful: dim_bio_mstr_cust_appnd
2025-12-19 13:16:17,838 - INFO - \u2713 Validation successful: dim_email_segmnt
2025-12-19 13:16:21,602 - INFO - \u2713 Validation successful: dim_isp_labor
2025-12-19 13:16:22,635 - WARNING - \u2717 Validation failed: dim_motvtn_clt_matrix - relation "data_lab_mktg_tbls.gs_fy21_clt_motivtn_char10_11_norm" does not exist
2025-12-19 13:16:23,667 - WARNING - \u2717 Validation failed: dim_motvtn_gplg_effort - relation "data_lab_mktg_tbls.gs_gplg_motvtn_char_8" does not exist
2025-12-19 13:16:24,685 - WARNING - \u2717 Validation failed: dim_motvtn_gplg_scr - relation "data_lab_mktg_tbls.gs_gplg_motvtn_char_9_10" does not exist
2025-12-19 13:16:25,703 - WARNING - \u2717 Validation failed: dim_motvtn_gplg_segmnt - relation "data_lab_mktg_tbls.gs_gplg_motvtn_char_11_12" does not exist
2025-12-19 13:16:26,736 - INFO - \u2713 Validation successful: dim_recipient
2025-12-19 13:16:27,776 - INFO - \u2713 Validation successful: dim_src_2_intrctn_brdg
2025-12-19 13:16:29,126 - INFO - \u2713 Validation successful: dim_volunteer
2025-12-19 13:16:30,206 - INFO - \u2713 Validation successful: dv_active_segmnt_snapsht
2025-12-19 13:16:31,249 - INFO - \u2713 Validation successful: dv_digtl_engmnt_scorcrd
2025-12-19 13:16:32,384 - INFO - \u2713 Validation successful: esri_blockgroup_demgrphc
2025-12-19 13:16:33,472 - INFO - \u2713 Validation successful: esri_zip_cd_demgrphc
2025-12-19 13:16:34,761 - INFO - \u2713 Validation successful: fact_atg_order_line
2025-12-19 13:16:35,810 - INFO - \u2713 Validation successful: fact_dmail_interaction
2025-12-19 13:16:36,859 - INFO - \u2713 Validation successful: fact_email_interaction
2025-12-19 13:16:37,897 - WARNING - \u2717 Validation failed: fact_interaction_aprm - Relation fact_interaction_aprm does not exist in the database.
2025-12-19 13:16:38,943 - INFO - \u2713 Validation successful: fact_vol_applctn
2025-12-19 13:16:39,976 - INFO - \u2713 Validation successful: fresh_address_email_append
2025-12-19 13:16:41,105 - WARNING - \u2717 Validation failed: fr_asset_gift_smry - schema "ufds_vws" does not exist
2025-12-19 13:16:42,305 - INFO - \u2713 Validation successful: geo_zip_code_to_chapter
2025-12-19 13:16:43,537 - INFO - \u2713 Validation successful: gmpbzal_dim_fund
2025-12-19 13:16:44,639 - WARNING - \u2717 Validation failed: gmpbzal_dim_src - permission denied for relation pg_src_convrsn
2025-12-19 13:16:46,094 - INFO - \u2713 Validation successful: gmpbz_chpt_cnst_cnstcy
2025-12-19 13:16:47,283 - INFO - \u2713 Validation successful: gmpbz_cnst_comnictn_email
2025-12-19 13:16:48,470 - INFO - \u2713 Validation successful: gmpbz_dim_arcpg_amt_typ
2025-12-19 13:16:49,724 - INFO - \u2713 Validation successful: gmpbz_dim_arcpg_chan_typ
2025-12-19 13:16:50,886 - INFO - \u2713 Validation successful: gmpbz_dim_arcpg_comnictn_typ
2025-12-19 13:16:52,096 - INFO - \u2713 Validation successful: gmpbz_dim_arcpg_response_typ
2025-12-19 13:16:53,268 - INFO - \u2713 Validation successful: gmpbz_dim_arcpg_src
2025-12-19 13:16:54,442 - INFO - \u2713 Validation successful: gmpbz_dim_comnictn
2025-12-19 13:16:55,607 - INFO - \u2713 Validation successful: gmpbz_dim_dollar_tier
2025-12-19 13:16:57,010 - INFO - \u2713 Validation successful: gmpbz_dim_fund
2025-12-19 13:16:58,395 - INFO - \u2713 Validation successful: gmpbz_dim_giftran_typ
2025-12-19 13:16:59,571 - INFO - \u2713 Validation successful: gmpbz_dim_gift_stg
2025-12-19 13:17:00,772 - INFO - \u2713 Validation successful: gmpbz_dim_gl_fcc
2025-12-19 13:17:01,945 - INFO - \u2713 Validation successful: gmpbz_dim_intrctn_typ
2025-12-19 13:17:02,974 - WARNING - \u2717 Validation failed: gmpbz_dim_merchant - Relation gms_tbls does not exist in the database.
2025-12-19 13:17:04,807 - INFO - \u2713 Validation successful: gmpbz_dim_pmt_mthd
2025-12-19 13:17:05,993 - INFO - \u2713 Validation successful: gmpbz_dim_prog
2025-12-19 13:17:07,005 - WARNING - \u2717 Validation failed: gmpbz_dim_rgnrt_reason - schema "ufds_vws" does not exist
2025-12-19 13:17:08,119 - WARNING - \u2717 Validation failed: gmpbz_dim_src - permission denied for relation pg_src_convrsn
2025-12-19 13:17:09,307 - INFO - \u2713 Validation successful: gmpbz_dim_sustnr_typ
2025-12-19 13:17:10,457 - INFO - \u2713 Validation successful: gmpbz_dim_vendor
2025-12-19 13:17:11,697 - INFO - \u2713 Validation successful: gmpbz_fact_arcpg_cnst_comnictn
2025-12-19 13:17:12,943 - INFO - \u2713 Validation successful: gmpbz_gift_addr
2025-12-19 13:17:14,127 - INFO - \u2713 Validation successful: gmpbz_gift_premium
2025-12-19 13:17:15,306 - INFO - \u2713 Validation successful: gmpbz_gift_sku
2025-12-19 13:17:16,332 - WARNING - \u2717 Validation failed: gms_arc_fr_smry - relation "mktg_ops_tbls.gms_arc_fr_smry" does not exist
2025-12-19 13:17:17,350 - WARNING - \u2717 Validation failed: gms_arc_fr_smry_cbg - relation "mktg_ops_tbls.gms_arc_fr_smry_cbg" does not exist
2025-12-19 13:17:18,450 - INFO - \u2713 Validation successful: gms_arc_fr_smry_sustnr
2025-12-19 13:17:19,854 - INFO - \u2713 Validation successful: gms_arc_fr_txn
2025-12-19 13:17:22,923 - INFO - \u2713 Validation successful: gms_arc_fr_txn_sustnr
2025-12-19 13:17:24,069 - INFO - \u2713 Validation successful: gms_bzfc_adb_fact_donation
2025-12-19 13:17:25,171 - INFO - \u2713 Validation successful: gms_bzfc_cnst_cdi_fr_prfr_em_prfl
2025-12-19 13:17:26,911 - INFO - \u2713 Validation successful: gms_bzfc_dim_unf_fr_cnst
2025-12-19 13:17:27,945 - INFO - \u2713 Validation successful: gms_bzfc_donation_rank
2025-12-19 13:17:29,479 - WARNING - \u2717 Validation failed: gms_bzfc_fact_ask - permission denied for relation dim_calendar
2025-12-19 13:17:30,516 - INFO - \u2713 Validation successful: gms_bzfc_fact_ask_cntct_intrctn
2025-12-19 13:17:31,944 - INFO - \u2713 Validation successful: gms_bzfc_fact_cnst_comnictn
2025-12-19 13:17:32,964 - WARNING - \u2717 Validation failed: gms_bzfc_fact_email_intrctn_smry - permission denied for relation gms_bzfc_fact_email_intrctn_smry
2025-12-19 13:17:35,082 - INFO - \u2713 Validation successful: gms_bzfc_fact_giftran
2025-12-19 13:17:36,136 - INFO - \u2713 Validation successful: gms_bzf_cnst_cnstcy
2025-12-19 13:17:37,198 - INFO - \u2713 Validation successful: gms_bzf_cnst_cnstcy_curnt
2025-12-19 13:17:38,229 - INFO - \u2713 Validation successful: gms_bz_pg_group_membrshp
2025-12-19 13:17:39,615 - WARNING - \u2717 Validation failed: gms_cnst_cdi_smry_fr_pa_dm - permission denied for relation cnst_cdi_s_f_p_fr_dmail
2025-12-19 13:17:40,633 - WARNING - \u2717 Validation failed: gms_cnst_cdi_smry_fr_prfr - relation "mktg_ops_tbls.gms_cnst_cdi_smry_fr_prfr" does not exist
2025-12-19 13:17:42,071 - WARNING - \u2717 Validation failed: gms_cnst_cdi_smry_fr_prfr_src - column a.grp_key does not exist
2025-12-19 13:17:43,485 - INFO - \u2713 Validation successful: gms_frfbz_dim_tag
2025-12-19 13:17:44,504 - WARNING - \u2717 Validation failed: gms_pg_group_membrshp_src - relation "mktg_ops_tbls.gms_arc_fr_smry" does not exist
2025-12-19 13:17:45,683 - INFO - \u2713 Validation successful: gms_sf_acct_contct_brdg
2025-12-19 13:17:46,718 - INFO - \u2713 Validation successful: lkp_adb_intrctn_status_dsc
2025-12-19 13:17:47,733 - WARNING - \u2717 Validation failed: mktg_sky_dates - relation "mktg_ops_tbls.mktg_sky_dates" does not exist
2025-12-19 13:17:48,773 - INFO - \u2713 Validation successful: nhqmktg_cdrp_enrllmnt_sts
2025-12-19 13:17:49,833 - INFO - \u2713 Validation successful: pacific_east_email_append
2025-12-19 13:17:51,193 - INFO - \u2713 Validation successful: pbi_bzl_fact_show_prodctv_ind
2025-12-19 13:17:52,226 - INFO - \u2713 Validation successful: pbi_entrprs_campgn_comnts
2025-12-19 13:17:53,244 - INFO - \u2713 Validation successful: pbi_entrprs_campgn_results
2025-12-19 13:17:54,294 - INFO - \u2713 Validation successful: pbi_entrprs_campgn_smry
2025-12-19 13:17:55,392 - INFO - \u2713 Validation successful: phone_interaction_eoc
2025-12-19 13:17:56,526 - INFO - \u2713 Validation successful: phone_interaction_pg_eoc
2025-12-19 13:17:57,586 - INFO - \u2713 Validation successful: rr_rqq_rql_file_xref
2025-12-19 13:17:58,637 - INFO - \u2713 Validation successful: rr_rqq_rql_file_xref_mtvtn_cd
2025-12-19 13:17:59,673 - WARNING - \u2717 Validation failed: scr_val_ref - relation "data_lab_mktg_tbls.scr_val_ref" does not exist
2025-12-19 13:18:00,703 - INFO - \u2713 Validation successful: srvy_anvrsry_vlntr_questions
2025-12-19 13:18:01,736 - INFO - \u2713 Validation successful: srvy_anvrsry_vlntr_questn_2_srvy_xref
2025-12-19 13:18:02,768 - INFO - \u2713 Validation successful: srvy_anvrsry_vlntr_rspns_norm
2025-12-19 13:18:03,787 - WARNING - \u2717 Validation failed: srvy_anvrsry_vlntr_rspns_txt_norm - relation "mktg_ops_tbls.srvy_anvrsry_vlntr_rspns_txt_norm" does not exist
2025-12-19 13:18:04,821 - INFO - \u2713 Validation successful: srvy_anvrsry_vlntr_survey
2025-12-19 13:18:05,888 - INFO - \u2713 Validation successful: srvy_anvrsry_vlntr_values
2025-12-19 13:18:06,906 - WARNING - \u2717 Validation failed: srvy_anvrsy_vlntr_rspns - relation "mktg_ops_tbls.srvy_new_anvrsy_vlntr_rspns" does not exist
2025-12-19 13:18:07,938 - WARNING - \u2717 Validation failed: srvy_anvrsy_vlntr_rspns_all - relation "mktg_ops_tbls.srvy_anvrsy_vlntr_rspns_all" does not exist
2025-12-19 13:18:12,304 - INFO - \u2713 Validation successful: srvy_blood_sponsor
2025-12-19 13:18:13,361 - INFO - \u2713 Validation successful: srvy_blood_sponsor_questn_2_srvy_xref
2025-12-19 13:18:14,396 - INFO - \u2713 Validation successful: srvy_blood_sponsor_rspns
2025-12-19 13:18:15,446 - INFO - \u2713 Validation successful: srvy_blood_sponsor_survey
2025-12-19 13:18:16,493 - INFO - \u2713 Validation successful: srvy_blood_sponsor_values
2025-12-19 13:18:17,758 - WARNING - \u2717 Validation failed: srvy_gplg_rspns_ss - relation "mktg_ops_tbls.gms_cnst_cdi_smry_fr_prfr" does not exist
2025-12-19 13:18:18,803 - INFO - \u2713 Validation successful: srvy_hsptl_customer_contact
2025-12-19 13:18:19,834 - INFO - \u2713 Validation successful: srvy_hsptl_periods_hst
2025-12-19 13:18:20,868 - INFO - \u2713 Validation successful: srvy_hsptl_questions
2025-12-19 13:18:21,903 - INFO - \u2713 Validation successful: srvy_hsptl_questions_hst
2025-12-19 13:18:22,934 - INFO - \u2713 Validation successful: srvy_hsptl_questn_2_srvy_xref
2025-12-19 13:18:23,970 - INFO - \u2713 Validation successful: srvy_hsptl_questn_catgry
2025-12-19 13:18:25,004 - INFO - \u2713 Validation successful: srvy_hsptl_respondents
2025-12-19 13:18:26,037 - INFO - \u2713 Validation successful: srvy_hsptl_respondents_hst
2025-12-19 13:18:27,054 - WARNING - \u2717 Validation failed: srvy_hsptl_rspns - relation "mktg_ops_tbls.srvy_hsptl_rspns" does not exist
2025-12-19 13:18:28,099 - INFO - \u2713 Validation successful: srvy_hsptl_rspns_hst
2025-12-19 13:18:29,133 - WARNING - \u2717 Validation failed: srvy_hsptl_rspns_txt - relation "mktg_ops_tbls.srvy_hsptl_rspns_txt" does not exist
2025-12-19 13:18:30,163 - INFO - \u2713 Validation successful: srvy_hsptl_sf_contact
2025-12-19 13:18:31,201 - INFO - \u2713 Validation successful: srvy_hsptl_survey
2025-12-19 13:18:32,246 - INFO - \u2713 Validation successful: srvy_hsptl_survey_hst
2025-12-19 13:18:33,317 - INFO - \u2713 Validation successful: srvy_hsptl_values
2025-12-19 13:18:34,359 - INFO - \u2713 Validation successful: srvy_hsptl_values_hst
2025-12-19 13:18:35,711 - WARNING - \u2717 Validation failed: srvy_new_vlntr_los - relation "mktg_stage_tbls.lkp_positions_taxonomy_mktg_stg" does not exist
2025-12-19 13:18:36,752 - INFO - \u2713 Validation successful: srvy_new_vlntr_questions
2025-12-19 13:18:37,791 - INFO - \u2713 Validation successful: srvy_new_vlntr_questn_2_srvy_xref
2025-12-19 13:18:38,825 - INFO - \u2713 Validation successful: srvy_new_vlntr_rspns_norm
2025-12-19 13:18:39,840 - WARNING - \u2717 Validation failed: srvy_new_vlntr_rspns_txt_norm - relation "mktg_ops_tbls.srvy_new_vlntr_rspns_txt_norm" does not exist
2025-12-19 13:18:40,875 - INFO - \u2713 Validation successful: srvy_new_vlntr_survey
2025-12-19 13:18:41,931 - INFO - \u2713 Validation successful: srvy_new_vlntr_values
2025-12-19 13:18:43,262 - WARNING - \u2717 Validation failed: srvy_vlntr_anvrsry_los - relation "mktg_stage_tbls.lkp_positions_taxonomy_mktg_stg" does not exist
2025-12-19 13:18:44,311 - WARNING - \u2717 Validation failed: srvy_vlntr_geogrphy_taxo - Remote object depends on external shared object.
2025-12-19 13:18:45,669 - WARNING - \u2717 Validation failed: srvy_vlntr_los - relation "mktg_stage_tbls.lkp_positions_taxonomy_mktg_stg" does not exist
2025-12-19 13:18:46,703 - INFO - \u2713 Validation successful: suprsn_ts_cnst
2025-12-19 13:18:48,410 - INFO - \u2713 Validation successful: suprsn_ts_cnst_test
2025-12-19 13:18:49,447 - INFO - \u2713 Validation successful: suspect_domains
2025-12-19 13:18:50,511 - INFO - \u2713 Validation successful: vaidity_email_valdtn
2025-12-19 13:18:51,530 - INFO - \u2713 Validation successful: vcn_smry_intake
2025-12-19 13:18:52,564 - INFO - \u2713 Validation successful: vms_sta_indivs
2025-12-19 13:18:53,598 - INFO - \u2713 Validation successful: vms_sta_orgs
2025-12-19 13:18:53,614 - INFO - ================================================================================
2025-12-19 13:18:53,614 - INFO - VIEW VALIDATION SUMMARY
2025-12-19 13:18:53,614 - INFO - ================================================================================
2025-12-19 13:18:53,614 - INFO - Total Views Validated: 280
2025-12-19 13:18:53,625 - INFO - \u2713 Validated Successfully: 201
2025-12-19 13:18:53,625 - INFO - \u2717 Validation Failed: 79
2025-12-19 13:18:53,626 - INFO - Validation Success Rate: 71.79%
2025-12-19 13:18:53,627 - INFO - ================================================================================
2025-12-19 13:18:53,627 - INFO - ================================================================================
2025-12-19 13:18:53,627 - INFO - EXECUTION SUMMARY
2025-12-19 13:18:53,627 - INFO - ================================================================================
2025-12-19 13:18:53,628 - INFO - Object Type: VIEW
2025-12-19 13:18:53,628 - INFO - Schema: mktg_ops_vws
2025-12-19 13:18:53,629 - INFO - Total Objects in Folder: 318
2025-12-19 13:18:53,629 - INFO - Successfully Created: 280
2025-12-19 13:18:53,629 - INFO - Failed: 38
2025-12-19 13:18:53,630 - INFO - Success Rate: 88.05%
2025-12-19 13:18:53,631 - INFO - 
2025-12-19 13:18:53,632 - INFO - VIEW VALIDATION RESULTS:
2025-12-19 13:18:53,632 - INFO - \u2713 Validated Successfully: 201
2025-12-19 13:18:53,632 - INFO - \u2717 Validation Failed: 79
2025-12-19 13:18:53,633 - INFO - Overall Success Rate (Created + Validated): 71.79%
2025-12-19 13:18:53,633 - INFO - Created objects saved to: D:\Create_Fetch_Python_Code\database_object_migration\Create_Object_Output\View\mktg_ops_vws_views_20251219_130543_created.csv
2025-12-19 13:18:53,634 - INFO - Errored objects saved to: D:\Create_Fetch_Python_Code\database_object_migration\Create_Object_Output\View\mktg_ops_vws_views_20251219_130543_errored.csv
2025-12-19 13:18:53,634 - INFO - ================================================================================
2025-12-19 13:18:53,636 - INFO - Connection closed. Script execution completed.
