2025-12-19 13:47:01,019 - INFO - ================================================================================
2025-12-19 13:47:01,020 - INFO - Starting DROP Objects Script - mktg_ops_vws_views
2025-12-19 13:47:01,021 - INFO - Timestamp: 20251219_134701
2025-12-19 13:47:01,021 - INFO - ================================================================================
2025-12-19 13:47:01,021 - INFO - Configuration loaded successfully
2025-12-19 13:47:01,021 - INFO - Log file: d:\Create_Fetch_Python_Code\database_object_migration\Create_Object_Output\Logs\mktg_ops_vws_views_20251219_134701_drop_log.log
2025-12-19 13:47:01,021 - INFO - Source file: d:\Create_Fetch_Python_Code\database_object_migration\Create_Object_Output\View\mktg_ops_vws_views_20251219_130543_created.csv
2025-12-19 13:47:14,464 - INFO - Successfully connected to Redshift DEV: redshift.dev.datahub.redcross.net
2025-12-19 13:47:14,464 - INFO - Database: mods_bi, User: hritik_singhania
2025-12-19 13:47:14,477 - INFO - Found 280 objects to drop from d:\Create_Fetch_Python_Code\database_object_migration\Create_Object_Output\View\mktg_ops_vws_views_20251219_130543_created.csv
2025-12-19 13:47:14,480 - INFO - Starting to drop 280 view(s)
2025-12-19 13:47:14,491 - INFO - Initialized drop summary CSV: d:\Create_Fetch_Python_Code\database_object_migration\Create_Object_Output\View\mktg_ops_vws_views_20251219_134714_dropped_summary.csv
2025-12-19 13:47:15,836 - INFO - \u2713 Successfully dropped view: actvty_vwthrgh
2025-12-19 13:47:17,344 - INFO - \u2713 Successfully dropped view: adb_arcgms_broadlog
2025-12-19 13:47:18,701 - INFO - \u2713 Successfully dropped view: adb_nmsbroadlogrcp
2025-12-19 13:47:20,113 - INFO - \u2713 Successfully dropped view: adb_nmsrecipient
2025-12-19 13:47:21,430 - INFO - \u2713 Successfully dropped view: arc_biomed_gender_race
2025-12-19 13:47:22,820 - INFO - \u2713 Successfully dropped view: arc_biomed_txn_ext_staff
2025-12-19 13:47:27,426 - INFO - \u2713 Successfully dropped view: arc_entrprs_smry
2025-12-19 13:47:31,730 - INFO - \u2713 Successfully dropped view: arc_glossary
2025-12-19 13:47:33,347 - INFO - \u2713 Successfully dropped view: arc_phss_smry
2025-12-19 13:47:34,768 - INFO - \u2713 Successfully dropped view: arc_phss_txn
2025-12-19 13:47:36,106 - INFO - \u2713 Successfully dropped view: arc_vms_smry
2025-12-19 13:47:37,434 - INFO - \u2713 Successfully dropped view: arc_vms_txn
2025-12-19 13:47:39,223 - INFO - \u2713 Successfully dropped view: atg_order_registrants
2025-12-19 13:47:40,532 - INFO - \u2713 Successfully dropped view: atg_registrants
2025-12-19 13:47:41,912 - INFO - \u2713 Successfully dropped view: bzfc_active_cnst_segmnt
2025-12-19 13:47:43,280 - INFO - \u2713 Successfully dropped view: bzfc_active_cnst_snpsht
2025-12-19 13:47:47,728 - INFO - \u2713 Successfully dropped view: bzfc_adb_recipient_insrt_delta
2025-12-19 13:47:54,258 - INFO - \u2713 Successfully dropped view: bzfc_adb_recipient_updt_delta
2025-12-19 13:47:55,669 - INFO - \u2713 Successfully dropped view: bzfc_arc_best_smry
2025-12-19 13:47:57,040 - INFO - \u2713 Successfully dropped view: bzfc_cdi_bio_prfr_email_profile
2025-12-19 13:47:58,350 - INFO - \u2713 Successfully dropped view: bzfc_cnst_cdi_fr_prfr_em_prfl
2025-12-19 13:47:59,717 - INFO - \u2713 Successfully dropped view: bzfc_cnst_fr_prfr_flags
2025-12-19 13:48:01,165 - INFO - \u2713 Successfully dropped view: bzfc_comnictn_src
2025-12-19 13:48:02,447 - INFO - \u2713 Successfully dropped view: bzfc_dim_unit_merged
2025-12-19 13:48:03,896 - INFO - \u2713 Successfully dropped view: bzfc_email_append
2025-12-19 13:48:05,318 - INFO - \u2713 Successfully dropped view: bzfc_fact_dmail_interaction
2025-12-19 13:48:06,625 - INFO - \u2713 Successfully dropped view: bzfc_fact_dmail_intrctn_norm
2025-12-19 13:48:07,986 - INFO - \u2713 Successfully dropped view: bzfc_fact_email_interaction
2025-12-19 13:48:09,405 - INFO - \u2713 Successfully dropped view: bzfc_fact_interaction
2025-12-19 13:48:10,888 - INFO - \u2713 Successfully dropped view: bzfc_fact_interaction_all
2025-12-19 13:48:12,267 - INFO - \u2713 Successfully dropped view: bzfc_fact_interaction_em_smry
2025-12-19 13:48:13,581 - INFO - \u2713 Successfully dropped view: bzfc_fact_phone_interaction
2025-12-19 13:48:14,980 - INFO - \u2713 Successfully dropped view: bzfc_fact_phone_interaction_pg
2025-12-19 13:48:20,395 - INFO - \u2713 Successfully dropped view: bzfc_fact_response_all
2025-12-19 13:48:21,858 - INFO - \u2713 Successfully dropped view: bzfc_fact_sms_interaction
2025-12-19 13:48:23,525 - INFO - \u2713 Successfully dropped view: bzfc_fr_cnst_in_blood_region
2025-12-19 13:48:24,975 - INFO - \u2713 Successfully dropped view: bzfc_fsa_ask
2025-12-19 13:48:26,452 - INFO - \u2713 Successfully dropped view: bzfc_fsa_cnst_indv_chrctrs2
2025-12-19 13:48:27,773 - INFO - \u2713 Successfully dropped view: bzfc_fsa_cnst_indv_cntct_prefc
2025-12-19 13:48:29,138 - INFO - \u2713 Successfully dropped view: bzfc_fsa_cnst_org_chrctrs2
2025-12-19 13:48:30,436 - INFO - \u2713 Successfully dropped view: bzfc_fsa_cnst_org_cntct_prefc
2025-12-19 13:48:31,872 - INFO - \u2713 Successfully dropped view: bzfc_pg_response_log
2025-12-19 13:48:33,777 - INFO - \u2713 Successfully dropped view: bzfc_pg_response_log_ref
2025-12-19 13:48:35,141 - INFO - \u2713 Successfully dropped view: bzfc_phone_append
2025-12-19 13:48:36,845 - INFO - \u2713 Successfully dropped view: bzfc_prospect_pt_scr_fin
2025-12-19 13:48:38,279 - INFO - \u2713 Successfully dropped view: bzfc_prospect_pt_scr_nonfin
2025-12-19 13:48:39,671 - INFO - \u2713 Successfully dropped view: bzfc_sms_bio_prfl
2025-12-19 13:48:41,432 - INFO - \u2713 Successfully dropped view: bzfc_sms_fr_prf
2025-12-19 13:48:42,754 - INFO - \u2713 Successfully dropped view: bzfc_sms_fr_prfl
2025-12-19 13:48:42,754 - INFO - Progress: 50/280 view(s) processed
2025-12-19 13:48:44,086 - INFO - \u2713 Successfully dropped view: bzfc_sms_phss_prfl
2025-12-19 13:48:45,473 - INFO - \u2713 Successfully dropped view: bzfc_sms_profile
2025-12-19 13:48:46,862 - INFO - \u2713 Successfully dropped view: bzfc_sms_vms_prfl
2025-12-19 13:48:48,208 - INFO - \u2713 Successfully dropped view: bzfc_sponsor_journey_detail
2025-12-19 13:48:49,592 - INFO - \u2713 Successfully dropped view: bzfc_sponsor_journey_smry
2025-12-19 13:48:51,039 - INFO - \u2713 Successfully dropped view: bzfc_taxo_bio_collection_curr
2025-12-19 13:48:52,423 - INFO - \u2713 Successfully dropped view: bzfc_taxo_humanitarian_curr
2025-12-19 13:48:53,783 - INFO - \u2713 Successfully dropped view: bzfc_taxo_subscr_gplg
2025-12-19 13:48:55,462 - INFO - \u2713 Successfully dropped view: bzfc_trigrd_campgn_smry
2025-12-19 13:48:56,899 - INFO - \u2713 Successfully dropped view: bzfc_vms_cnst_in_blood_region
2025-12-19 13:48:58,359 - INFO - \u2713 Successfully dropped view: bzf_cem_cnst_msg_pref
2025-12-19 13:48:59,740 - INFO - \u2713 Successfully dropped view: bzf_cem_fr_cnst_loc_prefs
2025-12-19 13:49:01,022 - INFO - \u2713 Successfully dropped view: bzf_cnst_chrctrstc
2025-12-19 13:49:02,336 - INFO - \u2713 Successfully dropped view: bzf_cnst_chrctrstc_arcpg
2025-12-19 13:49:03,669 - INFO - \u2713 Successfully dropped view: bzf_cnst_chrctrstc_simio
2025-12-19 13:49:05,117 - INFO - \u2713 Successfully dropped view: bzf_cnst_scr
2025-12-19 13:49:06,555 - INFO - \u2713 Successfully dropped view: bzf_cnst_scr_simio
2025-12-19 13:49:07,891 - INFO - \u2713 Successfully dropped view: bzf_prospect_pt_scr
2025-12-19 13:49:09,241 - INFO - \u2713 Successfully dropped view: bzl_cnst_fsa_acqstn
2025-12-19 13:49:10,580 - INFO - \u2713 Successfully dropped view: bzl_cnst_mstr_fsa_acct_cntct
2025-12-19 13:49:11,921 - INFO - \u2713 Successfully dropped view: bzl_vms_sta_shift_smry
2025-12-19 13:49:13,330 - INFO - \u2713 Successfully dropped view: bz_adb_arcgms_broadlog
2025-12-19 13:49:14,712 - INFO - \u2713 Successfully dropped view: bz_adb_enumrtn_lkp
2025-12-19 13:49:16,080 - INFO - \u2713 Successfully dropped view: bz_adb_nmsbroadlogrcp
2025-12-19 13:49:17,399 - INFO - \u2713 Successfully dropped view: bz_adb_nmsdelivery
2025-12-19 13:49:18,715 - INFO - \u2713 Successfully dropped view: bz_adb_nmsexcludelogrcp
2025-12-19 13:49:20,074 - INFO - \u2713 Successfully dropped view: bz_adb_nmstrackingurl
2025-12-19 13:49:21,413 - INFO - \u2713 Successfully dropped view: bz_adb_nmswebapp
2025-12-19 13:49:22,817 - INFO - \u2713 Successfully dropped view: bz_aprm_email_bncd
2025-12-19 13:49:24,293 - INFO - \u2713 Successfully dropped view: bz_aprm_email_lnk_clkd
2025-12-19 13:49:26,049 - INFO - \u2713 Successfully dropped view: bz_aprm_email_opened
2025-12-19 13:49:27,444 - INFO - \u2713 Successfully dropped view: bz_aprm_email_remove
2025-12-19 13:49:28,771 - INFO - \u2713 Successfully dropped view: bz_aprm_email_sent
2025-12-19 13:49:30,114 - INFO - \u2713 Successfully dropped view: bz_aprm_wb_apnd_prfrnc_cntr
2025-12-19 13:49:31,444 - INFO - \u2713 Successfully dropped view: bz_aprm_wb_apnd_unsubs_rplc
2025-12-19 13:49:32,771 - INFO - \u2713 Successfully dropped view: bz_aprm_wb_rplc_fr_prf_cntr_lt
2025-12-19 13:49:34,142 - INFO - \u2713 Successfully dropped view: bz_arcpg_response_typ
2025-12-19 13:49:35,735 - INFO - \u2713 Successfully dropped view: bz_arc_comm_log
2025-12-19 13:49:37,097 - INFO - \u2713 Successfully dropped view: bz_arc_fr_smry_atg_first_tm
2025-12-19 13:49:38,430 - INFO - \u2713 Successfully dropped view: bz_arc_fr_smry_rco_first_tm
2025-12-19 13:49:39,765 - INFO - \u2713 Successfully dropped view: bz_arc_fr_smry_rco_last_donat
2025-12-19 13:49:41,070 - INFO - \u2713 Successfully dropped view: bz_arc_fr_smry_rco_last_sustnr_donat
2025-12-19 13:49:42,447 - INFO - \u2713 Successfully dropped view: bz_area_code_2_time_zone
2025-12-19 13:49:43,930 - INFO - \u2713 Successfully dropped view: bz_campgn_yr_end_dow_projctn
2025-12-19 13:49:45,270 - INFO - \u2713 Successfully dropped view: bz_cnst_birth_best
2025-12-19 13:49:46,666 - INFO - \u2713 Successfully dropped view: bz_cnst_birth_pg
2025-12-19 13:49:47,974 - INFO - \u2713 Successfully dropped view: bz_cnst_cnstcy_affn
2025-12-19 13:49:49,291 - INFO - \u2713 Successfully dropped view: bz_cnst_fsa_acqstn
2025-12-19 13:49:50,590 - INFO - \u2713 Successfully dropped view: bz_cnst_gender_best
2025-12-19 13:49:51,939 - INFO - \u2713 Successfully dropped view: bz_cnst_mstr
2025-12-19 13:49:51,939 - INFO - Progress: 100/280 view(s) processed
2025-12-19 13:49:53,257 - INFO - \u2713 Successfully dropped view: bz_comnictn_src
2025-12-19 13:49:54,668 - INFO - \u2713 Successfully dropped view: bz_cur_mth_bio_donor_freq
2025-12-19 13:49:55,965 - INFO - \u2713 Successfully dropped view: bz_digital_analytics_txn
2025-12-19 13:49:57,289 - INFO - \u2713 Successfully dropped view: bz_dim_appt_typ
2025-12-19 13:49:58,630 - INFO - \u2713 Successfully dropped view: bz_dim_campgn
2025-12-19 13:49:59,996 - INFO - \u2713 Successfully dropped view: bz_dim_channel
2025-12-19 13:50:01,336 - INFO - \u2713 Successfully dropped view: bz_dim_cnst_demographic
2025-12-19 13:50:02,661 - INFO - \u2713 Successfully dropped view: bz_dim_delivery
2025-12-19 13:50:04,293 - INFO - \u2713 Successfully dropped view: bz_dim_dm_src_treatmnt_xref
2025-12-19 13:50:05,778 - INFO - \u2713 Successfully dropped view: bz_dim_edrtl_response_period
2025-12-19 13:50:07,245 - INFO - \u2713 Successfully dropped view: bz_dim_email_intrctn_typ
2025-12-19 13:50:08,612 - INFO - \u2713 Successfully dropped view: bz_dim_fund_cd
2025-12-19 13:50:10,055 - INFO - \u2713 Successfully dropped view: bz_dim_operator
2025-12-19 13:50:11,471 - INFO - \u2713 Successfully dropped view: bz_dim_phone_adtnl_reqst
2025-12-19 13:50:13,886 - INFO - \u2713 Successfully dropped view: bz_dim_phone_call_dspstn
2025-12-19 13:50:15,208 - INFO - \u2713 Successfully dropped view: bz_dim_phone_campgn
2025-12-19 13:50:16,595 - INFO - \u2713 Successfully dropped view: bz_dim_phone_campgn_src_cd_xref
2025-12-19 13:50:19,033 - INFO - \u2713 Successfully dropped view: bz_dim_phone_script
2025-12-19 13:50:20,430 - INFO - \u2713 Successfully dropped view: bz_dim_rpt_cell_cd
2025-12-19 13:50:21,786 - INFO - \u2713 Successfully dropped view: bz_dim_treatmnt
2025-12-19 13:50:23,137 - INFO - \u2713 Successfully dropped view: bz_dim_zipcodes
2025-12-19 13:50:24,593 - INFO - \u2713 Successfully dropped view: bz_email_src_cd
2025-12-19 13:50:25,932 - INFO - \u2713 Successfully dropped view: bz_fund
2025-12-19 13:50:27,425 - INFO - \u2713 Successfully dropped view: bz_gms_arc_fr_txn_segmnt
2025-12-19 13:50:28,743 - INFO - \u2713 Successfully dropped view: bz_grp_ref
2025-12-19 13:50:30,084 - INFO - \u2713 Successfully dropped view: bz_microsites_report
2025-12-19 13:50:31,411 - INFO - \u2713 Successfully dropped view: bz_pg_group_membrshp
2025-12-19 13:50:32,738 - INFO - \u2713 Successfully dropped view: bz_pg_group_ref
2025-12-19 13:50:34,313 - INFO - \u2713 Successfully dropped view: bz_pg_response_log_exclusion
2025-12-19 13:50:35,676 - INFO - \u2713 Successfully dropped view: bz_prospect_pt_scr
2025-12-19 13:50:37,045 - INFO - \u2713 Successfully dropped view: bz_rr_dm_srccd_aprm_cellcd
2025-12-19 13:50:38,391 - INFO - \u2713 Successfully dropped view: bz_scr
2025-12-19 13:50:39,724 - INFO - \u2713 Successfully dropped view: campgn_prospct_list
2025-12-19 13:50:41,073 - INFO - \u2713 Successfully dropped view: chptr_list_membrshp
2025-12-19 13:50:42,424 - INFO - \u2713 Successfully dropped view: chptr_portal_list_typ_ref
2025-12-19 13:50:43,907 - INFO - \u2713 Successfully dropped view: cnst_addr_ncoa_log
2025-12-19 13:50:45,353 - INFO - \u2713 Successfully dropped view: cnst_addr_ncoa_log_1
2025-12-19 13:50:46,788 - INFO - \u2713 Successfully dropped view: cnst_cdi_phss_preferred_dmail
2025-12-19 13:50:48,138 - INFO - \u2713 Successfully dropped view: cnst_cdi_phss_preferred_email
2025-12-19 13:50:49,423 - INFO - \u2713 Successfully dropped view: cnst_cdi_smry_non_fr_prfr
2025-12-19 13:50:50,850 - INFO - \u2713 Successfully dropped view: cnst_cdi_smry_phss_prfr
2025-12-19 13:50:52,179 - INFO - \u2713 Successfully dropped view: cnst_cdi_smry_vms_prfr
2025-12-19 13:50:53,771 - INFO - \u2713 Successfully dropped view: cnst_cdi_src_profile_mb
2025-12-19 13:50:55,146 - INFO - \u2713 Successfully dropped view: cnst_mstr_id_map
2025-12-19 13:50:56,561 - INFO - \u2713 Successfully dropped view: cnst_sturt_lst_affl
2025-12-19 13:50:58,416 - INFO - \u2713 Successfully dropped view: cnvo_cnst
2025-12-19 13:51:00,090 - INFO - \u2713 Successfully dropped view: cnvo_group_acct
2025-12-19 13:51:03,564 - INFO - \u2713 Successfully dropped view: cnvo_group_members
2025-12-19 13:51:05,398 - INFO - \u2713 Successfully dropped view: dim_age_band
2025-12-19 13:51:07,149 - INFO - \u2713 Successfully dropped view: dim_bio_mstr_cust_appnd
2025-12-19 13:51:07,154 - INFO - Progress: 150/280 view(s) processed
2025-12-19 13:51:08,988 - INFO - \u2713 Successfully dropped view: dim_email_segmnt
2025-12-19 13:51:11,354 - INFO - \u2713 Successfully dropped view: dim_isp_labor
2025-12-19 13:51:13,167 - INFO - \u2713 Successfully dropped view: dim_motvtn_clt_matrix
2025-12-19 13:51:14,499 - INFO - \u2713 Successfully dropped view: dim_motvtn_gplg_effort
2025-12-19 13:51:15,835 - INFO - \u2713 Successfully dropped view: dim_motvtn_gplg_scr
2025-12-19 13:51:17,209 - INFO - \u2713 Successfully dropped view: dim_motvtn_gplg_segmnt
2025-12-19 13:51:18,689 - INFO - \u2713 Successfully dropped view: dim_recipient
2025-12-19 13:51:20,079 - INFO - \u2713 Successfully dropped view: dim_src_2_intrctn_brdg
2025-12-19 13:51:21,414 - INFO - \u2713 Successfully dropped view: dim_volunteer
2025-12-19 13:51:22,711 - INFO - \u2713 Successfully dropped view: dv_active_segmnt_snapsht
2025-12-19 13:51:24,105 - INFO - \u2713 Successfully dropped view: dv_digtl_engmnt_scorcrd
2025-12-19 13:51:25,427 - INFO - \u2713 Successfully dropped view: esri_blockgroup_demgrphc
2025-12-19 13:51:26,745 - INFO - \u2713 Successfully dropped view: esri_zip_cd_demgrphc
2025-12-19 13:51:28,104 - INFO - \u2713 Successfully dropped view: fact_atg_order_line
2025-12-19 13:51:29,407 - INFO - \u2713 Successfully dropped view: fact_dmail_interaction
2025-12-19 13:51:30,731 - INFO - \u2713 Successfully dropped view: fact_email_interaction
2025-12-19 13:51:32,195 - INFO - \u2713 Successfully dropped view: fact_interaction_aprm
2025-12-19 13:51:33,519 - INFO - \u2713 Successfully dropped view: fact_vol_applctn
2025-12-19 13:51:34,870 - INFO - \u2713 Successfully dropped view: fresh_address_email_append
2025-12-19 13:51:36,209 - INFO - \u2713 Successfully dropped view: fr_asset_gift_smry
2025-12-19 13:51:37,598 - INFO - \u2713 Successfully dropped view: geo_zip_code_to_chapter
2025-12-19 13:51:38,937 - INFO - \u2713 Successfully dropped view: gmpbzal_dim_fund
2025-12-19 13:51:40,260 - INFO - \u2713 Successfully dropped view: gmpbzal_dim_src
2025-12-19 13:51:41,605 - INFO - \u2713 Successfully dropped view: gmpbz_chpt_cnst_cnstcy
2025-12-19 13:51:42,932 - INFO - \u2713 Successfully dropped view: gmpbz_cnst_comnictn_email
2025-12-19 13:51:44,335 - INFO - \u2713 Successfully dropped view: gmpbz_dim_arcpg_amt_typ
2025-12-19 13:51:45,668 - INFO - \u2713 Successfully dropped view: gmpbz_dim_arcpg_chan_typ
2025-12-19 13:51:47,126 - INFO - \u2713 Successfully dropped view: gmpbz_dim_arcpg_comnictn_typ
2025-12-19 13:51:48,457 - INFO - \u2713 Successfully dropped view: gmpbz_dim_arcpg_response_typ
2025-12-19 13:51:49,833 - INFO - \u2713 Successfully dropped view: gmpbz_dim_arcpg_src
2025-12-19 13:51:51,164 - INFO - \u2713 Successfully dropped view: gmpbz_dim_comnictn
2025-12-19 13:51:52,598 - INFO - \u2713 Successfully dropped view: gmpbz_dim_dollar_tier
2025-12-19 13:51:54,065 - INFO - \u2713 Successfully dropped view: gmpbz_dim_fund
2025-12-19 13:51:55,435 - INFO - \u2713 Successfully dropped view: gmpbz_dim_giftran_typ
2025-12-19 13:51:57,069 - INFO - \u2713 Successfully dropped view: gmpbz_dim_gift_stg
2025-12-19 13:51:58,478 - INFO - \u2713 Successfully dropped view: gmpbz_dim_gl_fcc
2025-12-19 13:51:59,798 - INFO - \u2713 Successfully dropped view: gmpbz_dim_intrctn_typ
2025-12-19 13:52:01,449 - INFO - \u2713 Successfully dropped view: gmpbz_dim_merchant
2025-12-19 13:52:02,751 - INFO - \u2713 Successfully dropped view: gmpbz_dim_pmt_mthd
2025-12-19 13:52:04,221 - INFO - \u2713 Successfully dropped view: gmpbz_dim_prog
2025-12-19 13:52:05,571 - INFO - \u2713 Successfully dropped view: gmpbz_dim_rgnrt_reason
2025-12-19 13:52:06,877 - INFO - \u2713 Successfully dropped view: gmpbz_dim_src
2025-12-19 13:52:08,237 - INFO - \u2713 Successfully dropped view: gmpbz_dim_sustnr_typ
2025-12-19 13:52:09,537 - INFO - \u2713 Successfully dropped view: gmpbz_dim_vendor
2025-12-19 13:52:10,939 - INFO - \u2713 Successfully dropped view: gmpbz_fact_arcpg_cnst_comnictn
2025-12-19 13:52:12,344 - INFO - \u2713 Successfully dropped view: gmpbz_gift_addr
2025-12-19 13:52:13,633 - INFO - \u2713 Successfully dropped view: gmpbz_gift_premium
2025-12-19 13:52:14,950 - INFO - \u2713 Successfully dropped view: gmpbz_gift_sku
2025-12-19 13:52:16,353 - INFO - \u2713 Successfully dropped view: gms_arc_fr_smry
2025-12-19 13:52:17,694 - INFO - \u2713 Successfully dropped view: gms_arc_fr_smry_cbg
2025-12-19 13:52:17,704 - INFO - Progress: 200/280 view(s) processed
2025-12-19 13:52:19,027 - INFO - \u2713 Successfully dropped view: gms_arc_fr_smry_sustnr
2025-12-19 13:52:20,364 - INFO - \u2713 Successfully dropped view: gms_arc_fr_txn
2025-12-19 13:52:21,727 - INFO - \u2713 Successfully dropped view: gms_arc_fr_txn_sustnr
2025-12-19 13:52:23,081 - INFO - \u2713 Successfully dropped view: gms_bzfc_adb_fact_donation
2025-12-19 13:52:24,427 - INFO - \u2713 Successfully dropped view: gms_bzfc_cnst_cdi_fr_prfr_em_prfl
2025-12-19 13:52:25,909 - INFO - \u2713 Successfully dropped view: gms_bzfc_dim_unf_fr_cnst
2025-12-19 13:52:27,274 - INFO - \u2713 Successfully dropped view: gms_bzfc_donation_rank
2025-12-19 13:52:28,969 - INFO - \u2713 Successfully dropped view: gms_bzfc_fact_ask
2025-12-19 13:52:30,342 - INFO - \u2713 Successfully dropped view: gms_bzfc_fact_ask_cntct_intrctn
2025-12-19 13:52:31,685 - INFO - \u2713 Successfully dropped view: gms_bzfc_fact_cnst_comnictn
2025-12-19 13:52:33,065 - INFO - \u2713 Successfully dropped view: gms_bzfc_fact_email_intrctn_smry
2025-12-19 13:52:34,387 - INFO - \u2713 Successfully dropped view: gms_bzfc_fact_giftran
2025-12-19 13:52:36,000 - INFO - \u2713 Successfully dropped view: gms_bzf_cnst_cnstcy
2025-12-19 13:52:37,326 - INFO - \u2713 Successfully dropped view: gms_bzf_cnst_cnstcy_curnt
2025-12-19 13:52:38,642 - INFO - \u2713 Successfully dropped view: gms_bz_pg_group_membrshp
2025-12-19 13:52:39,948 - INFO - \u2713 Successfully dropped view: gms_cnst_cdi_smry_fr_pa_dm
2025-12-19 13:52:41,289 - INFO - \u2713 Successfully dropped view: gms_cnst_cdi_smry_fr_prfr
2025-12-19 13:52:42,593 - INFO - \u2713 Successfully dropped view: gms_cnst_cdi_smry_fr_prfr_src
2025-12-19 13:52:43,905 - INFO - \u2713 Successfully dropped view: gms_frfbz_dim_tag
2025-12-19 13:52:45,223 - INFO - \u2713 Successfully dropped view: gms_pg_group_membrshp_src
2025-12-19 13:52:46,540 - INFO - \u2713 Successfully dropped view: gms_sf_acct_contct_brdg
2025-12-19 13:52:47,862 - INFO - \u2713 Successfully dropped view: lkp_adb_intrctn_status_dsc
2025-12-19 13:52:49,249 - INFO - \u2713 Successfully dropped view: mktg_sky_dates
2025-12-19 13:52:50,548 - INFO - \u2713 Successfully dropped view: nhqmktg_cdrp_enrllmnt_sts
2025-12-19 13:52:51,857 - INFO - \u2713 Successfully dropped view: pacific_east_email_append
2025-12-19 13:52:53,178 - INFO - \u2713 Successfully dropped view: pbi_bzl_fact_show_prodctv_ind
2025-12-19 13:52:54,626 - INFO - \u2713 Successfully dropped view: pbi_entrprs_campgn_comnts
2025-12-19 13:52:55,955 - INFO - \u2713 Successfully dropped view: pbi_entrprs_campgn_results
2025-12-19 13:52:57,273 - INFO - \u2713 Successfully dropped view: pbi_entrprs_campgn_smry
2025-12-19 13:52:58,632 - INFO - \u2713 Successfully dropped view: phone_interaction_eoc
2025-12-19 13:52:59,962 - INFO - \u2713 Successfully dropped view: phone_interaction_pg_eoc
2025-12-19 13:53:01,273 - INFO - \u2713 Successfully dropped view: rr_rqq_rql_file_xref
2025-12-19 13:53:02,604 - INFO - \u2713 Successfully dropped view: rr_rqq_rql_file_xref_mtvtn_cd
2025-12-19 13:53:04,028 - INFO - \u2713 Successfully dropped view: scr_val_ref
2025-12-19 13:53:05,398 - INFO - \u2713 Successfully dropped view: srvy_anvrsry_vlntr_questions
2025-12-19 13:53:06,768 - INFO - \u2713 Successfully dropped view: srvy_anvrsry_vlntr_questn_2_srvy_xref
2025-12-19 13:53:08,131 - INFO - \u2713 Successfully dropped view: srvy_anvrsry_vlntr_rspns_norm
2025-12-19 13:53:09,660 - INFO - \u2713 Successfully dropped view: srvy_anvrsry_vlntr_rspns_txt_norm
2025-12-19 13:53:11,191 - INFO - \u2713 Successfully dropped view: srvy_anvrsry_vlntr_survey
2025-12-19 13:53:12,551 - INFO - \u2713 Successfully dropped view: srvy_anvrsry_vlntr_values
2025-12-19 13:53:13,959 - INFO - \u2713 Successfully dropped view: srvy_anvrsy_vlntr_rspns
2025-12-19 13:53:15,296 - INFO - \u2713 Successfully dropped view: srvy_anvrsy_vlntr_rspns_all
2025-12-19 13:53:16,587 - INFO - \u2713 Successfully dropped view: srvy_blood_sponsor
2025-12-19 13:53:17,935 - INFO - \u2713 Successfully dropped view: srvy_blood_sponsor_questn_2_srvy_xref
2025-12-19 13:53:19,358 - INFO - \u2713 Successfully dropped view: srvy_blood_sponsor_rspns
2025-12-19 13:53:20,732 - INFO - \u2713 Successfully dropped view: srvy_blood_sponsor_survey
2025-12-19 13:53:22,166 - INFO - \u2713 Successfully dropped view: srvy_blood_sponsor_values
2025-12-19 13:53:23,685 - INFO - \u2713 Successfully dropped view: srvy_gplg_rspns_ss
2025-12-19 13:53:25,070 - INFO - \u2713 Successfully dropped view: srvy_hsptl_customer_contact
2025-12-19 13:53:26,346 - INFO - \u2713 Successfully dropped view: srvy_hsptl_periods_hst
2025-12-19 13:53:26,364 - INFO - Progress: 250/280 view(s) processed
2025-12-19 13:53:27,664 - INFO - \u2713 Successfully dropped view: srvy_hsptl_questions
2025-12-19 13:53:29,006 - INFO - \u2713 Successfully dropped view: srvy_hsptl_questions_hst
2025-12-19 13:53:30,472 - INFO - \u2713 Successfully dropped view: srvy_hsptl_questn_2_srvy_xref
2025-12-19 13:53:31,842 - INFO - \u2713 Successfully dropped view: srvy_hsptl_questn_catgry
2025-12-19 13:53:33,152 - INFO - \u2713 Successfully dropped view: srvy_hsptl_respondents
2025-12-19 13:53:34,884 - INFO - \u2713 Successfully dropped view: srvy_hsptl_respondents_hst
2025-12-19 13:53:36,199 - INFO - \u2713 Successfully dropped view: srvy_hsptl_rspns
2025-12-19 13:53:37,541 - INFO - \u2713 Successfully dropped view: srvy_hsptl_rspns_hst
2025-12-19 13:53:38,917 - INFO - \u2713 Successfully dropped view: srvy_hsptl_rspns_txt
2025-12-19 13:53:40,474 - INFO - \u2713 Successfully dropped view: srvy_hsptl_sf_contact
2025-12-19 13:53:41,815 - INFO - \u2713 Successfully dropped view: srvy_hsptl_survey
2025-12-19 13:53:43,162 - INFO - \u2713 Successfully dropped view: srvy_hsptl_survey_hst
2025-12-19 13:53:44,426 - INFO - \u2713 Successfully dropped view: srvy_hsptl_values
2025-12-19 13:53:45,792 - INFO - \u2713 Successfully dropped view: srvy_hsptl_values_hst
2025-12-19 13:53:47,077 - INFO - \u2713 Successfully dropped view: srvy_new_vlntr_los
2025-12-19 13:53:48,416 - INFO - \u2713 Successfully dropped view: srvy_new_vlntr_questions
2025-12-19 13:53:49,759 - INFO - \u2713 Successfully dropped view: srvy_new_vlntr_questn_2_srvy_xref
2025-12-19 13:53:51,124 - INFO - \u2713 Successfully dropped view: srvy_new_vlntr_rspns_norm
2025-12-19 13:53:52,744 - INFO - \u2713 Successfully dropped view: srvy_new_vlntr_rspns_txt_norm
2025-12-19 13:53:54,048 - INFO - \u2713 Successfully dropped view: srvy_new_vlntr_survey
2025-12-19 13:53:55,346 - INFO - \u2713 Successfully dropped view: srvy_new_vlntr_values
2025-12-19 13:53:56,653 - INFO - \u2713 Successfully dropped view: srvy_vlntr_anvrsry_los
2025-12-19 13:53:57,980 - INFO - \u2713 Successfully dropped view: srvy_vlntr_geogrphy_taxo
2025-12-19 13:53:59,457 - INFO - \u2713 Successfully dropped view: srvy_vlntr_los
2025-12-19 13:54:00,784 - INFO - \u2713 Successfully dropped view: suprsn_ts_cnst
2025-12-19 13:54:02,121 - INFO - \u2713 Successfully dropped view: suprsn_ts_cnst_test
2025-12-19 13:54:03,499 - INFO - \u2713 Successfully dropped view: suspect_domains
2025-12-19 13:54:04,824 - INFO - \u2713 Successfully dropped view: vaidity_email_valdtn
2025-12-19 13:54:06,152 - INFO - \u2713 Successfully dropped view: vcn_smry_intake
2025-12-19 13:54:07,679 - INFO - \u2713 Successfully dropped view: vms_sta_indivs
2025-12-19 13:54:09,043 - INFO - \u2713 Successfully dropped view: vms_sta_orgs
2025-12-19 13:54:09,055 - INFO - ================================================================================
2025-12-19 13:54:09,055 - INFO - DROP OPERATION SUMMARY
2025-12-19 13:54:09,055 - INFO - ================================================================================
2025-12-19 13:54:09,055 - INFO - Object Type: VIEW
2025-12-19 13:54:09,055 - INFO - Total Objects: 280
2025-12-19 13:54:09,055 - INFO - Successfully Dropped: 280
2025-12-19 13:54:09,055 - INFO - Failed: 0
2025-12-19 13:54:09,058 - INFO - Success Rate: 100.00%
2025-12-19 13:54:09,058 - INFO - Drop summary saved to: d:\Create_Fetch_Python_Code\database_object_migration\Create_Object_Output\View\mktg_ops_vws_views_20251219_134714_dropped_summary.csv
2025-12-19 13:54:09,058 - INFO - ================================================================================
2025-12-19 13:54:09,063 - INFO - Connection closed. Drop script execution completed.
