2026-01-15 19:55:25,358 - INFO - User selected environment: TEST
2026-01-15 19:55:25,359 - INFO - User selected object type: VIEW
2026-01-15 19:55:25,361 - INFO - User selected schema: mktg_ops_vws
2026-01-15 19:55:25,362 - INFO - User selected mode: ALL
2026-01-15 19:55:40,655 - INFO - Successfully connected to Redshift TEST: redshift.test.datahub.redcross.net
2026-01-15 19:55:41,439 - INFO - Fetched 198 relations from schema mktg_ops_vws
2026-01-15 19:55:41,814 - INFO - Saved DDL for bzl_cnst_mstr_fsa_acct_cntct to D:\Create_Fetch_Python_Code\database_object_migration_v3\database_object_migration\Fetch_Object_Output\View\mktg_ops_vws_20260115_1955\bzl_cnst_mstr_fsa_acct_cntct.sql
2026-01-15 19:55:42,191 - INFO - Saved DDL for pbi_sales_pricing_budget to D:\Create_Fetch_Python_Code\database_object_migration_v3\database_object_migration\Fetch_Object_Output\View\mktg_ops_vws_20260115_1955\pbi_sales_pricing_budget.sql
2026-01-15 19:55:42,578 - INFO - Saved DDL for prodct_distrbtn_bdgt to D:\Create_Fetch_Python_Code\database_object_migration_v3\database_object_migration\Fetch_Object_Output\View\mktg_ops_vws_20260115_1955\prodct_distrbtn_bdgt.sql
2026-01-15 19:55:42,951 - INFO - Saved DDL for pbi_bzl_fact_show_prodctv_ind to D:\Create_Fetch_Python_Code\database_object_migration_v3\database_object_migration\Fetch_Object_Output\View\mktg_ops_vws_20260115_1955\pbi_bzl_fact_show_prodctv_ind.sql
2026-01-15 19:55:43,332 - INFO - Saved DDL for cnst_cdi_smry_bio_prfr to D:\Create_Fetch_Python_Code\database_object_migration_v3\database_object_migration\Fetch_Object_Output\View\mktg_ops_vws_20260115_1955\cnst_cdi_smry_bio_prfr.sql
2026-01-15 19:55:43,715 - INFO - Saved DDL for bz_geo_zip_code_to_chapter to D:\Create_Fetch_Python_Code\database_object_migration_v3\database_object_migration\Fetch_Object_Output\View\mktg_ops_vws_20260115_1955\bz_geo_zip_code_to_chapter.sql
2026-01-15 19:55:44,112 - INFO - Saved DDL for bz_dim_unit to D:\Create_Fetch_Python_Code\database_object_migration_v3\database_object_migration\Fetch_Object_Output\View\mktg_ops_vws_20260115_1955\bz_dim_unit.sql
2026-01-15 19:55:44,518 - INFO - Saved DDL for cnst_mstr_id_map to D:\Create_Fetch_Python_Code\database_object_migration_v3\database_object_migration\Fetch_Object_Output\View\mktg_ops_vws_20260115_1955\cnst_mstr_id_map.sql
2026-01-15 19:55:44,900 - INFO - Saved DDL for bz_dim_appt_typ to D:\Create_Fetch_Python_Code\database_object_migration_v3\database_object_migration\Fetch_Object_Output\View\mktg_ops_vws_20260115_1955\bz_dim_appt_typ.sql
2026-01-15 19:55:45,293 - INFO - Saved DDL for bzf_cem_cnst_opt_outs to D:\Create_Fetch_Python_Code\database_object_migration_v3\database_object_migration\Fetch_Object_Output\View\mktg_ops_vws_20260115_1955\bzf_cem_cnst_opt_outs.sql
2026-01-15 19:55:45,686 - INFO - Saved DDL for bzfc_cnst_cdi_phss_email_prfl to D:\Create_Fetch_Python_Code\database_object_migration_v3\database_object_migration\Fetch_Object_Output\View\mktg_ops_vws_20260115_1955\bzfc_cnst_cdi_phss_email_prfl.sql
2026-01-15 19:55:46,084 - INFO - Saved DDL for dim_unit to D:\Create_Fetch_Python_Code\database_object_migration_v3\database_object_migration\Fetch_Object_Output\View\mktg_ops_vws_20260115_1955\dim_unit.sql
2026-01-15 19:55:46,488 - INFO - Saved DDL for dim_unit_merged to D:\Create_Fetch_Python_Code\database_object_migration_v3\database_object_migration\Fetch_Object_Output\View\mktg_ops_vws_20260115_1955\dim_unit_merged.sql
2026-01-15 19:55:46,900 - INFO - Saved DDL for bz_grp_mbrshp to D:\Create_Fetch_Python_Code\database_object_migration_v3\database_object_migration\Fetch_Object_Output\View\mktg_ops_vws_20260115_1955\bz_grp_mbrshp.sql
2026-01-15 19:55:47,294 - INFO - Saved DDL for gmpbz_dim_gift_stg to D:\Create_Fetch_Python_Code\database_object_migration_v3\database_object_migration\Fetch_Object_Output\View\mktg_ops_vws_20260115_1955\gmpbz_dim_gift_stg.sql
2026-01-15 19:55:47,675 - INFO - Saved DDL for gmpbz_dim_giftran to D:\Create_Fetch_Python_Code\database_object_migration_v3\database_object_migration\Fetch_Object_Output\View\mktg_ops_vws_20260115_1955\gmpbz_dim_giftran.sql
2026-01-15 19:55:48,060 - INFO - Saved DDL for gmpbz_dim_giftran_typ to D:\Create_Fetch_Python_Code\database_object_migration_v3\database_object_migration\Fetch_Object_Output\View\mktg_ops_vws_20260115_1955\gmpbz_dim_giftran_typ.sql
2026-01-15 19:55:48,453 - INFO - Saved DDL for gmpbz_gift_addr to D:\Create_Fetch_Python_Code\database_object_migration_v3\database_object_migration\Fetch_Object_Output\View\mktg_ops_vws_20260115_1955\gmpbz_gift_addr.sql
2026-01-15 19:55:48,862 - INFO - Saved DDL for gmpbz_gift_premium to D:\Create_Fetch_Python_Code\database_object_migration_v3\database_object_migration\Fetch_Object_Output\View\mktg_ops_vws_20260115_1955\gmpbz_gift_premium.sql
2026-01-15 19:55:49,243 - INFO - Saved DDL for gmpbz_gift_sku to D:\Create_Fetch_Python_Code\database_object_migration_v3\database_object_migration\Fetch_Object_Output\View\mktg_ops_vws_20260115_1955\gmpbz_gift_sku.sql
2026-01-15 19:55:49,639 - INFO - Saved DDL for fact_atg_order_line to D:\Create_Fetch_Python_Code\database_object_migration_v3\database_object_migration\Fetch_Object_Output\View\mktg_ops_vws_20260115_1955\fact_atg_order_line.sql
2026-01-15 19:55:50,019 - INFO - Saved DDL for bz_email_src_cd to D:\Create_Fetch_Python_Code\database_object_migration_v3\database_object_migration\Fetch_Object_Output\View\mktg_ops_vws_20260115_1955\bz_email_src_cd.sql
2026-01-15 19:55:50,401 - INFO - Saved DDL for bz_gms_arc_fr_txn_segmnt to D:\Create_Fetch_Python_Code\database_object_migration_v3\database_object_migration\Fetch_Object_Output\View\mktg_ops_vws_20260115_1955\bz_gms_arc_fr_txn_segmnt.sql
2026-01-15 19:55:50,785 - INFO - Saved DDL for bz_rr_dm_srccd_aprm_cellcd to D:\Create_Fetch_Python_Code\database_object_migration_v3\database_object_migration\Fetch_Object_Output\View\mktg_ops_vws_20260115_1955\bz_rr_dm_srccd_aprm_cellcd.sql
2026-01-15 19:55:51,166 - INFO - Saved DDL for gmpbz_dim_vendor to D:\Create_Fetch_Python_Code\database_object_migration_v3\database_object_migration\Fetch_Object_Output\View\mktg_ops_vws_20260115_1955\gmpbz_dim_vendor.sql
2026-01-15 19:55:51,553 - INFO - Saved DDL for gmpbz_dim_dntn_chan to D:\Create_Fetch_Python_Code\database_object_migration_v3\database_object_migration\Fetch_Object_Output\View\mktg_ops_vws_20260115_1955\gmpbz_dim_dntn_chan.sql
2026-01-15 19:55:51,936 - INFO - Saved DDL for cnst_cdi_smry_vms_prfr to D:\Create_Fetch_Python_Code\database_object_migration_v3\database_object_migration\Fetch_Object_Output\View\mktg_ops_vws_20260115_1955\cnst_cdi_smry_vms_prfr.sql
2026-01-15 19:55:52,325 - INFO - Saved DDL for arc_biomed_txn to D:\Create_Fetch_Python_Code\database_object_migration_v3\database_object_migration\Fetch_Object_Output\View\mktg_ops_vws_20260115_1955\arc_biomed_txn.sql
2026-01-15 19:55:52,730 - INFO - Saved DDL for arc_biomed_smry to D:\Create_Fetch_Python_Code\database_object_migration_v3\database_object_migration\Fetch_Object_Output\View\mktg_ops_vws_20260115_1955\arc_biomed_smry.sql
2026-01-15 19:55:53,133 - INFO - Saved DDL for arc_vms_smry to D:\Create_Fetch_Python_Code\database_object_migration_v3\database_object_migration\Fetch_Object_Output\View\mktg_ops_vws_20260115_1955\arc_vms_smry.sql
2026-01-15 19:55:53,528 - INFO - Saved DDL for arc_vms_txn to D:\Create_Fetch_Python_Code\database_object_migration_v3\database_object_migration\Fetch_Object_Output\View\mktg_ops_vws_20260115_1955\arc_vms_txn.sql
2026-01-15 19:55:54,211 - INFO - Saved DDL for atg_order_registrants to D:\Create_Fetch_Python_Code\database_object_migration_v3\database_object_migration\Fetch_Object_Output\View\mktg_ops_vws_20260115_1955\atg_order_registrants.sql
2026-01-15 19:55:54,587 - INFO - Saved DDL for atg_registrants to D:\Create_Fetch_Python_Code\database_object_migration_v3\database_object_migration\Fetch_Object_Output\View\mktg_ops_vws_20260115_1955\atg_registrants.sql
2026-01-15 19:55:54,966 - INFO - Saved DDL for bzf_cem_fr_cnst_loc_prefs to D:\Create_Fetch_Python_Code\database_object_migration_v3\database_object_migration\Fetch_Object_Output\View\mktg_ops_vws_20260115_1955\bzf_cem_fr_cnst_loc_prefs.sql
2026-01-15 19:55:55,351 - INFO - Saved DDL for bzfc_dim_unit_merged to D:\Create_Fetch_Python_Code\database_object_migration_v3\database_object_migration\Fetch_Object_Output\View\mktg_ops_vws_20260115_1955\bzfc_dim_unit_merged.sql
2026-01-15 19:55:55,732 - INFO - Saved DDL for bzfc_fact_email_interaction to D:\Create_Fetch_Python_Code\database_object_migration_v3\database_object_migration\Fetch_Object_Output\View\mktg_ops_vws_20260115_1955\bzfc_fact_email_interaction.sql
2026-01-15 19:55:56,121 - INFO - Saved DDL for cnst_addr_ncoa_log to D:\Create_Fetch_Python_Code\database_object_migration_v3\database_object_migration\Fetch_Object_Output\View\mktg_ops_vws_20260115_1955\cnst_addr_ncoa_log.sql
2026-01-15 19:55:57,719 - INFO - Saved DDL for cnst_sturt_lst_affl to D:\Create_Fetch_Python_Code\database_object_migration_v3\database_object_migration\Fetch_Object_Output\View\mktg_ops_vws_20260115_1955\cnst_sturt_lst_affl.sql
2026-01-15 19:55:58,175 - INFO - Saved DDL for geo_zip_code_to_chapter to D:\Create_Fetch_Python_Code\database_object_migration_v3\database_object_migration\Fetch_Object_Output\View\mktg_ops_vws_20260115_1955\geo_zip_code_to_chapter.sql
2026-01-15 19:55:58,567 - INFO - Saved DDL for gmpbz_chpt_cnst_cnstcy to D:\Create_Fetch_Python_Code\database_object_migration_v3\database_object_migration\Fetch_Object_Output\View\mktg_ops_vws_20260115_1955\gmpbz_chpt_cnst_cnstcy.sql
2026-01-15 19:55:58,950 - INFO - Saved DDL for gmpbz_cnst_comnictn_email to D:\Create_Fetch_Python_Code\database_object_migration_v3\database_object_migration\Fetch_Object_Output\View\mktg_ops_vws_20260115_1955\gmpbz_cnst_comnictn_email.sql
2026-01-15 19:55:59,340 - INFO - Saved DDL for gmpbz_dim_arcpg_amt_typ to D:\Create_Fetch_Python_Code\database_object_migration_v3\database_object_migration\Fetch_Object_Output\View\mktg_ops_vws_20260115_1955\gmpbz_dim_arcpg_amt_typ.sql
2026-01-15 19:55:59,714 - INFO - Saved DDL for gmpbz_dim_arcpg_chan_typ to D:\Create_Fetch_Python_Code\database_object_migration_v3\database_object_migration\Fetch_Object_Output\View\mktg_ops_vws_20260115_1955\gmpbz_dim_arcpg_chan_typ.sql
2026-01-15 19:56:00,098 - INFO - Saved DDL for gmpbz_dim_arcpg_comnictn_typ to D:\Create_Fetch_Python_Code\database_object_migration_v3\database_object_migration\Fetch_Object_Output\View\mktg_ops_vws_20260115_1955\gmpbz_dim_arcpg_comnictn_typ.sql
2026-01-15 19:56:00,490 - INFO - Saved DDL for gmpbz_dim_arcpg_response_typ to D:\Create_Fetch_Python_Code\database_object_migration_v3\database_object_migration\Fetch_Object_Output\View\mktg_ops_vws_20260115_1955\gmpbz_dim_arcpg_response_typ.sql
2026-01-15 19:56:00,872 - INFO - Saved DDL for gmpbz_dim_arcpg_src to D:\Create_Fetch_Python_Code\database_object_migration_v3\database_object_migration\Fetch_Object_Output\View\mktg_ops_vws_20260115_1955\gmpbz_dim_arcpg_src.sql
2026-01-15 19:56:01,256 - INFO - Saved DDL for gmpbz_dim_comnictn to D:\Create_Fetch_Python_Code\database_object_migration_v3\database_object_migration\Fetch_Object_Output\View\mktg_ops_vws_20260115_1955\gmpbz_dim_comnictn.sql
2026-01-15 19:56:01,638 - INFO - Saved DDL for gmpbz_dim_dollar_tier to D:\Create_Fetch_Python_Code\database_object_migration_v3\database_object_migration\Fetch_Object_Output\View\mktg_ops_vws_20260115_1955\gmpbz_dim_dollar_tier.sql
2026-01-15 19:56:02,020 - INFO - Saved DDL for gmpbz_dim_fund to D:\Create_Fetch_Python_Code\database_object_migration_v3\database_object_migration\Fetch_Object_Output\View\mktg_ops_vws_20260115_1955\gmpbz_dim_fund.sql
2026-01-15 19:56:02,396 - INFO - Saved DDL for gmpbz_dim_intrctn_typ to D:\Create_Fetch_Python_Code\database_object_migration_v3\database_object_migration\Fetch_Object_Output\View\mktg_ops_vws_20260115_1955\gmpbz_dim_intrctn_typ.sql
2026-01-15 19:56:02,781 - INFO - Saved DDL for gmpbz_dim_merchant to D:\Create_Fetch_Python_Code\database_object_migration_v3\database_object_migration\Fetch_Object_Output\View\mktg_ops_vws_20260115_1955\gmpbz_dim_merchant.sql
2026-01-15 19:56:03,171 - INFO - Saved DDL for gmpbz_dim_pmt_mthd to D:\Create_Fetch_Python_Code\database_object_migration_v3\database_object_migration\Fetch_Object_Output\View\mktg_ops_vws_20260115_1955\gmpbz_dim_pmt_mthd.sql
2026-01-15 19:56:03,563 - INFO - Saved DDL for gmpbz_dim_prog to D:\Create_Fetch_Python_Code\database_object_migration_v3\database_object_migration\Fetch_Object_Output\View\mktg_ops_vws_20260115_1955\gmpbz_dim_prog.sql
2026-01-15 19:56:03,961 - INFO - Saved DDL for gmpbz_dim_rgnrt_reason to D:\Create_Fetch_Python_Code\database_object_migration_v3\database_object_migration\Fetch_Object_Output\View\mktg_ops_vws_20260115_1955\gmpbz_dim_rgnrt_reason.sql
2026-01-15 19:56:04,345 - INFO - Saved DDL for gmpbz_dim_src to D:\Create_Fetch_Python_Code\database_object_migration_v3\database_object_migration\Fetch_Object_Output\View\mktg_ops_vws_20260115_1955\gmpbz_dim_src.sql
2026-01-15 19:56:04,762 - INFO - Saved DDL for gmpbz_dim_sustnr_typ to D:\Create_Fetch_Python_Code\database_object_migration_v3\database_object_migration\Fetch_Object_Output\View\mktg_ops_vws_20260115_1955\gmpbz_dim_sustnr_typ.sql
2026-01-15 19:56:05,147 - INFO - Saved DDL for gmpbz_fact_arcpg_cnst_comnictn to D:\Create_Fetch_Python_Code\database_object_migration_v3\database_object_migration\Fetch_Object_Output\View\mktg_ops_vws_20260115_1955\gmpbz_fact_arcpg_cnst_comnictn.sql
2026-01-15 19:56:05,527 - INFO - Saved DDL for gms_arc_fr_smry to D:\Create_Fetch_Python_Code\database_object_migration_v3\database_object_migration\Fetch_Object_Output\View\mktg_ops_vws_20260115_1955\gms_arc_fr_smry.sql
2026-01-15 19:56:05,911 - INFO - Saved DDL for gms_arc_fr_txn to D:\Create_Fetch_Python_Code\database_object_migration_v3\database_object_migration\Fetch_Object_Output\View\mktg_ops_vws_20260115_1955\gms_arc_fr_txn.sql
2026-01-15 19:56:06,294 - INFO - Saved DDL for gms_bzf_cnst_cnstcy_curnt to D:\Create_Fetch_Python_Code\database_object_migration_v3\database_object_migration\Fetch_Object_Output\View\mktg_ops_vws_20260115_1955\gms_bzf_cnst_cnstcy_curnt.sql
2026-01-15 19:56:06,685 - INFO - Saved DDL for gms_cnst_cdi_smry_fr_pa_dm to D:\Create_Fetch_Python_Code\database_object_migration_v3\database_object_migration\Fetch_Object_Output\View\mktg_ops_vws_20260115_1955\gms_cnst_cdi_smry_fr_pa_dm.sql
2026-01-15 19:56:07,062 - INFO - Saved DDL for gmpbzal_dim_fund to D:\Create_Fetch_Python_Code\database_object_migration_v3\database_object_migration\Fetch_Object_Output\View\mktg_ops_vws_20260115_1955\gmpbzal_dim_fund.sql
2026-01-15 19:56:07,449 - INFO - Saved DDL for bz_cnst_mstr to D:\Create_Fetch_Python_Code\database_object_migration_v3\database_object_migration\Fetch_Object_Output\View\mktg_ops_vws_20260115_1955\bz_cnst_mstr.sql
2026-01-15 19:56:07,842 - INFO - Saved DDL for gms_arc_fr_txn_sustnr to D:\Create_Fetch_Python_Code\database_object_migration_v3\database_object_migration\Fetch_Object_Output\View\mktg_ops_vws_20260115_1955\gms_arc_fr_txn_sustnr.sql
2026-01-15 19:56:08,851 - INFO - Saved DDL for gms_cnst_cdi_smry_fr_prfr to D:\Create_Fetch_Python_Code\database_object_migration_v3\database_object_migration\Fetch_Object_Output\View\mktg_ops_vws_20260115_1955\gms_cnst_cdi_smry_fr_prfr.sql
2026-01-15 19:56:09,240 - INFO - Saved DDL for bzf_cnst_chrctrstc_simio to D:\Create_Fetch_Python_Code\database_object_migration_v3\database_object_migration\Fetch_Object_Output\View\mktg_ops_vws_20260115_1955\bzf_cnst_chrctrstc_simio.sql
2026-01-15 19:56:09,631 - INFO - Saved DDL for bz_cnst_birth_best to D:\Create_Fetch_Python_Code\database_object_migration_v3\database_object_migration\Fetch_Object_Output\View\mktg_ops_vws_20260115_1955\bz_cnst_birth_best.sql
2026-01-15 19:56:10,029 - INFO - Saved DDL for bz_cnst_gender_best to D:\Create_Fetch_Python_Code\database_object_migration_v3\database_object_migration\Fetch_Object_Output\View\mktg_ops_vws_20260115_1955\bz_cnst_gender_best.sql
2026-01-15 19:56:10,425 - INFO - Saved DDL for bzf_cnst_scr_simio to D:\Create_Fetch_Python_Code\database_object_migration_v3\database_object_migration\Fetch_Object_Output\View\mktg_ops_vws_20260115_1955\bzf_cnst_scr_simio.sql
2026-01-15 19:56:10,812 - INFO - Saved DDL for dim_age_band to D:\Create_Fetch_Python_Code\database_object_migration_v3\database_object_migration\Fetch_Object_Output\View\mktg_ops_vws_20260115_1955\dim_age_band.sql
2026-01-15 19:56:11,203 - INFO - Saved DDL for bzf_cnst_scr to D:\Create_Fetch_Python_Code\database_object_migration_v3\database_object_migration\Fetch_Object_Output\View\mktg_ops_vws_20260115_1955\bzf_cnst_scr.sql
2026-01-15 19:56:11,593 - INFO - Saved DDL for bzf_cnst_chrctrstc to D:\Create_Fetch_Python_Code\database_object_migration_v3\database_object_migration\Fetch_Object_Output\View\mktg_ops_vws_20260115_1955\bzf_cnst_chrctrstc.sql
2026-01-15 19:56:13,013 - INFO - Saved DDL for bz_dim_edrtl_response_period to D:\Create_Fetch_Python_Code\database_object_migration_v3\database_object_migration\Fetch_Object_Output\View\mktg_ops_vws_20260115_1955\bz_dim_edrtl_response_period.sql
2026-01-15 19:56:13,393 - INFO - Saved DDL for bz_arc_fr_smry_rco_first_tm to D:\Create_Fetch_Python_Code\database_object_migration_v3\database_object_migration\Fetch_Object_Output\View\mktg_ops_vws_20260115_1955\bz_arc_fr_smry_rco_first_tm.sql
2026-01-15 19:56:13,765 - INFO - Saved DDL for bz_dim_cnst_demographic to D:\Create_Fetch_Python_Code\database_object_migration_v3\database_object_migration\Fetch_Object_Output\View\mktg_ops_vws_20260115_1955\bz_dim_cnst_demographic.sql
2026-01-15 19:56:15,177 - INFO - Saved DDL for gms_arc_fr_smry_sustnr to D:\Create_Fetch_Python_Code\database_object_migration_v3\database_object_migration\Fetch_Object_Output\View\mktg_ops_vws_20260115_1955\gms_arc_fr_smry_sustnr.sql
2026-01-15 19:56:15,559 - INFO - Saved DDL for bz_aprm_email_bncd to D:\Create_Fetch_Python_Code\database_object_migration_v3\database_object_migration\Fetch_Object_Output\View\mktg_ops_vws_20260115_1955\bz_aprm_email_bncd.sql
2026-01-15 19:56:15,942 - INFO - Saved DDL for bz_aprm_email_sent to D:\Create_Fetch_Python_Code\database_object_migration_v3\database_object_migration\Fetch_Object_Output\View\mktg_ops_vws_20260115_1955\bz_aprm_email_sent.sql
2026-01-15 19:56:16,329 - INFO - Saved DDL for bz_aprm_email_opened to D:\Create_Fetch_Python_Code\database_object_migration_v3\database_object_migration\Fetch_Object_Output\View\mktg_ops_vws_20260115_1955\bz_aprm_email_opened.sql
2026-01-15 19:56:16,709 - INFO - Saved DDL for bz_aprm_email_lnk_clkd to D:\Create_Fetch_Python_Code\database_object_migration_v3\database_object_migration\Fetch_Object_Output\View\mktg_ops_vws_20260115_1955\bz_aprm_email_lnk_clkd.sql
2026-01-15 19:56:17,091 - INFO - Saved DDL for bz_aprm_email_remove to D:\Create_Fetch_Python_Code\database_object_migration_v3\database_object_migration\Fetch_Object_Output\View\mktg_ops_vws_20260115_1955\bz_aprm_email_remove.sql
2026-01-15 19:56:17,472 - INFO - Saved DDL for bz_aprm_wb_apnd_prfrnc_cntr to D:\Create_Fetch_Python_Code\database_object_migration_v3\database_object_migration\Fetch_Object_Output\View\mktg_ops_vws_20260115_1955\bz_aprm_wb_apnd_prfrnc_cntr.sql
2026-01-15 19:56:17,853 - INFO - Saved DDL for bz_pg_src_convrsn to D:\Create_Fetch_Python_Code\database_object_migration_v3\database_object_migration\Fetch_Object_Output\View\mktg_ops_vws_20260115_1955\bz_pg_src_convrsn.sql
2026-01-15 19:56:18,249 - INFO - Saved DDL for bz_dim_phone_campgn to D:\Create_Fetch_Python_Code\database_object_migration_v3\database_object_migration\Fetch_Object_Output\View\mktg_ops_vws_20260115_1955\bz_dim_phone_campgn.sql
2026-01-15 19:56:18,651 - INFO - Saved DDL for bz_dim_phone_script to D:\Create_Fetch_Python_Code\database_object_migration_v3\database_object_migration\Fetch_Object_Output\View\mktg_ops_vws_20260115_1955\bz_dim_phone_script.sql
2026-01-15 19:56:19,032 - INFO - Saved DDL for phone_interaction_eoc to D:\Create_Fetch_Python_Code\database_object_migration_v3\database_object_migration\Fetch_Object_Output\View\mktg_ops_vws_20260115_1955\phone_interaction_eoc.sql
2026-01-15 19:56:19,425 - INFO - Saved DDL for dim_calendar to D:\Create_Fetch_Python_Code\database_object_migration_v3\database_object_migration\Fetch_Object_Output\View\mktg_ops_vws_20260115_1955\dim_calendar.sql
2026-01-15 19:56:19,802 - INFO - Saved DDL for bz_dim_delivery to D:\Create_Fetch_Python_Code\database_object_migration_v3\database_object_migration\Fetch_Object_Output\View\mktg_ops_vws_20260115_1955\bz_dim_delivery.sql
2026-01-15 19:56:20,184 - INFO - Saved DDL for bz_aprm_wb_apnd_unsubs_rplc to D:\Create_Fetch_Python_Code\database_object_migration_v3\database_object_migration\Fetch_Object_Output\View\mktg_ops_vws_20260115_1955\bz_aprm_wb_apnd_unsubs_rplc.sql
2026-01-15 19:56:20,556 - INFO - Saved DDL for bz_aprm_wb_rplc_fr_prf_cntr_lt to D:\Create_Fetch_Python_Code\database_object_migration_v3\database_object_migration\Fetch_Object_Output\View\mktg_ops_vws_20260115_1955\bz_aprm_wb_rplc_fr_prf_cntr_lt.sql
2026-01-15 19:56:20,938 - INFO - Saved DDL for bzfc_email_append to D:\Create_Fetch_Python_Code\database_object_migration_v3\database_object_migration\Fetch_Object_Output\View\mktg_ops_vws_20260115_1955\bzfc_email_append.sql
2026-01-15 19:56:21,326 - INFO - Saved DDL for cnvo_cnst to D:\Create_Fetch_Python_Code\database_object_migration_v3\database_object_migration\Fetch_Object_Output\View\mktg_ops_vws_20260115_1955\cnvo_cnst.sql
2026-01-15 19:56:23,088 - INFO - Saved DDL for bzfc_fact_interaction_all to D:\Create_Fetch_Python_Code\database_object_migration_v3\database_object_migration\Fetch_Object_Output\View\mktg_ops_vws_20260115_1955\bzfc_fact_interaction_all.sql
2026-01-15 19:56:23,963 - INFO - Saved DDL for gms_bzfc_fact_ask to D:\Create_Fetch_Python_Code\database_object_migration_v3\database_object_migration\Fetch_Object_Output\View\mktg_ops_vws_20260115_1955\gms_bzfc_fact_ask.sql
2026-01-15 19:56:24,336 - INFO - Saved DDL for gms_sf_acct_contct_brdg to D:\Create_Fetch_Python_Code\database_object_migration_v3\database_object_migration\Fetch_Object_Output\View\mktg_ops_vws_20260115_1955\gms_sf_acct_contct_brdg.sql
2026-01-15 19:56:24,719 - INFO - Saved DDL for bz_adb_nmswebapp to D:\Create_Fetch_Python_Code\database_object_migration_v3\database_object_migration\Fetch_Object_Output\View\mktg_ops_vws_20260115_1955\bz_adb_nmswebapp.sql
2026-01-15 19:56:25,108 - INFO - Saved DDL for bz_adb_nmsdelivery to D:\Create_Fetch_Python_Code\database_object_migration_v3\database_object_migration\Fetch_Object_Output\View\mktg_ops_vws_20260115_1955\bz_adb_nmsdelivery.sql
2026-01-15 19:56:25,502 - INFO - Saved DDL for bz_adb_nmsrecipient to D:\Create_Fetch_Python_Code\database_object_migration_v3\database_object_migration\Fetch_Object_Output\View\mktg_ops_vws_20260115_1955\bz_adb_nmsrecipient.sql
2026-01-15 19:56:25,895 - INFO - Saved DDL for adb_nmsrecipient to D:\Create_Fetch_Python_Code\database_object_migration_v3\database_object_migration\Fetch_Object_Output\View\mktg_ops_vws_20260115_1955\adb_nmsrecipient.sql
2026-01-15 19:56:26,297 - INFO - Saved DDL for bz_adb_nmswebapplogrcpdata to D:\Create_Fetch_Python_Code\database_object_migration_v3\database_object_migration\Fetch_Object_Output\View\mktg_ops_vws_20260115_1955\bz_adb_nmswebapplogrcpdata.sql
2026-01-15 19:56:26,691 - INFO - Saved DDL for bzfc_arc_best_smry to D:\Create_Fetch_Python_Code\database_object_migration_v3\database_object_migration\Fetch_Object_Output\View\mktg_ops_vws_20260115_1955\bzfc_arc_best_smry.sql
2026-01-15 19:56:27,073 - INFO - Saved DDL for bzf_cnst_chrctrstc_arcpg to D:\Create_Fetch_Python_Code\database_object_migration_v3\database_object_migration\Fetch_Object_Output\View\mktg_ops_vws_20260115_1955\bzf_cnst_chrctrstc_arcpg.sql
2026-01-15 19:56:27,464 - INFO - Saved DDL for bzfc_fsa_ask to D:\Create_Fetch_Python_Code\database_object_migration_v3\database_object_migration\Fetch_Object_Output\View\mktg_ops_vws_20260115_1955\bzfc_fsa_ask.sql
2026-01-15 19:56:30,731 - INFO - Saved DDL for gms_pg_group_membrshp_src to D:\Create_Fetch_Python_Code\database_object_migration_v3\database_object_migration\Fetch_Object_Output\View\mktg_ops_vws_20260115_1955\gms_pg_group_membrshp_src.sql
2026-01-15 19:56:31,116 - INFO - Saved DDL for bzfc_cdi_bio_prfr_email_profile to D:\Create_Fetch_Python_Code\database_object_migration_v3\database_object_migration\Fetch_Object_Output\View\mktg_ops_vws_20260115_1955\bzfc_cdi_bio_prfr_email_profile.sql
2026-01-15 19:56:31,518 - INFO - Saved DDL for gmpbzal_dim_src to D:\Create_Fetch_Python_Code\database_object_migration_v3\database_object_migration\Fetch_Object_Output\View\mktg_ops_vws_20260115_1955\gmpbzal_dim_src.sql
2026-01-15 19:56:34,390 - INFO - Saved DDL for srvy_gplg_rspns_ss to D:\Create_Fetch_Python_Code\database_object_migration_v3\database_object_migration\Fetch_Object_Output\View\mktg_ops_vws_20260115_1955\srvy_gplg_rspns_ss.sql
2026-01-15 19:56:34,771 - INFO - Saved DDL for srvy_hsptl_questn_2_srvy_xref to D:\Create_Fetch_Python_Code\database_object_migration_v3\database_object_migration\Fetch_Object_Output\View\mktg_ops_vws_20260115_1955\srvy_hsptl_questn_2_srvy_xref.sql
2026-01-15 19:56:35,217 - INFO - Saved DDL for srvy_new_vlntr_questn_2_srvy_xref to D:\Create_Fetch_Python_Code\database_object_migration_v3\database_object_migration\Fetch_Object_Output\View\mktg_ops_vws_20260115_1955\srvy_new_vlntr_questn_2_srvy_xref.sql
2026-01-15 19:56:35,601 - INFO - Saved DDL for srvy_new_vlntr_survey to D:\Create_Fetch_Python_Code\database_object_migration_v3\database_object_migration\Fetch_Object_Output\View\mktg_ops_vws_20260115_1955\srvy_new_vlntr_survey.sql
2026-01-15 19:56:35,987 - INFO - Saved DDL for srvy_new_vlntr_values to D:\Create_Fetch_Python_Code\database_object_migration_v3\database_object_migration\Fetch_Object_Output\View\mktg_ops_vws_20260115_1955\srvy_new_vlntr_values.sql
2026-01-15 19:56:36,378 - INFO - Saved DDL for gmpbz_dim_gl_fcc to D:\Create_Fetch_Python_Code\database_object_migration_v3\database_object_migration\Fetch_Object_Output\View\mktg_ops_vws_20260115_1955\gmpbz_dim_gl_fcc.sql
2026-01-15 19:56:36,765 - INFO - Saved DDL for bz_cnst_fsa_acqstn to D:\Create_Fetch_Python_Code\database_object_migration_v3\database_object_migration\Fetch_Object_Output\View\mktg_ops_vws_20260115_1955\bz_cnst_fsa_acqstn.sql
2026-01-15 19:56:37,154 - INFO - Saved DDL for bzfc_fsa_cnst_indv_cntct_prefc to D:\Create_Fetch_Python_Code\database_object_migration_v3\database_object_migration\Fetch_Object_Output\View\mktg_ops_vws_20260115_1955\bzfc_fsa_cnst_indv_cntct_prefc.sql
2026-01-15 19:56:38,881 - INFO - Saved DDL for bzfc_trigrd_campgn_smry to D:\Create_Fetch_Python_Code\database_object_migration_v3\database_object_migration\Fetch_Object_Output\View\mktg_ops_vws_20260115_1955\bzfc_trigrd_campgn_smry.sql
2026-01-15 19:56:39,265 - INFO - Saved DDL for dim_volunteer to D:\Create_Fetch_Python_Code\database_object_migration_v3\database_object_migration\Fetch_Object_Output\View\mktg_ops_vws_20260115_1955\dim_volunteer.sql
2026-01-15 19:56:39,650 - INFO - Saved DDL for actvty_vwthrgh to D:\Create_Fetch_Python_Code\database_object_migration_v3\database_object_migration\Fetch_Object_Output\View\mktg_ops_vws_20260115_1955\actvty_vwthrgh.sql
2026-01-15 19:56:40,027 - INFO - Saved DDL for dim_gl_acct to D:\Create_Fetch_Python_Code\database_object_migration_v3\database_object_migration\Fetch_Object_Output\View\mktg_ops_vws_20260115_1955\dim_gl_acct.sql
2026-01-15 19:56:42,078 - INFO - Saved DDL for srvy_new_vlntr_los to D:\Create_Fetch_Python_Code\database_object_migration_v3\database_object_migration\Fetch_Object_Output\View\mktg_ops_vws_20260115_1955\srvy_new_vlntr_los.sql
2026-01-15 19:56:43,114 - INFO - Saved DDL for srvy_vlntr_anvrsry_los to D:\Create_Fetch_Python_Code\database_object_migration_v3\database_object_migration\Fetch_Object_Output\View\mktg_ops_vws_20260115_1955\srvy_vlntr_anvrsry_los.sql
2026-01-15 19:56:43,499 - INFO - Saved DDL for srvy_vlntr_geogrphy_taxo to D:\Create_Fetch_Python_Code\database_object_migration_v3\database_object_migration\Fetch_Object_Output\View\mktg_ops_vws_20260115_1955\srvy_vlntr_geogrphy_taxo.sql
2026-01-15 19:56:43,882 - INFO - Saved DDL for bz_fund to D:\Create_Fetch_Python_Code\database_object_migration_v3\database_object_migration\Fetch_Object_Output\View\mktg_ops_vws_20260115_1955\bz_fund.sql
2026-01-15 19:56:44,281 - INFO - Saved DDL for bz_dim_zipcodes to D:\Create_Fetch_Python_Code\database_object_migration_v3\database_object_migration\Fetch_Object_Output\View\mktg_ops_vws_20260115_1955\bz_dim_zipcodes.sql
2026-01-15 19:56:44,672 - INFO - Saved DDL for bz_cnst_birth_pg to D:\Create_Fetch_Python_Code\database_object_migration_v3\database_object_migration\Fetch_Object_Output\View\mktg_ops_vws_20260115_1955\bz_cnst_birth_pg.sql
2026-01-15 19:56:45,053 - INFO - Saved DDL for cnvo_group_members to D:\Create_Fetch_Python_Code\database_object_migration_v3\database_object_migration\Fetch_Object_Output\View\mktg_ops_vws_20260115_1955\cnvo_group_members.sql
2026-01-15 19:56:45,459 - INFO - Saved DDL for bz_grp_ref to D:\Create_Fetch_Python_Code\database_object_migration_v3\database_object_migration\Fetch_Object_Output\View\mktg_ops_vws_20260115_1955\bz_grp_ref.sql
2026-01-15 19:56:45,831 - INFO - Saved DDL for bz_cnst_cnstcy_affn to D:\Create_Fetch_Python_Code\database_object_migration_v3\database_object_migration\Fetch_Object_Output\View\mktg_ops_vws_20260115_1955\bz_cnst_cnstcy_affn.sql
2026-01-15 19:56:46,209 - INFO - Saved DDL for arc_biomed_gender_race to D:\Create_Fetch_Python_Code\database_object_migration_v3\database_object_migration\Fetch_Object_Output\View\mktg_ops_vws_20260115_1955\arc_biomed_gender_race.sql
2026-01-15 19:56:47,609 - INFO - Saved DDL for bzfc_cnst_fr_prfr_flags to D:\Create_Fetch_Python_Code\database_object_migration_v3\database_object_migration\Fetch_Object_Output\View\mktg_ops_vws_20260115_1955\bzfc_cnst_fr_prfr_flags.sql
2026-01-15 19:56:47,972 - INFO - Saved DDL for bzfc_taxo_subscr_gplg to D:\Create_Fetch_Python_Code\database_object_migration_v3\database_object_migration\Fetch_Object_Output\View\mktg_ops_vws_20260115_1955\bzfc_taxo_subscr_gplg.sql
2026-01-15 19:56:48,343 - INFO - Saved DDL for bzfc_taxo_bio_collection_curr to D:\Create_Fetch_Python_Code\database_object_migration_v3\database_object_migration\Fetch_Object_Output\View\mktg_ops_vws_20260115_1955\bzfc_taxo_bio_collection_curr.sql
2026-01-15 19:56:48,730 - INFO - Saved DDL for bzf_cem_cnst_msg_pref to D:\Create_Fetch_Python_Code\database_object_migration_v3\database_object_migration\Fetch_Object_Output\View\mktg_ops_vws_20260115_1955\bzf_cem_cnst_msg_pref.sql
2026-01-15 19:56:49,100 - INFO - Saved DDL for dim_state to D:\Create_Fetch_Python_Code\database_object_migration_v3\database_object_migration\Fetch_Object_Output\View\mktg_ops_vws_20260115_1955\dim_state.sql
2026-01-15 19:56:49,468 - INFO - Saved DDL for bzl_vms_sta_shift_smry to D:\Create_Fetch_Python_Code\database_object_migration_v3\database_object_migration\Fetch_Object_Output\View\mktg_ops_vws_20260115_1955\bzl_vms_sta_shift_smry.sql
2026-01-15 19:56:49,847 - INFO - Saved DDL for bzfc_sponsor_journey_smry to D:\Create_Fetch_Python_Code\database_object_migration_v3\database_object_migration\Fetch_Object_Output\View\mktg_ops_vws_20260115_1955\bzfc_sponsor_journey_smry.sql
2026-01-15 19:56:50,539 - INFO - Saved DDL for gms_bzfc_dim_unf_fr_cnst to D:\Create_Fetch_Python_Code\database_object_migration_v3\database_object_migration\Fetch_Object_Output\View\mktg_ops_vws_20260115_1955\gms_bzfc_dim_unf_fr_cnst.sql
2026-01-15 19:56:50,908 - INFO - Saved DDL for gms_frfbz_dim_tag to D:\Create_Fetch_Python_Code\database_object_migration_v3\database_object_migration\Fetch_Object_Output\View\mktg_ops_vws_20260115_1955\gms_frfbz_dim_tag.sql
2026-01-15 19:56:51,296 - INFO - Saved DDL for bzfc_vms_cnst_in_blood_region to D:\Create_Fetch_Python_Code\database_object_migration_v3\database_object_migration\Fetch_Object_Output\View\mktg_ops_vws_20260115_1955\bzfc_vms_cnst_in_blood_region.sql
2026-01-15 19:56:51,668 - INFO - Saved DDL for bzfc_fr_cnst_in_blood_region to D:\Create_Fetch_Python_Code\database_object_migration_v3\database_object_migration\Fetch_Object_Output\View\mktg_ops_vws_20260115_1955\bzfc_fr_cnst_in_blood_region.sql
2026-01-15 19:56:52,365 - INFO - Saved DDL for bzfc_fsa_cnst_indv_chrctrs2 to D:\Create_Fetch_Python_Code\database_object_migration_v3\database_object_migration\Fetch_Object_Output\View\mktg_ops_vws_20260115_1955\bzfc_fsa_cnst_indv_chrctrs2.sql
2026-01-15 19:56:52,758 - INFO - Saved DDL for bzfc_fsa_cnst_org_chrctrs2 to D:\Create_Fetch_Python_Code\database_object_migration_v3\database_object_migration\Fetch_Object_Output\View\mktg_ops_vws_20260115_1955\bzfc_fsa_cnst_org_chrctrs2.sql
2026-01-15 19:56:53,132 - INFO - Saved DDL for bzfc_fsa_cnst_org_cntct_prefc to D:\Create_Fetch_Python_Code\database_object_migration_v3\database_object_migration\Fetch_Object_Output\View\mktg_ops_vws_20260115_1955\bzfc_fsa_cnst_org_cntct_prefc.sql
2026-01-15 19:56:53,508 - INFO - Saved DDL for bz_prospect_pt_scr to D:\Create_Fetch_Python_Code\database_object_migration_v3\database_object_migration\Fetch_Object_Output\View\mktg_ops_vws_20260115_1955\bz_prospect_pt_scr.sql
2026-01-15 19:56:53,897 - INFO - Saved DDL for bzf_prospect_pt_scr to D:\Create_Fetch_Python_Code\database_object_migration_v3\database_object_migration\Fetch_Object_Output\View\mktg_ops_vws_20260115_1955\bzf_prospect_pt_scr.sql
2026-01-15 19:56:54,274 - INFO - Saved DDL for bzfc_prospect_pt_scr_fin to D:\Create_Fetch_Python_Code\database_object_migration_v3\database_object_migration\Fetch_Object_Output\View\mktg_ops_vws_20260115_1955\bzfc_prospect_pt_scr_fin.sql
2026-01-15 19:56:54,662 - INFO - Saved DDL for bz_arc_fr_smry_rco_smry to D:\Create_Fetch_Python_Code\database_object_migration_v3\database_object_migration\Fetch_Object_Output\View\mktg_ops_vws_20260115_1955\bz_arc_fr_smry_rco_smry.sql
2026-01-15 19:56:55,051 - INFO - Saved DDL for cnvo_group_acct to D:\Create_Fetch_Python_Code\database_object_migration_v3\database_object_migration\Fetch_Object_Output\View\mktg_ops_vws_20260115_1955\cnvo_group_acct.sql
2026-01-15 19:56:55,433 - INFO - Saved DDL for bzfc_fact_interaction to D:\Create_Fetch_Python_Code\database_object_migration_v3\database_object_migration\Fetch_Object_Output\View\mktg_ops_vws_20260115_1955\bzfc_fact_interaction.sql
2026-01-15 19:56:55,823 - INFO - Saved DDL for dim_motvtn_gplg_effort to D:\Create_Fetch_Python_Code\database_object_migration_v3\database_object_migration\Fetch_Object_Output\View\mktg_ops_vws_20260115_1955\dim_motvtn_gplg_effort.sql
2026-01-15 19:56:56,202 - INFO - Saved DDL for dim_motvtn_clt_matrix to D:\Create_Fetch_Python_Code\database_object_migration_v3\database_object_migration\Fetch_Object_Output\View\mktg_ops_vws_20260115_1955\dim_motvtn_clt_matrix.sql
2026-01-15 19:56:56,583 - INFO - Saved DDL for dim_motvtn_gplg_scr to D:\Create_Fetch_Python_Code\database_object_migration_v3\database_object_migration\Fetch_Object_Output\View\mktg_ops_vws_20260115_1955\dim_motvtn_gplg_scr.sql
2026-01-15 19:56:56,966 - INFO - Saved DDL for dim_motvtn_gplg_segmnt to D:\Create_Fetch_Python_Code\database_object_migration_v3\database_object_migration\Fetch_Object_Output\View\mktg_ops_vws_20260115_1955\dim_motvtn_gplg_segmnt.sql
2026-01-15 19:56:57,350 - INFO - Saved DDL for fr_asset_gift_smry to D:\Create_Fetch_Python_Code\database_object_migration_v3\database_object_migration\Fetch_Object_Output\View\mktg_ops_vws_20260115_1955\fr_asset_gift_smry.sql
2026-01-15 19:56:57,735 - INFO - Saved DDL for bzfc_taxo_humanitarian_curr to D:\Create_Fetch_Python_Code\database_object_migration_v3\database_object_migration\Fetch_Object_Output\View\mktg_ops_vws_20260115_1955\bzfc_taxo_humanitarian_curr.sql
2026-01-15 19:56:58,131 - INFO - Saved DDL for srvy_blood_sponsor to D:\Create_Fetch_Python_Code\database_object_migration_v3\database_object_migration\Fetch_Object_Output\View\mktg_ops_vws_20260115_1955\srvy_blood_sponsor.sql
2026-01-15 19:56:58,526 - INFO - Saved DDL for bzfc_prospect_pt_scr_nonfin to D:\Create_Fetch_Python_Code\database_object_migration_v3\database_object_migration\Fetch_Object_Output\View\mktg_ops_vws_20260115_1955\bzfc_prospect_pt_scr_nonfin.sql
2026-01-15 19:56:58,906 - INFO - Saved DDL for cnst_cdi_src_profile_mb to D:\Create_Fetch_Python_Code\database_object_migration_v3\database_object_migration\Fetch_Object_Output\View\mktg_ops_vws_20260115_1955\cnst_cdi_src_profile_mb.sql
2026-01-15 19:56:59,275 - INFO - Saved DDL for suprsn_ts_cnst_test to D:\Create_Fetch_Python_Code\database_object_migration_v3\database_object_migration\Fetch_Object_Output\View\mktg_ops_vws_20260115_1955\suprsn_ts_cnst_test.sql
2026-01-15 19:56:59,661 - INFO - Saved DDL for srvy_vlntr_los to D:\Create_Fetch_Python_Code\database_object_migration_v3\database_object_migration\Fetch_Object_Output\View\mktg_ops_vws_20260115_1955\srvy_vlntr_los.sql
2026-01-15 19:57:00,046 - INFO - Saved DDL for dim_isp_labor to D:\Create_Fetch_Python_Code\database_object_migration_v3\database_object_migration\Fetch_Object_Output\View\mktg_ops_vws_20260115_1955\dim_isp_labor.sql
2026-01-15 19:57:00,425 - INFO - Saved DDL for bz_dim_operator to D:\Create_Fetch_Python_Code\database_object_migration_v3\database_object_migration\Fetch_Object_Output\View\mktg_ops_vws_20260115_1955\bz_dim_operator.sql
2026-01-15 19:57:00,810 - INFO - Saved DDL for arc_entrprs_smry to D:\Create_Fetch_Python_Code\database_object_migration_v3\database_object_migration\Fetch_Object_Output\View\mktg_ops_vws_20260115_1955\arc_entrprs_smry.sql
2026-01-15 19:57:01,214 - INFO - Saved DDL for bzfc_fact_phone_interaction to D:\Create_Fetch_Python_Code\database_object_migration_v3\database_object_migration\Fetch_Object_Output\View\mktg_ops_vws_20260115_1955\bzfc_fact_phone_interaction.sql
2026-01-15 19:57:01,607 - INFO - Saved DDL for bzfc_fact_phone_interaction_pg to D:\Create_Fetch_Python_Code\database_object_migration_v3\database_object_migration\Fetch_Object_Output\View\mktg_ops_vws_20260115_1955\bzfc_fact_phone_interaction_pg.sql
2026-01-15 19:57:01,989 - INFO - Saved DDL for bzfc_fact_sms_interaction to D:\Create_Fetch_Python_Code\database_object_migration_v3\database_object_migration\Fetch_Object_Output\View\mktg_ops_vws_20260115_1955\bzfc_fact_sms_interaction.sql
2026-01-15 19:57:02,383 - INFO - Saved DDL for bz_dim_phone_adtnl_reqst to D:\Create_Fetch_Python_Code\database_object_migration_v3\database_object_migration\Fetch_Object_Output\View\mktg_ops_vws_20260115_1955\bz_dim_phone_adtnl_reqst.sql
2026-01-15 19:57:02,758 - INFO - Saved DDL for bz_dim_phone_call_dspstn to D:\Create_Fetch_Python_Code\database_object_migration_v3\database_object_migration\Fetch_Object_Output\View\mktg_ops_vws_20260115_1955\bz_dim_phone_call_dspstn.sql
2026-01-15 19:57:03,154 - INFO - Saved DDL for bz_dim_phone_campgn_src_cd_xref to D:\Create_Fetch_Python_Code\database_object_migration_v3\database_object_migration\Fetch_Object_Output\View\mktg_ops_vws_20260115_1955\bz_dim_phone_campgn_src_cd_xref.sql
2026-01-15 19:57:03,545 - INFO - Saved DDL for bz_scr to D:\Create_Fetch_Python_Code\database_object_migration_v3\database_object_migration\Fetch_Object_Output\View\mktg_ops_vws_20260115_1955\bz_scr.sql
2026-01-15 19:57:03,915 - INFO - Saved DDL for bz_cur_mth_bio_donor_freq to D:\Create_Fetch_Python_Code\database_object_migration_v3\database_object_migration\Fetch_Object_Output\View\mktg_ops_vws_20260115_1955\bz_cur_mth_bio_donor_freq.sql
2026-01-15 19:57:04,296 - INFO - Saved DDL for pbi_entrprs_campgn_results to D:\Create_Fetch_Python_Code\database_object_migration_v3\database_object_migration\Fetch_Object_Output\View\mktg_ops_vws_20260115_1955\pbi_entrprs_campgn_results.sql
2026-01-15 19:57:04,674 - INFO - Saved DDL for pbi_entrprs_campgn_smry to D:\Create_Fetch_Python_Code\database_object_migration_v3\database_object_migration\Fetch_Object_Output\View\mktg_ops_vws_20260115_1955\pbi_entrprs_campgn_smry.sql
2026-01-15 19:57:05,064 - INFO - Saved DDL for dv_active_segmnt_snapsht to D:\Create_Fetch_Python_Code\database_object_migration_v3\database_object_migration\Fetch_Object_Output\View\mktg_ops_vws_20260115_1955\dv_active_segmnt_snapsht.sql
2026-01-15 19:57:05,448 - INFO - Saved DDL for pbi_entrprs_campgn_comnts to D:\Create_Fetch_Python_Code\database_object_migration_v3\database_object_migration\Fetch_Object_Output\View\mktg_ops_vws_20260115_1955\pbi_entrprs_campgn_comnts.sql
2026-01-15 19:57:05,860 - INFO - Saved DDL for gms_bzfc_fact_cnst_comnictn to D:\Create_Fetch_Python_Code\database_object_migration_v3\database_object_migration\Fetch_Object_Output\View\mktg_ops_vws_20260115_1955\gms_bzfc_fact_cnst_comnictn.sql
2026-01-15 19:57:06,253 - INFO - Saved DDL for gms_bzfc_fact_giftran to D:\Create_Fetch_Python_Code\database_object_migration_v3\database_object_migration\Fetch_Object_Output\View\mktg_ops_vws_20260115_1955\gms_bzfc_fact_giftran.sql
2026-01-15 19:57:06,621 - INFO - Saved DDL for fact_interaction_aprm to D:\Create_Fetch_Python_Code\database_object_migration_v3\database_object_migration\Fetch_Object_Output\View\mktg_ops_vws_20260115_1955\fact_interaction_aprm.sql
2026-01-15 19:57:07,003 - INFO - Saved DDL for bzfc_sms_vms_prfl to D:\Create_Fetch_Python_Code\database_object_migration_v3\database_object_migration\Fetch_Object_Output\View\mktg_ops_vws_20260115_1955\bzfc_sms_vms_prfl.sql
2026-01-15 19:57:07,381 - INFO - Saved DDL for gms_arc_fr_smry_cbg to D:\Create_Fetch_Python_Code\database_object_migration_v3\database_object_migration\Fetch_Object_Output\View\mktg_ops_vws_20260115_1955\gms_arc_fr_smry_cbg.sql
2026-01-15 19:57:07,766 - INFO - Saved DDL for bzfc_sms_phss_prfl to D:\Create_Fetch_Python_Code\database_object_migration_v3\database_object_migration\Fetch_Object_Output\View\mktg_ops_vws_20260115_1955\bzfc_sms_phss_prfl.sql
2026-01-15 19:57:08,151 - INFO - Saved DDL for bz_dim_fund_cd to D:\Create_Fetch_Python_Code\database_object_migration_v3\database_object_migration\Fetch_Object_Output\View\mktg_ops_vws_20260115_1955\bz_dim_fund_cd.sql
2026-01-15 19:57:08,533 - INFO - Saved DDL for scr_val_ref to D:\Create_Fetch_Python_Code\database_object_migration_v3\database_object_migration\Fetch_Object_Output\View\mktg_ops_vws_20260115_1955\scr_val_ref.sql
2026-01-15 19:57:08,914 - INFO - Saved DDL for bzfc_sms_bio_prfl to D:\Create_Fetch_Python_Code\database_object_migration_v3\database_object_migration\Fetch_Object_Output\View\mktg_ops_vws_20260115_1955\bzfc_sms_bio_prfl.sql
2026-01-15 19:57:09,295 - INFO - Saved DDL for bzfc_sms_profile to D:\Create_Fetch_Python_Code\database_object_migration_v3\database_object_migration\Fetch_Object_Output\View\mktg_ops_vws_20260115_1955\bzfc_sms_profile.sql
2026-01-15 19:57:09,689 - INFO - Saved DDL for dim_recipient to D:\Create_Fetch_Python_Code\database_object_migration_v3\database_object_migration\Fetch_Object_Output\View\mktg_ops_vws_20260115_1955\dim_recipient.sql
2026-01-15 19:57:10,073 - INFO - Saved DDL for esri_zip_cd_demgrphc to D:\Create_Fetch_Python_Code\database_object_migration_v3\database_object_migration\Fetch_Object_Output\View\mktg_ops_vws_20260115_1955\esri_zip_cd_demgrphc.sql
2026-01-15 19:57:10,472 - INFO - Saved DDL for bz_microsites_report to D:\Create_Fetch_Python_Code\database_object_migration_v3\database_object_migration\Fetch_Object_Output\View\mktg_ops_vws_20260115_1955\bz_microsites_report.sql
2026-01-15 19:57:10,855 - INFO - Saved DDL for srvy_hsptl_respondents to D:\Create_Fetch_Python_Code\database_object_migration_v3\database_object_migration\Fetch_Object_Output\View\mktg_ops_vws_20260115_1955\srvy_hsptl_respondents.sql
2026-01-15 19:57:11,244 - INFO - Saved DDL for gms_bzfc_fact_email_intrctn_smry to D:\Create_Fetch_Python_Code\database_object_migration_v3\database_object_migration\Fetch_Object_Output\View\mktg_ops_vws_20260115_1955\gms_bzfc_fact_email_intrctn_smry.sql
2026-01-15 19:57:11,635 - INFO - Saved DDL for srvy_anvrsy_vlntr_rspns_all to D:\Create_Fetch_Python_Code\database_object_migration_v3\database_object_migration\Fetch_Object_Output\View\mktg_ops_vws_20260115_1955\srvy_anvrsy_vlntr_rspns_all.sql
2026-01-15 19:57:12,022 - INFO - Saved DDL for srvy_hsptl_rspns to D:\Create_Fetch_Python_Code\database_object_migration_v3\database_object_migration\Fetch_Object_Output\View\mktg_ops_vws_20260115_1955\srvy_hsptl_rspns.sql
2026-01-15 19:57:12,435 - INFO - Saved DDL for srvy_hsptl_rspns_txt to D:\Create_Fetch_Python_Code\database_object_migration_v3\database_object_migration\Fetch_Object_Output\View\mktg_ops_vws_20260115_1955\srvy_hsptl_rspns_txt.sql
2026-01-15 19:57:12,823 - INFO - Saved DDL for srvy_new_vlntr_rspns_txt_norm to D:\Create_Fetch_Python_Code\database_object_migration_v3\database_object_migration\Fetch_Object_Output\View\mktg_ops_vws_20260115_1955\srvy_new_vlntr_rspns_txt_norm.sql
2026-01-15 19:57:13,206 - INFO - Saved DDL for total_allusers_storedprocslist to D:\Create_Fetch_Python_Code\database_object_migration_v3\database_object_migration\Fetch_Object_Output\View\mktg_ops_vws_20260115_1955\total_allusers_storedprocslist.sql
2026-01-15 19:57:13,595 - INFO - Saved DDL for total_allusers_tblvwslist to D:\Create_Fetch_Python_Code\database_object_migration_v3\database_object_migration\Fetch_Object_Output\View\mktg_ops_vws_20260115_1955\total_allusers_tblvwslist.sql
2026-01-15 19:57:13,976 - INFO - Saved DDL for total_svcacct_tblvwslist to D:\Create_Fetch_Python_Code\database_object_migration_v3\database_object_migration\Fetch_Object_Output\View\mktg_ops_vws_20260115_1955\total_svcacct_tblvwslist.sql
2026-01-15 19:57:14,358 - INFO - Saved DDL for gms_cnst_cdi_smry_fr_prfr_sync to D:\Create_Fetch_Python_Code\database_object_migration_v3\database_object_migration\Fetch_Object_Output\View\mktg_ops_vws_20260115_1955\gms_cnst_cdi_smry_fr_prfr_sync.sql
2026-01-15 19:57:14,743 - INFO - Saved DDL for pbi_fact_bio_freq_rtntn_snpsht to D:\Create_Fetch_Python_Code\database_object_migration_v3\database_object_migration\Fetch_Object_Output\View\mktg_ops_vws_20260115_1955\pbi_fact_bio_freq_rtntn_snpsht.sql
2026-01-15 19:57:14,745 - INFO - DDL fetch completed successfully
