2025-12-19 12:24:29,330 - INFO - Successfully connected to Redshift
2025-12-19 12:24:30,764 - INFO - Fetched 411 relations from schema mktg_ops_tbls
2025-12-19 12:24:31,143 - INFO - Saved DDL for users to D:\Create_Fetch_Python_Code\database_object_migration\Fetch_Object_Output\Table\mktg_ops_tbls_20251219_1224\users.sql
2025-12-19 12:24:31,526 - INFO - Saved DDL for nhqmktg_cdrp_enrllmnt_ref to D:\Create_Fetch_Python_Code\database_object_migration\Fetch_Object_Output\Table\mktg_ops_tbls_20251219_1224\nhqmktg_cdrp_enrllmnt_ref.sql
2025-12-19 12:24:31,899 - INFO - Saved DDL for nhqmktg_cdrp_enrllmnt_sts to D:\Create_Fetch_Python_Code\database_object_migration\Fetch_Object_Output\Table\mktg_ops_tbls_20251219_1224\nhqmktg_cdrp_enrllmnt_sts.sql
2025-12-19 12:24:32,272 - INFO - Saved DDL for adb_anlytc_hit_tgt_tst to D:\Create_Fetch_Python_Code\database_object_migration\Fetch_Object_Output\Table\mktg_ops_tbls_20251219_1224\adb_anlytc_hit_tgt_tst.sql
2025-12-19 12:24:32,654 - INFO - Saved DDL for adb_anlytc_hit_tgt_xtrct to D:\Create_Fetch_Python_Code\database_object_migration\Fetch_Object_Output\Table\mktg_ops_tbls_20251219_1224\adb_anlytc_hit_tgt_xtrct.sql
2025-12-19 12:24:33,029 - INFO - Saved DDL for adb_arcinsms_report_intermediate to D:\Create_Fetch_Python_Code\database_object_migration\Fetch_Object_Output\Table\mktg_ops_tbls_20251219_1224\adb_arcinsms_report_intermediate.sql
2025-12-19 12:24:33,405 - INFO - Saved DDL for adb_arckaleyradeactivation to D:\Create_Fetch_Python_Code\database_object_migration\Fetch_Object_Output\Table\mktg_ops_tbls_20251219_1224\adb_arckaleyradeactivation.sql
2025-12-19 12:24:33,785 - INFO - Saved DDL for adb_arcregionchaptermapping to D:\Create_Fetch_Python_Code\database_object_migration\Fetch_Object_Output\Table\mktg_ops_tbls_20251219_1224\adb_arcregionchaptermapping.sql
2025-12-19 12:24:34,160 - INFO - Saved DDL for adb_nmspropositionrcp to D:\Create_Fetch_Python_Code\database_object_migration\Fetch_Object_Output\Table\mktg_ops_tbls_20251219_1224\adb_nmspropositionrcp.sql
2025-12-19 12:24:34,538 - INFO - Saved DDL for adb_vlntr_srvy_rspns to D:\Create_Fetch_Python_Code\database_object_migration\Fetch_Object_Output\Table\mktg_ops_tbls_20251219_1224\adb_vlntr_srvy_rspns.sql
2025-12-19 12:24:34,926 - INFO - Saved DDL for adb_vlntr_srvy_rspns_tmp to D:\Create_Fetch_Python_Code\database_object_migration\Fetch_Object_Output\Table\mktg_ops_tbls_20251219_1224\adb_vlntr_srvy_rspns_tmp.sql
2025-12-19 12:24:35,288 - INFO - Saved DDL for adb_vlntr_srvy_rspns_v20 to D:\Create_Fetch_Python_Code\database_object_migration\Fetch_Object_Output\Table\mktg_ops_tbls_20251219_1224\adb_vlntr_srvy_rspns_v20.sql
2025-12-19 12:24:35,660 - INFO - Saved DDL for adobe_analytics_txn to D:\Create_Fetch_Python_Code\database_object_migration\Fetch_Object_Output\Table\mktg_ops_tbls_20251219_1224\adobe_analytics_txn.sql
2025-12-19 12:24:36,034 - INFO - Saved DDL for adobe_analytics_visits to D:\Create_Fetch_Python_Code\database_object_migration\Fetch_Object_Output\Table\mktg_ops_tbls_20251219_1224\adobe_analytics_visits.sql
2025-12-19 12:24:36,427 - INFO - Saved DDL for adobe_dwb_intrctn to D:\Create_Fetch_Python_Code\database_object_migration\Fetch_Object_Output\Table\mktg_ops_tbls_20251219_1224\adobe_dwb_intrctn.sql
2025-12-19 12:24:36,805 - INFO - Saved DDL for adobe_dwb_intrctn_bkp to D:\Create_Fetch_Python_Code\database_object_migration\Fetch_Object_Output\Table\mktg_ops_tbls_20251219_1224\adobe_dwb_intrctn_bkp.sql
2025-12-19 12:24:37,167 - INFO - Saved DDL for adobe_dwb_intrctn_stg to D:\Create_Fetch_Python_Code\database_object_migration\Fetch_Object_Output\Table\mktg_ops_tbls_20251219_1224\adobe_dwb_intrctn_stg.sql
2025-12-19 12:24:37,531 - INFO - Saved DDL for adobe_dwb_intrctn_stg_tmp to D:\Create_Fetch_Python_Code\database_object_migration\Fetch_Object_Output\Table\mktg_ops_tbls_20251219_1224\adobe_dwb_intrctn_stg_tmp.sql
2025-12-19 12:24:37,886 - INFO - Saved DDL for adobe_dwb_txn to D:\Create_Fetch_Python_Code\database_object_migration\Fetch_Object_Output\Table\mktg_ops_tbls_20251219_1224\adobe_dwb_txn.sql
2025-12-19 12:24:38,260 - INFO - Saved DDL for adobe_dwb_txn_bkp to D:\Create_Fetch_Python_Code\database_object_migration\Fetch_Object_Output\Table\mktg_ops_tbls_20251219_1224\adobe_dwb_txn_bkp.sql
2025-12-19 12:24:38,635 - INFO - Saved DDL for adobe_dwb_txn_stg to D:\Create_Fetch_Python_Code\database_object_migration\Fetch_Object_Output\Table\mktg_ops_tbls_20251219_1224\adobe_dwb_txn_stg.sql
2025-12-19 12:24:39,898 - INFO - Saved DDL for all_aem_rco_rows to D:\Create_Fetch_Python_Code\database_object_migration\Fetch_Object_Output\Table\mktg_ops_tbls_20251219_1224\all_aem_rco_rows.sql
2025-12-19 12:24:40,288 - INFO - Saved DDL for aprm_arc_comm_log to D:\Create_Fetch_Python_Code\database_object_migration\Fetch_Object_Output\Table\mktg_ops_tbls_20251219_1224\aprm_arc_comm_log.sql
2025-12-19 12:24:40,649 - INFO - Saved DDL for aprm_audmem_map to D:\Create_Fetch_Python_Code\database_object_migration\Fetch_Object_Output\Table\mktg_ops_tbls_20251219_1224\aprm_audmem_map.sql
2025-12-19 12:24:41,013 - INFO - Saved DDL for aprm_bncd_eml_img to D:\Create_Fetch_Python_Code\database_object_migration\Fetch_Object_Output\Table\mktg_ops_tbls_20251219_1224\aprm_bncd_eml_img.sql
2025-12-19 12:24:41,412 - INFO - Saved DDL for aprm_dim_activity to D:\Create_Fetch_Python_Code\database_object_migration\Fetch_Object_Output\Table\mktg_ops_tbls_20251219_1224\aprm_dim_activity.sql
2025-12-19 12:24:43,101 - INFO - Saved DDL for aprm_email_lnk_clkd_img to D:\Create_Fetch_Python_Code\database_object_migration\Fetch_Object_Output\Table\mktg_ops_tbls_20251219_1224\aprm_email_lnk_clkd_img.sql
2025-12-19 12:24:43,475 - INFO - Saved DDL for aprm_email_opened_img to D:\Create_Fetch_Python_Code\database_object_migration\Fetch_Object_Output\Table\mktg_ops_tbls_20251219_1224\aprm_email_opened_img.sql
2025-12-19 12:24:43,844 - INFO - Saved DDL for aprm_email_remove_img to D:\Create_Fetch_Python_Code\database_object_migration\Fetch_Object_Output\Table\mktg_ops_tbls_20251219_1224\aprm_email_remove_img.sql
2025-12-19 12:24:44,200 - INFO - Saved DDL for aprm_email_sent_img to D:\Create_Fetch_Python_Code\database_object_migration\Fetch_Object_Output\Table\mktg_ops_tbls_20251219_1224\aprm_email_sent_img.sql
2025-12-19 12:24:44,561 - INFO - Saved DDL for aprm_msg_cnt_blk_img to D:\Create_Fetch_Python_Code\database_object_migration\Fetch_Object_Output\Table\mktg_ops_tbls_20251219_1224\aprm_msg_cnt_blk_img.sql
2025-12-19 12:24:44,908 - INFO - Saved DDL for aprm_wb_apnd_bio_dnr_stsfctn_srvy to D:\Create_Fetch_Python_Code\database_object_migration\Fetch_Object_Output\Table\mktg_ops_tbls_20251219_1224\aprm_wb_apnd_bio_dnr_stsfctn_srvy.sql
2025-12-19 12:24:45,281 - INFO - Saved DDL for aprm_wb_apnd_bncd_eml to D:\Create_Fetch_Python_Code\database_object_migration\Fetch_Object_Output\Table\mktg_ops_tbls_20251219_1224\aprm_wb_apnd_bncd_eml.sql
2025-12-19 12:24:45,652 - INFO - Saved DDL for aprm_wb_apnd_cell_cds to D:\Create_Fetch_Python_Code\database_object_migration\Fetch_Object_Output\Table\mktg_ops_tbls_20251219_1224\aprm_wb_apnd_cell_cds.sql
2025-12-19 12:24:46,006 - INFO - Saved DDL for aprm_wb_apnd_cm_segmnt to D:\Create_Fetch_Python_Code\database_object_migration\Fetch_Object_Output\Table\mktg_ops_tbls_20251219_1224\aprm_wb_apnd_cm_segmnt.sql
2025-12-19 12:24:46,409 - INFO - Saved DDL for aprm_wb_apnd_email to D:\Create_Fetch_Python_Code\database_object_migration\Fetch_Object_Output\Table\mktg_ops_tbls_20251219_1224\aprm_wb_apnd_email.sql
2025-12-19 12:24:46,783 - INFO - Saved DDL for aprm_wb_apnd_eml_trckng to D:\Create_Fetch_Python_Code\database_object_migration\Fetch_Object_Output\Table\mktg_ops_tbls_20251219_1224\aprm_wb_apnd_eml_trckng.sql
2025-12-19 12:24:47,140 - INFO - Saved DDL for aprm_wb_apnd_eml_trckng_bkp to D:\Create_Fetch_Python_Code\database_object_migration\Fetch_Object_Output\Table\mktg_ops_tbls_20251219_1224\aprm_wb_apnd_eml_trckng_bkp.sql
2025-12-19 12:24:48,540 - INFO - Saved DDL for aprm_wb_apnd_inbnd_frm_cmpltd to D:\Create_Fetch_Python_Code\database_object_migration\Fetch_Object_Output\Table\mktg_ops_tbls_20251219_1224\aprm_wb_apnd_inbnd_frm_cmpltd.sql
2025-12-19 12:24:48,899 - INFO - Saved DDL for aprm_wb_apnd_mcrst_mtrcs to D:\Create_Fetch_Python_Code\database_object_migration\Fetch_Object_Output\Table\mktg_ops_tbls_20251219_1224\aprm_wb_apnd_mcrst_mtrcs.sql
2025-12-19 12:24:49,268 - INFO - Saved DDL for aprm_wb_apnd_outbnd_msg_snt to D:\Create_Fetch_Python_Code\database_object_migration\Fetch_Object_Output\Table\mktg_ops_tbls_20251219_1224\aprm_wb_apnd_outbnd_msg_snt.sql
2025-12-19 12:24:49,624 - INFO - Saved DDL for aprm_wb_apnd_outbnd_msgs to D:\Create_Fetch_Python_Code\database_object_migration\Fetch_Object_Output\Table\mktg_ops_tbls_20251219_1224\aprm_wb_apnd_outbnd_msgs.sql
2025-12-19 12:24:50,031 - INFO - Saved DDL for aprm_wb_apnd_rmv_frm_lst to D:\Create_Fetch_Python_Code\database_object_migration\Fetch_Object_Output\Table\mktg_ops_tbls_20251219_1224\aprm_wb_apnd_rmv_frm_lst.sql
2025-12-19 12:24:50,388 - INFO - Saved DDL for aprm_wb_apnd_segmntn to D:\Create_Fetch_Python_Code\database_object_migration\Fetch_Object_Output\Table\mktg_ops_tbls_20251219_1224\aprm_wb_apnd_segmntn.sql
2025-12-19 12:24:50,757 - INFO - Saved DDL for aprm_wb_apnd_unsubs_rplc to D:\Create_Fetch_Python_Code\database_object_migration\Fetch_Object_Output\Table\mktg_ops_tbls_20251219_1224\aprm_wb_apnd_unsubs_rplc.sql
2025-12-19 12:24:51,133 - INFO - Saved DDL for aprm_wb_replc_act_cells to D:\Create_Fetch_Python_Code\database_object_migration\Fetch_Object_Output\Table\mktg_ops_tbls_20251219_1224\aprm_wb_replc_act_cells.sql
2025-12-19 12:24:51,531 - INFO - Saved DDL for aprm_wb_replc_act_offrs to D:\Create_Fetch_Python_Code\database_object_migration\Fetch_Object_Output\Table\mktg_ops_tbls_20251219_1224\aprm_wb_replc_act_offrs.sql
2025-12-19 12:24:51,888 - INFO - Saved DDL for aprm_wb_replc_act_trtmts to D:\Create_Fetch_Python_Code\database_object_migration\Fetch_Object_Output\Table\mktg_ops_tbls_20251219_1224\aprm_wb_replc_act_trtmts.sql
2025-12-19 12:24:52,256 - INFO - Saved DDL for aprm_wb_replc_activities to D:\Create_Fetch_Python_Code\database_object_migration\Fetch_Object_Output\Table\mktg_ops_tbls_20251219_1224\aprm_wb_replc_activities.sql
2025-12-19 12:24:52,613 - INFO - Saved DDL for aprm_wb_replc_offrs to D:\Create_Fetch_Python_Code\database_object_migration\Fetch_Object_Output\Table\mktg_ops_tbls_20251219_1224\aprm_wb_replc_offrs.sql
2025-12-19 12:24:52,984 - INFO - Saved DDL for aprm_wb_rplc_fr_prf_cntr_lt to D:\Create_Fetch_Python_Code\database_object_migration\Fetch_Object_Output\Table\mktg_ops_tbls_20251219_1224\aprm_wb_rplc_fr_prf_cntr_lt.sql
2025-12-19 12:24:53,353 - INFO - Saved DDL for aprm_wb_rplc_outbnd_msg_snt to D:\Create_Fetch_Python_Code\database_object_migration\Fetch_Object_Output\Table\mktg_ops_tbls_20251219_1224\aprm_wb_rplc_outbnd_msg_snt.sql
2025-12-19 12:24:58,227 - INFO - Saved DDL for arc_aem_rco_txn to D:\Create_Fetch_Python_Code\database_object_migration\Fetch_Object_Output\Table\mktg_ops_tbls_20251219_1224\arc_aem_rco_txn.sql
2025-12-19 12:24:58,588 - INFO - Saved DDL for arc_biomed_smry_bkp to D:\Create_Fetch_Python_Code\database_object_migration\Fetch_Object_Output\Table\mktg_ops_tbls_20251219_1224\arc_biomed_smry_bkp.sql
2025-12-19 12:24:58,974 - INFO - Saved DDL for arc_biomed_txn_bkp to D:\Create_Fetch_Python_Code\database_object_migration\Fetch_Object_Output\Table\mktg_ops_tbls_20251219_1224\arc_biomed_txn_bkp.sql
2025-12-19 12:24:59,364 - INFO - Saved DDL for arc_cdi_smry_addr_tmp to D:\Create_Fetch_Python_Code\database_object_migration\Fetch_Object_Output\Table\mktg_ops_tbls_20251219_1224\arc_cdi_smry_addr_tmp.sql
2025-12-19 12:24:59,732 - INFO - Saved DDL for arc_cdi_smry_email_tmp to D:\Create_Fetch_Python_Code\database_object_migration\Fetch_Object_Output\Table\mktg_ops_tbls_20251219_1224\arc_cdi_smry_email_tmp.sql
2025-12-19 12:25:00,093 - INFO - Saved DDL for arc_cdi_smry_extrct to D:\Create_Fetch_Python_Code\database_object_migration\Fetch_Object_Output\Table\mktg_ops_tbls_20251219_1224\arc_cdi_smry_extrct.sql
2025-12-19 12:25:00,445 - INFO - Saved DDL for arc_cdi_smry_phn_tmp to D:\Create_Fetch_Python_Code\database_object_migration\Fetch_Object_Output\Table\mktg_ops_tbls_20251219_1224\arc_cdi_smry_phn_tmp.sql
2025-12-19 12:25:00,813 - INFO - Saved DDL for arc_crm_ent_infrd_prfl to D:\Create_Fetch_Python_Code\database_object_migration\Fetch_Object_Output\Table\mktg_ops_tbls_20251219_1224\arc_crm_ent_infrd_prfl.sql
2025-12-19 12:25:01,169 - INFO - Saved DDL for arc_crm_ent_prfl to D:\Create_Fetch_Python_Code\database_object_migration\Fetch_Object_Output\Table\mktg_ops_tbls_20251219_1224\arc_crm_ent_prfl.sql
2025-12-19 12:25:01,553 - INFO - Saved DDL for arc_fr_smry_extrct to D:\Create_Fetch_Python_Code\database_object_migration\Fetch_Object_Output\Table\mktg_ops_tbls_20251219_1224\arc_fr_smry_extrct.sql
2025-12-19 12:25:01,913 - INFO - Saved DDL for arc_fr_smry_extrct_tmp to D:\Create_Fetch_Python_Code\database_object_migration\Fetch_Object_Output\Table\mktg_ops_tbls_20251219_1224\arc_fr_smry_extrct_tmp.sql
2025-12-19 12:25:02,283 - INFO - Saved DDL for arc_fr_smry_mdl to D:\Create_Fetch_Python_Code\database_object_migration\Fetch_Object_Output\Table\mktg_ops_tbls_20251219_1224\arc_fr_smry_mdl.sql
2025-12-19 12:25:02,656 - INFO - Saved DDL for arc_fr_txn_bnchmrk_extrct to D:\Create_Fetch_Python_Code\database_object_migration\Fetch_Object_Output\Table\mktg_ops_tbls_20251219_1224\arc_fr_txn_bnchmrk_extrct.sql
2025-12-19 12:25:03,015 - INFO - Saved DDL for arc_fr_txn_extrct to D:\Create_Fetch_Python_Code\database_object_migration\Fetch_Object_Output\Table\mktg_ops_tbls_20251219_1224\arc_fr_txn_extrct.sql
2025-12-19 12:25:03,380 - INFO - Saved DDL for arc_fundrsng_summary to D:\Create_Fetch_Python_Code\database_object_migration\Fetch_Object_Output\Table\mktg_ops_tbls_20251219_1224\arc_fundrsng_summary.sql
2025-12-19 12:25:03,753 - INFO - Saved DDL for arc_lob_smry_extrct to D:\Create_Fetch_Python_Code\database_object_migration\Fetch_Object_Output\Table\mktg_ops_tbls_20251219_1224\arc_lob_smry_extrct.sql
2025-12-19 12:25:04,112 - INFO - Saved DDL for arc_lob_smry_extrct_oct to D:\Create_Fetch_Python_Code\database_object_migration\Fetch_Object_Output\Table\mktg_ops_tbls_20251219_1224\arc_lob_smry_extrct_oct.sql
2025-12-19 12:25:04,475 - INFO - Saved DDL for arc_lob_smry_non_fr_extrct to D:\Create_Fetch_Python_Code\database_object_migration\Fetch_Object_Output\Table\mktg_ops_tbls_20251219_1224\arc_lob_smry_non_fr_extrct.sql
2025-12-19 12:25:04,835 - INFO - Saved DDL for arc_missing_script_numbers to D:\Create_Fetch_Python_Code\database_object_migration\Fetch_Object_Output\Table\mktg_ops_tbls_20251219_1224\arc_missing_script_numbers.sql
2025-12-19 12:25:05,208 - INFO - Saved DDL for arc_phss_recert_txn to D:\Create_Fetch_Python_Code\database_object_migration\Fetch_Object_Output\Table\mktg_ops_tbls_20251219_1224\arc_phss_recert_txn.sql
2025-12-19 12:25:05,560 - INFO - Saved DDL for arc_phss_recert_txn_bkp to D:\Create_Fetch_Python_Code\database_object_migration\Fetch_Object_Output\Table\mktg_ops_tbls_20251219_1224\arc_phss_recert_txn_bkp.sql
2025-12-19 12:25:05,932 - INFO - Saved DDL for arc_phss_smry_bkp to D:\Create_Fetch_Python_Code\database_object_migration\Fetch_Object_Output\Table\mktg_ops_tbls_20251219_1224\arc_phss_smry_bkp.sql
2025-12-19 12:25:06,292 - INFO - Saved DDL for arc_phss_txn_bkp to D:\Create_Fetch_Python_Code\database_object_migration\Fetch_Object_Output\Table\mktg_ops_tbls_20251219_1224\arc_phss_txn_bkp.sql
2025-12-19 12:25:06,660 - INFO - Saved DDL for arc_simio_rfm_assets_appends to D:\Create_Fetch_Python_Code\database_object_migration\Fetch_Object_Output\Table\mktg_ops_tbls_20251219_1224\arc_simio_rfm_assets_appends.sql
2025-12-19 12:25:07,024 - INFO - Saved DDL for arc_tag_extrct_bridge to D:\Create_Fetch_Python_Code\database_object_migration\Fetch_Object_Output\Table\mktg_ops_tbls_20251219_1224\arc_tag_extrct_bridge.sql
2025-12-19 12:25:07,390 - INFO - Saved DDL for arc_tag_extrct_bridge_bkp to D:\Create_Fetch_Python_Code\database_object_migration\Fetch_Object_Output\Table\mktg_ops_tbls_20251219_1224\arc_tag_extrct_bridge_bkp.sql
2025-12-19 12:25:07,743 - INFO - Saved DDL for arc_tag_non_fr_extrct_bridge to D:\Create_Fetch_Python_Code\database_object_migration\Fetch_Object_Output\Table\mktg_ops_tbls_20251219_1224\arc_tag_non_fr_extrct_bridge.sql
2025-12-19 12:25:08,112 - INFO - Saved DDL for arc_tag_non_fr_extrct_bridge_bkp to D:\Create_Fetch_Python_Code\database_object_migration\Fetch_Object_Output\Table\mktg_ops_tbls_20251219_1224\arc_tag_non_fr_extrct_bridge_bkp.sql
2025-12-19 12:25:08,469 - INFO - Saved DDL for arc_tag_non_fr_extrct_bridge_tmp to D:\Create_Fetch_Python_Code\database_object_migration\Fetch_Object_Output\Table\mktg_ops_tbls_20251219_1224\arc_tag_non_fr_extrct_bridge_tmp.sql
2025-12-19 12:25:08,842 - INFO - Saved DDL for awb_cdi_mstr_mrg to D:\Create_Fetch_Python_Code\database_object_migration\Fetch_Object_Output\Table\mktg_ops_tbls_20251219_1224\awb_cdi_mstr_mrg.sql
2025-12-19 12:25:09,192 - INFO - Saved DDL for awb_dmail_xtrct to D:\Create_Fetch_Python_Code\database_object_migration\Fetch_Object_Output\Table\mktg_ops_tbls_20251219_1224\awb_dmail_xtrct.sql
2025-12-19 12:25:09,571 - INFO - Saved DDL for awb_dntn_xtrct to D:\Create_Fetch_Python_Code\database_object_migration\Fetch_Object_Output\Table\mktg_ops_tbls_20251219_1224\awb_dntn_xtrct.sql
2025-12-19 12:25:09,925 - INFO - Saved DDL for awb_rcpnt_2_cdi_mstr to D:\Create_Fetch_Python_Code\database_object_migration\Fetch_Object_Output\Table\mktg_ops_tbls_20251219_1224\awb_rcpnt_2_cdi_mstr.sql
2025-12-19 12:25:10,308 - INFO - Saved DDL for awb_rcpnt_2_cdi_mstr_xtrct to D:\Create_Fetch_Python_Code\database_object_migration\Fetch_Object_Output\Table\mktg_ops_tbls_20251219_1224\awb_rcpnt_2_cdi_mstr_xtrct.sql
2025-12-19 12:25:10,671 - INFO - Saved DDL for agent to D:\Create_Fetch_Python_Code\database_object_migration\Fetch_Object_Output\Table\mktg_ops_tbls_20251219_1224\agent.sql
2025-12-19 12:25:11,027 - INFO - Saved DDL for aprm_msg_content_block to D:\Create_Fetch_Python_Code\database_object_migration\Fetch_Object_Output\Table\mktg_ops_tbls_20251219_1224\aprm_msg_content_block.sql
2025-12-19 12:25:11,417 - INFO - Saved DDL for arc_biomed_txn_ext_staff to D:\Create_Fetch_Python_Code\database_object_migration\Fetch_Object_Output\Table\mktg_ops_tbls_20251219_1224\arc_biomed_txn_ext_staff.sql
2025-12-19 12:25:11,793 - INFO - Saved DDL for arc_biomed_txn_ext_staff_bkp to D:\Create_Fetch_Python_Code\database_object_migration\Fetch_Object_Output\Table\mktg_ops_tbls_20251219_1224\arc_biomed_txn_ext_staff_bkp.sql
2025-12-19 12:25:12,174 - INFO - Saved DDL for arc_fr_txn_all_cnst to D:\Create_Fetch_Python_Code\database_object_migration\Fetch_Object_Output\Table\mktg_ops_tbls_20251219_1224\arc_fr_txn_all_cnst.sql
2025-12-19 12:25:12,537 - INFO - Saved DDL for arc_fr_txn_bkp to D:\Create_Fetch_Python_Code\database_object_migration\Fetch_Object_Output\Table\mktg_ops_tbls_20251219_1224\arc_fr_txn_bkp.sql
2025-12-19 12:25:12,904 - INFO - Saved DDL for arc_fr_txn_del to D:\Create_Fetch_Python_Code\database_object_migration\Fetch_Object_Output\Table\mktg_ops_tbls_20251219_1224\arc_fr_txn_del.sql
2025-12-19 12:25:13,279 - INFO - Saved DDL for arc_fr_txn_tst to D:\Create_Fetch_Python_Code\database_object_migration\Fetch_Object_Output\Table\mktg_ops_tbls_20251219_1224\arc_fr_txn_tst.sql
2025-12-19 12:25:13,649 - INFO - Saved DDL for pacific_east_phone_append to D:\Create_Fetch_Python_Code\database_object_migration\Fetch_Object_Output\Table\mktg_ops_tbls_20251219_1224\pacific_east_phone_append.sql
2025-12-19 12:25:14,002 - INFO - Saved DDL for arc_phss_txn to D:\Create_Fetch_Python_Code\database_object_migration\Fetch_Object_Output\Table\mktg_ops_tbls_20251219_1224\arc_phss_txn.sql
2025-12-19 12:25:14,364 - INFO - Saved DDL for load_control_table to D:\Create_Fetch_Python_Code\database_object_migration\Fetch_Object_Output\Table\mktg_ops_tbls_20251219_1224\load_control_table.sql
2025-12-19 12:25:14,735 - INFO - Saved DDL for dim_region_rsmo to D:\Create_Fetch_Python_Code\database_object_migration\Fetch_Object_Output\Table\mktg_ops_tbls_20251219_1224\dim_region_rsmo.sql
2025-12-19 12:25:15,101 - INFO - Saved DDL for dim_bio_donat_freq to D:\Create_Fetch_Python_Code\database_object_migration\Fetch_Object_Output\Table\mktg_ops_tbls_20251219_1224\dim_bio_donat_freq.sql
2025-12-19 12:25:15,449 - INFO - Saved DDL for bzf_cem_cnst_opt_outs_copy to D:\Create_Fetch_Python_Code\database_object_migration\Fetch_Object_Output\Table\mktg_ops_tbls_20251219_1224\bzf_cem_cnst_opt_outs_copy.sql
2025-12-19 12:25:15,821 - INFO - Saved DDL for gofundraise_donor to D:\Create_Fetch_Python_Code\database_object_migration\Fetch_Object_Output\Table\mktg_ops_tbls_20251219_1224\gofundraise_donor.sql
2025-12-19 12:25:16,175 - INFO - Saved DDL for audit_log to D:\Create_Fetch_Python_Code\database_object_migration\Fetch_Object_Output\Table\mktg_ops_tbls_20251219_1224\audit_log.sql
2025-12-19 12:25:16,554 - INFO - Saved DDL for arc_glossary to D:\Create_Fetch_Python_Code\database_object_migration\Fetch_Object_Output\Table\mktg_ops_tbls_20251219_1224\arc_glossary.sql
2025-12-19 12:25:16,919 - INFO - Saved DDL for dim_edrtl_response_period to D:\Create_Fetch_Python_Code\database_object_migration\Fetch_Object_Output\Table\mktg_ops_tbls_20251219_1224\dim_edrtl_response_period.sql
2025-12-19 12:25:17,271 - INFO - Saved DDL for dv_arc_bio_smry to D:\Create_Fetch_Python_Code\database_object_migration\Fetch_Object_Output\Table\mktg_ops_tbls_20251219_1224\dv_arc_bio_smry.sql
2025-12-19 12:25:17,651 - INFO - Saved DDL for dv_arc_entrprs_smry to D:\Create_Fetch_Python_Code\database_object_migration\Fetch_Object_Output\Table\mktg_ops_tbls_20251219_1224\dv_arc_entrprs_smry.sql
2025-12-19 12:25:18,020 - INFO - Saved DDL for dv_arc_fr_smry to D:\Create_Fetch_Python_Code\database_object_migration\Fetch_Object_Output\Table\mktg_ops_tbls_20251219_1224\dv_arc_fr_smry.sql
2025-12-19 12:25:18,387 - INFO - Saved DDL for dv_arc_phss_smry to D:\Create_Fetch_Python_Code\database_object_migration\Fetch_Object_Output\Table\mktg_ops_tbls_20251219_1224\dv_arc_phss_smry.sql
2025-12-19 12:25:18,753 - INFO - Saved DDL for dv_arc_vms_smry to D:\Create_Fetch_Python_Code\database_object_migration\Fetch_Object_Output\Table\mktg_ops_tbls_20251219_1224\dv_arc_vms_smry.sql
2025-12-19 12:25:19,131 - INFO - Saved DDL for aprm_email_bncd to D:\Create_Fetch_Python_Code\database_object_migration\Fetch_Object_Output\Table\mktg_ops_tbls_20251219_1224\aprm_email_bncd.sql
2025-12-19 12:25:19,510 - INFO - Saved DDL for aprm_email_lnk_clkd to D:\Create_Fetch_Python_Code\database_object_migration\Fetch_Object_Output\Table\mktg_ops_tbls_20251219_1224\aprm_email_lnk_clkd.sql
2025-12-19 12:25:19,876 - INFO - Saved DDL for mktg_sky_dates to D:\Create_Fetch_Python_Code\database_object_migration\Fetch_Object_Output\Table\mktg_ops_tbls_20251219_1224\mktg_sky_dates.sql
2025-12-19 12:25:20,261 - INFO - Saved DDL for campgn_yr_end_dow_projctn to D:\Create_Fetch_Python_Code\database_object_migration\Fetch_Object_Output\Table\mktg_ops_tbls_20251219_1224\campgn_yr_end_dow_projctn.sql
2025-12-19 12:25:20,658 - INFO - Saved DDL for global_suprs_domain to D:\Create_Fetch_Python_Code\database_object_migration\Fetch_Object_Output\Table\mktg_ops_tbls_20251219_1224\global_suprs_domain.sql
2025-12-19 12:25:21,023 - INFO - Saved DDL for global_suprs_email to D:\Create_Fetch_Python_Code\database_object_migration\Fetch_Object_Output\Table\mktg_ops_tbls_20251219_1224\global_suprs_email.sql
2025-12-19 12:25:21,449 - INFO - Saved DDL for aprm_email_opened to D:\Create_Fetch_Python_Code\database_object_migration\Fetch_Object_Output\Table\mktg_ops_tbls_20251219_1224\aprm_email_opened.sql
2025-12-19 12:25:21,820 - INFO - Saved DDL for aprm_wb_apnd_prfrnc_cntr to D:\Create_Fetch_Python_Code\database_object_migration\Fetch_Object_Output\Table\mktg_ops_tbls_20251219_1224\aprm_wb_apnd_prfrnc_cntr.sql
2025-12-19 12:25:22,210 - INFO - Saved DDL for adb_nmsservice to D:\Create_Fetch_Python_Code\database_object_migration\Fetch_Object_Output\Table\mktg_ops_tbls_20251219_1224\adb_nmsservice.sql
2025-12-19 12:25:22,573 - INFO - Saved DDL for aprm_email_sent to D:\Create_Fetch_Python_Code\database_object_migration\Fetch_Object_Output\Table\mktg_ops_tbls_20251219_1224\aprm_email_sent.sql
2025-12-19 12:25:22,974 - INFO - Saved DDL for adb_nmsdelivery to D:\Create_Fetch_Python_Code\database_object_migration\Fetch_Object_Output\Table\mktg_ops_tbls_20251219_1224\adb_nmsdelivery.sql
2025-12-19 12:25:23,350 - INFO - Saved DDL for adb_nmswebapplogrcpdata to D:\Create_Fetch_Python_Code\database_object_migration\Fetch_Object_Output\Table\mktg_ops_tbls_20251219_1224\adb_nmswebapplogrcpdata.sql
2025-12-19 12:25:23,714 - INFO - Saved DDL for adb_enumrtn_lkp to D:\Create_Fetch_Python_Code\database_object_migration\Fetch_Object_Output\Table\mktg_ops_tbls_20251219_1224\adb_enumrtn_lkp.sql
2025-12-19 12:25:25,113 - INFO - Saved DDL for adb_nmstrackinglogrcp to D:\Create_Fetch_Python_Code\database_object_migration\Fetch_Object_Output\Table\mktg_ops_tbls_20251219_1224\adb_nmstrackinglogrcp.sql
2025-12-19 12:25:25,489 - INFO - Saved DDL for adb_nmswebapplogrcp to D:\Create_Fetch_Python_Code\database_object_migration\Fetch_Object_Output\Table\mktg_ops_tbls_20251219_1224\adb_nmswebapplogrcp.sql
2025-12-19 12:25:25,850 - INFO - Saved DDL for aprm_wb_apnd_treatmnts to D:\Create_Fetch_Python_Code\database_object_migration\Fetch_Object_Output\Table\mktg_ops_tbls_20251219_1224\aprm_wb_apnd_treatmnts.sql
2025-12-19 12:25:26,213 - INFO - Saved DDL for adb_nmstrackingurl to D:\Create_Fetch_Python_Code\database_object_migration\Fetch_Object_Output\Table\mktg_ops_tbls_20251219_1224\adb_nmstrackingurl.sql
2025-12-19 12:25:26,585 - INFO - Saved DDL for srvy_rgnl_ldrshp_hst to D:\Create_Fetch_Python_Code\database_object_migration\Fetch_Object_Output\Table\mktg_ops_tbls_20251219_1224\srvy_rgnl_ldrshp_hst.sql
2025-12-19 12:25:26,960 - INFO - Saved DDL for srvy_anvrsy_vlntr_rspns_load_cntl to D:\Create_Fetch_Python_Code\database_object_migration\Fetch_Object_Output\Table\mktg_ops_tbls_20251219_1224\srvy_anvrsy_vlntr_rspns_load_cntl.sql
2025-12-19 12:25:27,333 - INFO - Saved DDL for srvy_rgnl_ldrshp_sent to D:\Create_Fetch_Python_Code\database_object_migration\Fetch_Object_Output\Table\mktg_ops_tbls_20251219_1224\srvy_rgnl_ldrshp_sent.sql
2025-12-19 12:25:27,707 - INFO - Saved DDL for srvy_blood_sponsor_respondents to D:\Create_Fetch_Python_Code\database_object_migration\Fetch_Object_Output\Table\mktg_ops_tbls_20251219_1224\srvy_blood_sponsor_respondents.sql
2025-12-19 12:25:28,058 - INFO - Saved DDL for srvy_hsptl_questions_hst to D:\Create_Fetch_Python_Code\database_object_migration\Fetch_Object_Output\Table\mktg_ops_tbls_20251219_1224\srvy_hsptl_questions_hst.sql
2025-12-19 12:25:28,424 - INFO - Saved DDL for srvy_hsptl_rspns_hst to D:\Create_Fetch_Python_Code\database_object_migration\Fetch_Object_Output\Table\mktg_ops_tbls_20251219_1224\srvy_hsptl_rspns_hst.sql
2025-12-19 12:25:28,800 - INFO - Saved DDL for srvy_hsptl_customer_contact to D:\Create_Fetch_Python_Code\database_object_migration\Fetch_Object_Output\Table\mktg_ops_tbls_20251219_1224\srvy_hsptl_customer_contact.sql
2025-12-19 12:25:29,185 - INFO - Saved DDL for srvy_dim_survey to D:\Create_Fetch_Python_Code\database_object_migration\Fetch_Object_Output\Table\mktg_ops_tbls_20251219_1224\srvy_dim_survey.sql
2025-12-19 12:25:29,542 - INFO - Saved DDL for srvy_dim_values to D:\Create_Fetch_Python_Code\database_object_migration\Fetch_Object_Output\Table\mktg_ops_tbls_20251219_1224\srvy_dim_values.sql
2025-12-19 12:25:29,907 - INFO - Saved DDL for srvy_hsptl_load_cntl to D:\Create_Fetch_Python_Code\database_object_migration\Fetch_Object_Output\Table\mktg_ops_tbls_20251219_1224\srvy_hsptl_load_cntl.sql
2025-12-19 12:25:30,267 - INFO - Saved DDL for srvy_hsptl_periods_hst to D:\Create_Fetch_Python_Code\database_object_migration\Fetch_Object_Output\Table\mktg_ops_tbls_20251219_1224\srvy_hsptl_periods_hst.sql
2025-12-19 12:25:30,623 - INFO - Saved DDL for srvy_hsptl_questions to D:\Create_Fetch_Python_Code\database_object_migration\Fetch_Object_Output\Table\mktg_ops_tbls_20251219_1224\srvy_hsptl_questions.sql
2025-12-19 12:25:30,988 - INFO - Saved DDL for srvy_hsptl_questn_catgry to D:\Create_Fetch_Python_Code\database_object_migration\Fetch_Object_Output\Table\mktg_ops_tbls_20251219_1224\srvy_hsptl_questn_catgry.sql
2025-12-19 12:25:31,348 - INFO - Saved DDL for srvy_hsptl_sf_contact to D:\Create_Fetch_Python_Code\database_object_migration\Fetch_Object_Output\Table\mktg_ops_tbls_20251219_1224\srvy_hsptl_sf_contact.sql
2025-12-19 12:25:31,709 - INFO - Saved DDL for srvy_hsptl_survey to D:\Create_Fetch_Python_Code\database_object_migration\Fetch_Object_Output\Table\mktg_ops_tbls_20251219_1224\srvy_hsptl_survey.sql
2025-12-19 12:25:32,074 - INFO - Saved DDL for srvy_hsptl_survey_hst to D:\Create_Fetch_Python_Code\database_object_migration\Fetch_Object_Output\Table\mktg_ops_tbls_20251219_1224\srvy_hsptl_survey_hst.sql
2025-12-19 12:25:32,431 - INFO - Saved DDL for srvy_hsptl_values to D:\Create_Fetch_Python_Code\database_object_migration\Fetch_Object_Output\Table\mktg_ops_tbls_20251219_1224\srvy_hsptl_values.sql
2025-12-19 12:25:32,805 - INFO - Saved DDL for srvy_hsptl_values_hst to D:\Create_Fetch_Python_Code\database_object_migration\Fetch_Object_Output\Table\mktg_ops_tbls_20251219_1224\srvy_hsptl_values_hst.sql
2025-12-19 12:25:33,171 - INFO - Saved DDL for srvy_hsptl_questn_2_srvy_xref to D:\Create_Fetch_Python_Code\database_object_migration\Fetch_Object_Output\Table\mktg_ops_tbls_20251219_1224\srvy_hsptl_questn_2_srvy_xref.sql
2025-12-19 12:25:33,527 - INFO - Saved DDL for srvy_anvrsry_vlntr_load_cntl to D:\Create_Fetch_Python_Code\database_object_migration\Fetch_Object_Output\Table\mktg_ops_tbls_20251219_1224\srvy_anvrsry_vlntr_load_cntl.sql
2025-12-19 12:25:33,889 - INFO - Saved DDL for srvy_anvrsry_vlntr_questions to D:\Create_Fetch_Python_Code\database_object_migration\Fetch_Object_Output\Table\mktg_ops_tbls_20251219_1224\srvy_anvrsry_vlntr_questions.sql
2025-12-19 12:25:34,253 - INFO - Saved DDL for srvy_new_vlntr_questn_2_srvy_xref to D:\Create_Fetch_Python_Code\database_object_migration\Fetch_Object_Output\Table\mktg_ops_tbls_20251219_1224\srvy_new_vlntr_questn_2_srvy_xref.sql
2025-12-19 12:25:34,627 - INFO - Saved DDL for srvy_anvrsry_vlntr_questn_2_srvy_xref to D:\Create_Fetch_Python_Code\database_object_migration\Fetch_Object_Output\Table\mktg_ops_tbls_20251219_1224\srvy_anvrsry_vlntr_questn_2_srvy_xref.sql
2025-12-19 12:25:34,991 - INFO - Saved DDL for srvy_blood_sponsor_load_cntl to D:\Create_Fetch_Python_Code\database_object_migration\Fetch_Object_Output\Table\mktg_ops_tbls_20251219_1224\srvy_blood_sponsor_load_cntl.sql
2025-12-19 12:25:35,355 - INFO - Saved DDL for srvy_blood_sponsor_questions to D:\Create_Fetch_Python_Code\database_object_migration\Fetch_Object_Output\Table\mktg_ops_tbls_20251219_1224\srvy_blood_sponsor_questions.sql
2025-12-19 12:25:35,730 - INFO - Saved DDL for srvy_blood_sponsor_questn_2_srvy_xref to D:\Create_Fetch_Python_Code\database_object_migration\Fetch_Object_Output\Table\mktg_ops_tbls_20251219_1224\srvy_blood_sponsor_questn_2_srvy_xref.sql
2025-12-19 12:25:36,094 - INFO - Saved DDL for srvy_new_vlntr_load_cntl to D:\Create_Fetch_Python_Code\database_object_migration\Fetch_Object_Output\Table\mktg_ops_tbls_20251219_1224\srvy_new_vlntr_load_cntl.sql
2025-12-19 12:25:36,459 - INFO - Saved DDL for srvy_new_vlntr_questions to D:\Create_Fetch_Python_Code\database_object_migration\Fetch_Object_Output\Table\mktg_ops_tbls_20251219_1224\srvy_new_vlntr_questions.sql
2025-12-19 12:25:36,815 - INFO - Saved DDL for srvy_vlntr_dim_values to D:\Create_Fetch_Python_Code\database_object_migration\Fetch_Object_Output\Table\mktg_ops_tbls_20251219_1224\srvy_vlntr_dim_values.sql
2025-12-19 12:25:37,177 - INFO - Saved DDL for srvy_hsptl_respondents_hst_b4072825 to D:\Create_Fetch_Python_Code\database_object_migration\Fetch_Object_Output\Table\mktg_ops_tbls_20251219_1224\srvy_hsptl_respondents_hst_b4072825.sql
2025-12-19 12:25:37,534 - INFO - Saved DDL for srvy_hsptl_respondents_hst to D:\Create_Fetch_Python_Code\database_object_migration\Fetch_Object_Output\Table\mktg_ops_tbls_20251219_1224\srvy_hsptl_respondents_hst.sql
2025-12-19 12:25:37,903 - INFO - Saved DDL for srvy_hsptl_respondents to D:\Create_Fetch_Python_Code\database_object_migration\Fetch_Object_Output\Table\mktg_ops_tbls_20251219_1224\srvy_hsptl_respondents.sql
2025-12-19 12:25:38,259 - INFO - Saved DDL for srvy_new_vlntr_rspns_norm to D:\Create_Fetch_Python_Code\database_object_migration\Fetch_Object_Output\Table\mktg_ops_tbls_20251219_1224\srvy_new_vlntr_rspns_norm.sql
2025-12-19 12:25:38,619 - INFO - Saved DDL for name_gender to D:\Create_Fetch_Python_Code\database_object_migration\Fetch_Object_Output\Table\mktg_ops_tbls_20251219_1224\name_gender.sql
2025-12-19 12:25:39,002 - INFO - Saved DDL for srvy_anvrsy_vlntr_rspns to D:\Create_Fetch_Python_Code\database_object_migration\Fetch_Object_Output\Table\mktg_ops_tbls_20251219_1224\srvy_anvrsy_vlntr_rspns.sql
2025-12-19 12:25:39,357 - INFO - Saved DDL for srvy_anvrsry_vlntr_rspns_norm to D:\Create_Fetch_Python_Code\database_object_migration\Fetch_Object_Output\Table\mktg_ops_tbls_20251219_1224\srvy_anvrsry_vlntr_rspns_norm.sql
2025-12-19 12:25:39,728 - INFO - Saved DDL for area_code_2_time_zone to D:\Create_Fetch_Python_Code\database_object_migration\Fetch_Object_Output\Table\mktg_ops_tbls_20251219_1224\area_code_2_time_zone.sql
2025-12-19 12:25:40,084 - INFO - Saved DDL for dim_bio_product to D:\Create_Fetch_Python_Code\database_object_migration\Fetch_Object_Output\Table\mktg_ops_tbls_20251219_1224\dim_bio_product.sql
2025-12-19 12:25:40,452 - INFO - Saved DDL for final_mobile_common_opt_out to D:\Create_Fetch_Python_Code\database_object_migration\Fetch_Object_Output\Table\mktg_ops_tbls_20251219_1224\final_mobile_common_opt_out.sql
2025-12-19 12:25:40,798 - INFO - Saved DDL for adb_arcreportcellcode to D:\Create_Fetch_Python_Code\database_object_migration\Fetch_Object_Output\Table\mktg_ops_tbls_20251219_1224\adb_arcreportcellcode.sql
2025-12-19 12:25:41,170 - INFO - Saved DDL for utl_mc_bounces to D:\Create_Fetch_Python_Code\database_object_migration\Fetch_Object_Output\Table\mktg_ops_tbls_20251219_1224\utl_mc_bounces.sql
2025-12-19 12:25:41,530 - INFO - Saved DDL for utl_mcl_hard_bounces to D:\Create_Fetch_Python_Code\database_object_migration\Fetch_Object_Output\Table\mktg_ops_tbls_20251219_1224\utl_mcl_hard_bounces.sql
2025-12-19 12:25:41,880 - INFO - Saved DDL for pbi_entrprs_campgn_ts_sends to D:\Create_Fetch_Python_Code\database_object_migration\Fetch_Object_Output\Table\mktg_ops_tbls_20251219_1224\pbi_entrprs_campgn_ts_sends.sql
2025-12-19 12:25:42,256 - INFO - Saved DDL for srvy_blood_sponsor_rspns to D:\Create_Fetch_Python_Code\database_object_migration\Fetch_Object_Output\Table\mktg_ops_tbls_20251219_1224\srvy_blood_sponsor_rspns.sql
2025-12-19 12:25:42,623 - INFO - Saved DDL for fact_vs_surv_resp to D:\Create_Fetch_Python_Code\database_object_migration\Fetch_Object_Output\Table\mktg_ops_tbls_20251219_1224\fact_vs_surv_resp.sql
2025-12-19 12:25:42,991 - INFO - Saved DDL for adb_bio_dnr_stsfctn_srvy to D:\Create_Fetch_Python_Code\database_object_migration\Fetch_Object_Output\Table\mktg_ops_tbls_20251219_1224\adb_bio_dnr_stsfctn_srvy.sql
2025-12-19 12:25:43,353 - INFO - Saved DDL for srvy_new_vlntr_rspns_load_cntl to D:\Create_Fetch_Python_Code\database_object_migration\Fetch_Object_Output\Table\mktg_ops_tbls_20251219_1224\srvy_new_vlntr_rspns_load_cntl.sql
2025-12-19 12:25:43,713 - INFO - Saved DDL for srvy_anvrsy_vlntr_rspns_cmnt to D:\Create_Fetch_Python_Code\database_object_migration\Fetch_Object_Output\Table\mktg_ops_tbls_20251219_1224\srvy_anvrsy_vlntr_rspns_cmnt.sql
2025-12-19 12:25:44,070 - INFO - Saved DDL for bz_arcpg_response_typ to D:\Create_Fetch_Python_Code\database_object_migration\Fetch_Object_Output\Table\mktg_ops_tbls_20251219_1224\bz_arcpg_response_typ.sql
2025-12-19 12:25:44,429 - INFO - Saved DDL for dim_phone_campgn to D:\Create_Fetch_Python_Code\database_object_migration\Fetch_Object_Output\Table\mktg_ops_tbls_20251219_1224\dim_phone_campgn.sql
2025-12-19 12:25:44,794 - INFO - Saved DDL for arc_phss_smry to D:\Create_Fetch_Python_Code\database_object_migration\Fetch_Object_Output\Table\mktg_ops_tbls_20251219_1224\arc_phss_smry.sql
2025-12-19 12:25:45,164 - INFO - Saved DDL for srvy_rgnl_ldrshp to D:\Create_Fetch_Python_Code\database_object_migration\Fetch_Object_Output\Table\mktg_ops_tbls_20251219_1224\srvy_rgnl_ldrshp.sql
2025-12-19 12:25:45,526 - INFO - Saved DDL for dv_de_scorcrd_campgns to D:\Create_Fetch_Python_Code\database_object_migration\Fetch_Object_Output\Table\mktg_ops_tbls_20251219_1224\dv_de_scorcrd_campgns.sql
2025-12-19 12:25:45,904 - INFO - Saved DDL for gms_bzfc_donation_rank to D:\Create_Fetch_Python_Code\database_object_migration\Fetch_Object_Output\Table\mktg_ops_tbls_20251219_1224\gms_bzfc_donation_rank.sql
2025-12-19 12:25:46,269 - INFO - Saved DDL for cnst_cdi_vms_preferred_dmail to D:\Create_Fetch_Python_Code\database_object_migration\Fetch_Object_Output\Table\mktg_ops_tbls_20251219_1224\cnst_cdi_vms_preferred_dmail.sql
2025-12-19 12:25:46,628 - INFO - Saved DDL for cnst_cdi_vms_preferred_email to D:\Create_Fetch_Python_Code\database_object_migration\Fetch_Object_Output\Table\mktg_ops_tbls_20251219_1224\cnst_cdi_vms_preferred_email.sql
2025-12-19 12:25:46,997 - INFO - Saved DDL for adb_accistbl_contacts to D:\Create_Fetch_Python_Code\database_object_migration\Fetch_Object_Output\Table\mktg_ops_tbls_20251219_1224\adb_accistbl_contacts.sql
2025-12-19 12:25:47,363 - INFO - Saved DDL for adb_arcprefchangefr to D:\Create_Fetch_Python_Code\database_object_migration\Fetch_Object_Output\Table\mktg_ops_tbls_20251219_1224\adb_arcprefchangefr.sql
2025-12-19 12:25:48,747 - INFO - Saved DDL for dim_phone_campgn_src_cd_xref to D:\Create_Fetch_Python_Code\database_object_migration\Fetch_Object_Output\Table\mktg_ops_tbls_20251219_1224\dim_phone_campgn_src_cd_xref.sql
2025-12-19 12:25:49,127 - INFO - Saved DDL for adb_arcgms_broadlog to D:\Create_Fetch_Python_Code\database_object_migration\Fetch_Object_Output\Table\mktg_ops_tbls_20251219_1224\adb_arcgms_broadlog.sql
2025-12-19 12:25:49,489 - INFO - Saved DDL for adb_arctreatmentcode to D:\Create_Fetch_Python_Code\database_object_migration\Fetch_Object_Output\Table\mktg_ops_tbls_20251219_1224\adb_arctreatmentcode.sql
2025-12-19 12:25:49,854 - INFO - Saved DDL for adb_nmssubscription to D:\Create_Fetch_Python_Code\database_object_migration\Fetch_Object_Output\Table\mktg_ops_tbls_20251219_1224\adb_nmssubscription.sql
2025-12-19 12:25:50,213 - INFO - Saved DDL for adb_xtkfolder to D:\Create_Fetch_Python_Code\database_object_migration\Fetch_Object_Output\Table\mktg_ops_tbls_20251219_1224\adb_xtkfolder.sql
2025-12-19 12:25:50,560 - INFO - Saved DDL for replication_adb_nmsoperation to D:\Create_Fetch_Python_Code\database_object_migration\Fetch_Object_Output\Table\mktg_ops_tbls_20251219_1224\replication_adb_nmsoperation.sql
2025-12-19 12:25:50,934 - INFO - Saved DDL for replication_adb_xtkworkflow to D:\Create_Fetch_Python_Code\database_object_migration\Fetch_Object_Output\Table\mktg_ops_tbls_20251219_1224\replication_adb_xtkworkflow.sql
2025-12-19 12:25:51,294 - INFO - Saved DDL for scr to D:\Create_Fetch_Python_Code\database_object_migration\Fetch_Object_Output\Table\mktg_ops_tbls_20251219_1224\scr.sql
2025-12-19 12:25:51,653 - INFO - Saved DDL for mktg_load_cntl to D:\Create_Fetch_Python_Code\database_object_migration\Fetch_Object_Output\Table\mktg_ops_tbls_20251219_1224\mktg_load_cntl.sql
2025-12-19 12:25:52,015 - INFO - Saved DDL for mktg_snapsht_load_cntl to D:\Create_Fetch_Python_Code\database_object_migration\Fetch_Object_Output\Table\mktg_ops_tbls_20251219_1224\mktg_snapsht_load_cntl.sql
2025-12-19 12:25:52,387 - INFO - Saved DDL for adb_arcbitlyreturn to D:\Create_Fetch_Python_Code\database_object_migration\Fetch_Object_Output\Table\mktg_ops_tbls_20251219_1224\adb_arcbitlyreturn.sql
2025-12-19 12:25:52,738 - INFO - Saved DDL for adb_nmsoperation to D:\Create_Fetch_Python_Code\database_object_migration\Fetch_Object_Output\Table\mktg_ops_tbls_20251219_1224\adb_nmsoperation.sql
2025-12-19 12:25:53,123 - INFO - Saved DDL for adb_nmsuseragent to D:\Create_Fetch_Python_Code\database_object_migration\Fetch_Object_Output\Table\mktg_ops_tbls_20251219_1224\adb_nmsuseragent.sql
2025-12-19 12:25:53,486 - INFO - Saved DDL for pbi_entrprs_campgn_comnts to D:\Create_Fetch_Python_Code\database_object_migration\Fetch_Object_Output\Table\mktg_ops_tbls_20251219_1224\pbi_entrprs_campgn_comnts.sql
2025-12-19 12:25:53,849 - INFO - Saved DDL for esri_zip_cd_demgrphc to D:\Create_Fetch_Python_Code\database_object_migration\Fetch_Object_Output\Table\mktg_ops_tbls_20251219_1224\esri_zip_cd_demgrphc.sql
2025-12-19 12:25:54,214 - INFO - Saved DDL for bzfc_fact_interaction_all to D:\Create_Fetch_Python_Code\database_object_migration\Fetch_Object_Output\Table\mktg_ops_tbls_20251219_1224\bzfc_fact_interaction_all.sql
2025-12-19 12:25:54,576 - INFO - Saved DDL for cnst_scr_acct to D:\Create_Fetch_Python_Code\database_object_migration\Fetch_Object_Output\Table\mktg_ops_tbls_20251219_1224\cnst_scr_acct.sql
2025-12-19 12:25:54,934 - INFO - Saved DDL for replication_aprm_email_remove to D:\Create_Fetch_Python_Code\database_object_migration\Fetch_Object_Output\Table\mktg_ops_tbls_20251219_1224\replication_aprm_email_remove.sql
2025-12-19 12:25:55,296 - INFO - Saved DDL for aprm_email_remove to D:\Create_Fetch_Python_Code\database_object_migration\Fetch_Object_Output\Table\mktg_ops_tbls_20251219_1224\aprm_email_remove.sql
2025-12-19 12:25:55,664 - INFO - Saved DDL for bz_dim_cnst_demographic to D:\Create_Fetch_Python_Code\database_object_migration\Fetch_Object_Output\Table\mktg_ops_tbls_20251219_1224\bz_dim_cnst_demographic.sql
2025-12-19 12:25:56,042 - INFO - Saved DDL for dim_treatmnt to D:\Create_Fetch_Python_Code\database_object_migration\Fetch_Object_Output\Table\mktg_ops_tbls_20251219_1224\dim_treatmnt.sql
2025-12-19 12:25:56,423 - INFO - Saved DDL for adb_nmsbroadlogrcp to D:\Create_Fetch_Python_Code\database_object_migration\Fetch_Object_Output\Table\mktg_ops_tbls_20251219_1224\adb_nmsbroadlogrcp.sql
2025-12-19 12:25:56,810 - INFO - Saved DDL for srvy_gplg_rspns_ss to D:\Create_Fetch_Python_Code\database_object_migration\Fetch_Object_Output\Table\mktg_ops_tbls_20251219_1224\srvy_gplg_rspns_ss.sql
2025-12-19 12:25:58,303 - INFO - Saved DDL for dm_campaign_hist to D:\Create_Fetch_Python_Code\database_object_migration\Fetch_Object_Output\Table\mktg_ops_tbls_20251219_1224\dm_campaign_hist.sql
2025-12-19 12:25:58,654 - INFO - Saved DDL for dim_vol_inactvtn_rsn_cd to D:\Create_Fetch_Python_Code\database_object_migration\Fetch_Object_Output\Table\mktg_ops_tbls_20251219_1224\dim_vol_inactvtn_rsn_cd.sql
2025-12-19 12:25:59,885 - INFO - Saved DDL for fresh_address_email_append to D:\Create_Fetch_Python_Code\database_object_migration\Fetch_Object_Output\Table\mktg_ops_tbls_20251219_1224\fresh_address_email_append.sql
2025-12-19 12:26:00,526 - INFO - Saved DDL for phone_interaction_eoc to D:\Create_Fetch_Python_Code\database_object_migration\Fetch_Object_Output\Table\mktg_ops_tbls_20251219_1224\phone_interaction_eoc.sql
2025-12-19 12:26:00,888 - INFO - Saved DDL for adb_nmswebapp to D:\Create_Fetch_Python_Code\database_object_migration\Fetch_Object_Output\Table\mktg_ops_tbls_20251219_1224\adb_nmswebapp.sql
2025-12-19 12:26:02,285 - INFO - Saved DDL for pacific_east_email_append to D:\Create_Fetch_Python_Code\database_object_migration\Fetch_Object_Output\Table\mktg_ops_tbls_20251219_1224\pacific_east_email_append.sql
2025-12-19 12:26:02,655 - INFO - Saved DDL for bz_fact_response_pg to D:\Create_Fetch_Python_Code\database_object_migration\Fetch_Object_Output\Table\mktg_ops_tbls_20251219_1224\bz_fact_response_pg.sql
2025-12-19 12:26:03,032 - INFO - Saved DDL for bzfc_fact_response_new to D:\Create_Fetch_Python_Code\database_object_migration\Fetch_Object_Output\Table\mktg_ops_tbls_20251219_1224\bzfc_fact_response_new.sql
2025-12-19 12:26:03,397 - INFO - Saved DDL for fact_response_aprm to D:\Create_Fetch_Python_Code\database_object_migration\Fetch_Object_Output\Table\mktg_ops_tbls_20251219_1224\fact_response_aprm.sql
2025-12-19 12:26:03,768 - INFO - Saved DDL for mobile_commons_20240507_active to D:\Create_Fetch_Python_Code\database_object_migration\Fetch_Object_Output\Table\mktg_ops_tbls_20251219_1224\mobile_commons_20240507_active.sql
2025-12-19 12:26:04,411 - INFO - Saved DDL for adb_nmsrecipient to D:\Create_Fetch_Python_Code\database_object_migration\Fetch_Object_Output\Table\mktg_ops_tbls_20251219_1224\adb_nmsrecipient.sql
2025-12-19 12:26:04,774 - INFO - Saved DDL for pg_calc_stuart_upld_lkp to D:\Create_Fetch_Python_Code\database_object_migration\Fetch_Object_Output\Table\mktg_ops_tbls_20251219_1224\pg_calc_stuart_upld_lkp.sql
2025-12-19 12:26:05,130 - INFO - Saved DDL for bzfc_fact_response_all to D:\Create_Fetch_Python_Code\database_object_migration\Fetch_Object_Output\Table\mktg_ops_tbls_20251219_1224\bzfc_fact_response_all.sql
2025-12-19 12:26:05,506 - INFO - Saved DDL for dim_phone_adtnl_reqst to D:\Create_Fetch_Python_Code\database_object_migration\Fetch_Object_Output\Table\mktg_ops_tbls_20251219_1224\dim_phone_adtnl_reqst.sql
2025-12-19 12:26:05,874 - INFO - Saved DDL for dim_phone_call_dspstn to D:\Create_Fetch_Python_Code\database_object_migration\Fetch_Object_Output\Table\mktg_ops_tbls_20251219_1224\dim_phone_call_dspstn.sql
2025-12-19 12:26:06,233 - INFO - Saved DDL for fundraising_profiles_20240507_unsubscribe_trimmed to D:\Create_Fetch_Python_Code\database_object_migration\Fetch_Object_Output\Table\mktg_ops_tbls_20251219_1224\fundraising_profiles_20240507_unsubscribe_trimmed.sql
2025-12-19 12:26:06,594 - INFO - Saved DDL for mobile_commons_active to D:\Create_Fetch_Python_Code\database_object_migration\Fetch_Object_Output\Table\mktg_ops_tbls_20251219_1224\mobile_commons_active.sql
2025-12-19 12:26:06,949 - INFO - Saved DDL for dim_phone_script to D:\Create_Fetch_Python_Code\database_object_migration\Fetch_Object_Output\Table\mktg_ops_tbls_20251219_1224\dim_phone_script.sql
2025-12-19 12:26:07,326 - INFO - Saved DDL for bzf_cnst_scr_simio to D:\Create_Fetch_Python_Code\database_object_migration\Fetch_Object_Output\Table\mktg_ops_tbls_20251219_1224\bzf_cnst_scr_simio.sql
2025-12-19 12:26:07,692 - INFO - Saved DDL for dim_campgn to D:\Create_Fetch_Python_Code\database_object_migration\Fetch_Object_Output\Table\mktg_ops_tbls_20251219_1224\dim_campgn.sql
2025-12-19 12:26:08,070 - INFO - Saved DDL for bzfc_fact_dmail_interaction to D:\Create_Fetch_Python_Code\database_object_migration\Fetch_Object_Output\Table\mktg_ops_tbls_20251219_1224\bzfc_fact_dmail_interaction.sql
2025-12-19 12:26:08,419 - INFO - Saved DDL for bzfc_pg_response_log_ref to D:\Create_Fetch_Python_Code\database_object_migration\Fetch_Object_Output\Table\mktg_ops_tbls_20251219_1224\bzfc_pg_response_log_ref.sql
2025-12-19 12:26:08,792 - INFO - Saved DDL for fix_site_vol_recruit to D:\Create_Fetch_Python_Code\database_object_migration\Fetch_Object_Output\Table\mktg_ops_tbls_20251219_1224\fix_site_vol_recruit.sql
2025-12-19 12:26:09,145 - INFO - Saved DDL for gms_bz_pg_group_membrshp to D:\Create_Fetch_Python_Code\database_object_migration\Fetch_Object_Output\Table\mktg_ops_tbls_20251219_1224\gms_bz_pg_group_membrshp.sql
2025-12-19 12:26:09,511 - INFO - Saved DDL for pg_response_log_exclusion to D:\Create_Fetch_Python_Code\database_object_migration\Fetch_Object_Output\Table\mktg_ops_tbls_20251219_1224\pg_response_log_exclusion.sql
2025-12-19 12:26:09,875 - INFO - Saved DDL for vcn_smry_intake to D:\Create_Fetch_Python_Code\database_object_migration\Fetch_Object_Output\Table\mktg_ops_tbls_20251219_1224\vcn_smry_intake.sql
2025-12-19 12:26:10,242 - INFO - Saved DDL for bzfc_active_cnst_segmnt to D:\Create_Fetch_Python_Code\database_object_migration\Fetch_Object_Output\Table\mktg_ops_tbls_20251219_1224\bzfc_active_cnst_segmnt.sql
2025-12-19 12:26:10,614 - INFO - Saved DDL for dv_channel_accessibility_stg to D:\Create_Fetch_Python_Code\database_object_migration\Fetch_Object_Output\Table\mktg_ops_tbls_20251219_1224\dv_channel_accessibility_stg.sql
2025-12-19 12:26:10,974 - INFO - Saved DDL for bz_dim_rpt_cell_cd to D:\Create_Fetch_Python_Code\database_object_migration\Fetch_Object_Output\Table\mktg_ops_tbls_20251219_1224\bz_dim_rpt_cell_cd.sql
2025-12-19 12:26:11,340 - INFO - Saved DDL for sw_email_subscrb to D:\Create_Fetch_Python_Code\database_object_migration\Fetch_Object_Output\Table\mktg_ops_tbls_20251219_1224\sw_email_subscrb.sql
2025-12-19 12:26:11,707 - INFO - Saved DDL for sw_email_unsubscrb to D:\Create_Fetch_Python_Code\database_object_migration\Fetch_Object_Output\Table\mktg_ops_tbls_20251219_1224\sw_email_unsubscrb.sql
2025-12-19 12:26:12,071 - INFO - Saved DDL for utl_angry_client to D:\Create_Fetch_Python_Code\database_object_migration\Fetch_Object_Output\Table\mktg_ops_tbls_20251219_1224\utl_angry_client.sql
2025-12-19 12:26:12,436 - INFO - Saved DDL for utl_mc_unsubs to D:\Create_Fetch_Python_Code\database_object_migration\Fetch_Object_Output\Table\mktg_ops_tbls_20251219_1224\utl_mc_unsubs.sql
2025-12-19 12:26:12,794 - INFO - Saved DDL for pbi_entrprs_campgn_smry to D:\Create_Fetch_Python_Code\database_object_migration\Fetch_Object_Output\Table\mktg_ops_tbls_20251219_1224\pbi_entrprs_campgn_smry.sql
2025-12-19 12:26:13,155 - INFO - Saved DDL for dim_email_segmnt to D:\Create_Fetch_Python_Code\database_object_migration\Fetch_Object_Output\Table\mktg_ops_tbls_20251219_1224\dim_email_segmnt.sql
2025-12-19 12:26:13,538 - INFO - Saved DDL for pbi_entrprs_campgn_non_adb to D:\Create_Fetch_Python_Code\database_object_migration\Fetch_Object_Output\Table\mktg_ops_tbls_20251219_1224\pbi_entrprs_campgn_non_adb.sql
2025-12-19 12:26:13,907 - INFO - Saved DDL for fact_dmail_interaction to D:\Create_Fetch_Python_Code\database_object_migration\Fetch_Object_Output\Table\mktg_ops_tbls_20251219_1224\fact_dmail_interaction.sql
2025-12-19 12:26:14,269 - INFO - Saved DDL for fact_interaction_bb to D:\Create_Fetch_Python_Code\database_object_migration\Fetch_Object_Output\Table\mktg_ops_tbls_20251219_1224\fact_interaction_bb.sql
2025-12-19 12:26:14,641 - INFO - Saved DDL for fact_phone_interaction to D:\Create_Fetch_Python_Code\database_object_migration\Fetch_Object_Output\Table\mktg_ops_tbls_20251219_1224\fact_phone_interaction.sql
2025-12-19 12:26:15,006 - INFO - Saved DDL for bzfc_fact_donation to D:\Create_Fetch_Python_Code\database_object_migration\Fetch_Object_Output\Table\mktg_ops_tbls_20251219_1224\bzfc_fact_donation.sql
2025-12-19 12:26:15,362 - INFO - Saved DDL for srvy_gplg_rspns to D:\Create_Fetch_Python_Code\database_object_migration\Fetch_Object_Output\Table\mktg_ops_tbls_20251219_1224\srvy_gplg_rspns.sql
2025-12-19 12:26:15,720 - INFO - Saved DDL for dm_campaign_pg_hist to D:\Create_Fetch_Python_Code\database_object_migration\Fetch_Object_Output\Table\mktg_ops_tbls_20251219_1224\dm_campaign_pg_hist.sql
2025-12-19 12:26:16,087 - INFO - Saved DDL for bzfc_active_cnst_snpsht to D:\Create_Fetch_Python_Code\database_object_migration\Fetch_Object_Output\Table\mktg_ops_tbls_20251219_1224\bzfc_active_cnst_snpsht.sql
2025-12-19 12:26:16,456 - INFO - Saved DDL for global_suprs_cnst_email to D:\Create_Fetch_Python_Code\database_object_migration\Fetch_Object_Output\Table\mktg_ops_tbls_20251219_1224\global_suprs_cnst_email.sql
2025-12-19 12:26:16,820 - INFO - Saved DDL for srvy_new_vlntr_rspns_v21 to D:\Create_Fetch_Python_Code\database_object_migration\Fetch_Object_Output\Table\mktg_ops_tbls_20251219_1224\srvy_new_vlntr_rspns_v21.sql
2025-12-19 12:26:17,187 - INFO - Saved DDL for bz_google_analytics_txn to D:\Create_Fetch_Python_Code\database_object_migration\Fetch_Object_Output\Table\mktg_ops_tbls_20251219_1224\bz_google_analytics_txn.sql
2025-12-19 12:26:17,556 - INFO - Saved DDL for gms_arc_fr_txn to D:\Create_Fetch_Python_Code\database_object_migration\Fetch_Object_Output\Table\mktg_ops_tbls_20251219_1224\gms_arc_fr_txn.sql
2025-12-19 12:26:17,949 - INFO - Saved DDL for srvy_vlntr_p2p_rfrl to D:\Create_Fetch_Python_Code\database_object_migration\Fetch_Object_Output\Table\mktg_ops_tbls_20251219_1224\srvy_vlntr_p2p_rfrl.sql
2025-12-19 12:26:18,356 - INFO - Saved DDL for srvy_new_vlntr_rspns to D:\Create_Fetch_Python_Code\database_object_migration\Fetch_Object_Output\Table\mktg_ops_tbls_20251219_1224\srvy_new_vlntr_rspns.sql
2025-12-19 12:26:18,722 - INFO - Saved DDL for srvy_new_vlntr_rspns_cmnt_curnt to D:\Create_Fetch_Python_Code\database_object_migration\Fetch_Object_Output\Table\mktg_ops_tbls_20251219_1224\srvy_new_vlntr_rspns_cmnt_curnt.sql
2025-12-19 12:26:19,074 - INFO - Saved DDL for srvy_anvrsy_vlntr_rspns_cmnt_curnt to D:\Create_Fetch_Python_Code\database_object_migration\Fetch_Object_Output\Table\mktg_ops_tbls_20251219_1224\srvy_anvrsy_vlntr_rspns_cmnt_curnt.sql
2025-12-19 12:26:19,465 - INFO - Saved DDL for srvy_anvrsy_vlntr_rspns_all to D:\Create_Fetch_Python_Code\database_object_migration\Fetch_Object_Output\Table\mktg_ops_tbls_20251219_1224\srvy_anvrsy_vlntr_rspns_all.sql
2025-12-19 12:26:19,832 - INFO - Saved DDL for _zeroetl_watermark to D:\Create_Fetch_Python_Code\database_object_migration\Fetch_Object_Output\Table\mktg_ops_tbls_20251219_1224\_zeroetl_watermark.sql
2025-12-19 12:26:20,209 - INFO - Saved DDL for bzfc_fact_dmail_intrctn_norm to D:\Create_Fetch_Python_Code\database_object_migration\Fetch_Object_Output\Table\mktg_ops_tbls_20251219_1224\bzfc_fact_dmail_intrctn_norm.sql
2025-12-19 12:26:20,575 - INFO - Saved DDL for gms_arc_fr_smry_cbg to D:\Create_Fetch_Python_Code\database_object_migration\Fetch_Object_Output\Table\mktg_ops_tbls_20251219_1224\gms_arc_fr_smry_cbg.sql
2025-12-19 12:26:20,933 - INFO - Saved DDL for dv_de_accessblty_overall to D:\Create_Fetch_Python_Code\database_object_migration\Fetch_Object_Output\Table\mktg_ops_tbls_20251219_1224\dv_de_accessblty_overall.sql
2025-12-19 12:26:21,302 - INFO - Saved DDL for srvy_hsptl_rspns to D:\Create_Fetch_Python_Code\database_object_migration\Fetch_Object_Output\Table\mktg_ops_tbls_20251219_1224\srvy_hsptl_rspns.sql
2025-12-19 12:26:21,673 - INFO - Saved DDL for srvy_hsptl_rspns_txt to D:\Create_Fetch_Python_Code\database_object_migration\Fetch_Object_Output\Table\mktg_ops_tbls_20251219_1224\srvy_hsptl_rspns_txt.sql
2025-12-19 12:26:22,033 - INFO - Saved DDL for srvy_anvrsry_vlntr_rspns_txt_norm to D:\Create_Fetch_Python_Code\database_object_migration\Fetch_Object_Output\Table\mktg_ops_tbls_20251219_1224\srvy_anvrsry_vlntr_rspns_txt_norm.sql
2025-12-19 12:26:22,399 - INFO - Saved DDL for srvy_new_vlntr_rspns_txt_norm to D:\Create_Fetch_Python_Code\database_object_migration\Fetch_Object_Output\Table\mktg_ops_tbls_20251219_1224\srvy_new_vlntr_rspns_txt_norm.sql
2025-12-19 12:26:22,772 - INFO - Saved DDL for dv_channel_accessibility to D:\Create_Fetch_Python_Code\database_object_migration\Fetch_Object_Output\Table\mktg_ops_tbls_20251219_1224\dv_channel_accessibility.sql
2025-12-19 12:26:23,132 - INFO - Saved DDL for gms_bzfc_fact_email_intrctn_smry to D:\Create_Fetch_Python_Code\database_object_migration\Fetch_Object_Output\Table\mktg_ops_tbls_20251219_1224\gms_bzfc_fact_email_intrctn_smry.sql
2025-12-19 12:26:23,503 - INFO - Saved DDL for gms_arc_fr_smry to D:\Create_Fetch_Python_Code\database_object_migration\Fetch_Object_Output\Table\mktg_ops_tbls_20251219_1224\gms_arc_fr_smry.sql
2025-12-19 12:26:23,869 - INFO - Saved DDL for fact_dmail_interaction_bkp to D:\Create_Fetch_Python_Code\database_object_migration\Fetch_Object_Output\Table\mktg_ops_tbls_20251219_1224\fact_dmail_interaction_bkp.sql
2025-12-19 12:26:24,235 - INFO - Saved DDL for gms_cnst_cdi_smry_fr_prfr to D:\Create_Fetch_Python_Code\database_object_migration\Fetch_Object_Output\Table\mktg_ops_tbls_20251219_1224\gms_cnst_cdi_smry_fr_prfr.sql
2025-12-19 12:26:24,598 - INFO - Saved DDL for bzfc_fact_surv_resp to D:\Create_Fetch_Python_Code\database_object_migration\Fetch_Object_Output\Table\mktg_ops_tbls_20251219_1224\bzfc_fact_surv_resp.sql
2025-12-19 12:26:24,968 - INFO - Saved DDL for bzf_cnst_scr to D:\Create_Fetch_Python_Code\database_object_migration\Fetch_Object_Output\Table\mktg_ops_tbls_20251219_1224\bzf_cnst_scr.sql
2025-12-19 12:26:25,346 - INFO - Saved DDL for srvy_anvrsy_vlntr_rspns_fy21 to D:\Create_Fetch_Python_Code\database_object_migration\Fetch_Object_Output\Table\mktg_ops_tbls_20251219_1224\srvy_anvrsy_vlntr_rspns_fy21.sql
2025-12-19 12:26:25,714 - INFO - Saved DDL for fact_vol_applctn to D:\Create_Fetch_Python_Code\database_object_migration\Fetch_Object_Output\Table\mktg_ops_tbls_20251219_1224\fact_vol_applctn.sql
2025-12-19 12:26:26,081 - INFO - Saved DDL for gms_cnst_behvrl_segmnt to D:\Create_Fetch_Python_Code\database_object_migration\Fetch_Object_Output\Table\mktg_ops_tbls_20251219_1224\gms_cnst_behvrl_segmnt.sql
2025-12-19 12:26:26,438 - INFO - Saved DDL for suprsn_ts_cnst to D:\Create_Fetch_Python_Code\database_object_migration\Fetch_Object_Output\Table\mktg_ops_tbls_20251219_1224\suprsn_ts_cnst.sql
2025-12-19 12:26:26,800 - INFO - Saved DDL for bzl_cnst_fsa_acqstn to D:\Create_Fetch_Python_Code\database_object_migration\Fetch_Object_Output\Table\mktg_ops_tbls_20251219_1224\bzl_cnst_fsa_acqstn.sql
2025-12-19 12:26:27,164 - INFO - Saved DDL for bzfc_fact_interaction to D:\Create_Fetch_Python_Code\database_object_migration\Fetch_Object_Output\Table\mktg_ops_tbls_20251219_1224\bzfc_fact_interaction.sql
2025-12-19 12:26:27,536 - INFO - Saved DDL for bzfc_phss_lrnr_list_membrshp to D:\Create_Fetch_Python_Code\database_object_migration\Fetch_Object_Output\Table\mktg_ops_tbls_20251219_1224\bzfc_phss_lrnr_list_membrshp.sql
2025-12-19 12:26:27,896 - INFO - Saved DDL for google_analytics_txn to D:\Create_Fetch_Python_Code\database_object_migration\Fetch_Object_Output\Table\mktg_ops_tbls_20251219_1224\google_analytics_txn.sql
2025-12-19 12:26:28,260 - INFO - Saved DDL for srvy_anvrsy_vlntr_rspns_fy22 to D:\Create_Fetch_Python_Code\database_object_migration\Fetch_Object_Output\Table\mktg_ops_tbls_20251219_1224\srvy_anvrsy_vlntr_rspns_fy22.sql
2025-12-19 12:26:28,623 - INFO - Saved DDL for campgn_prospct_list to D:\Create_Fetch_Python_Code\database_object_migration\Fetch_Object_Output\Table\mktg_ops_tbls_20251219_1224\campgn_prospct_list.sql
2025-12-19 12:26:28,991 - INFO - Saved DDL for fact_email_interaction to D:\Create_Fetch_Python_Code\database_object_migration\Fetch_Object_Output\Table\mktg_ops_tbls_20251219_1224\fact_email_interaction.sql
2025-12-19 12:26:29,344 - INFO - Saved DDL for pbi_model_perf_dashbrd to D:\Create_Fetch_Python_Code\database_object_migration\Fetch_Object_Output\Table\mktg_ops_tbls_20251219_1224\pbi_model_perf_dashbrd.sql
2025-12-19 12:26:29,714 - INFO - Saved DDL for srvy_new_vlntr_rspns_fy22 to D:\Create_Fetch_Python_Code\database_object_migration\Fetch_Object_Output\Table\mktg_ops_tbls_20251219_1224\srvy_new_vlntr_rspns_fy22.sql
2025-12-19 12:26:30,076 - INFO - Saved DDL for phone_interaction_sustnr_upgr to D:\Create_Fetch_Python_Code\database_object_migration\Fetch_Object_Output\Table\mktg_ops_tbls_20251219_1224\phone_interaction_sustnr_upgr.sql
2025-12-19 12:26:30,438 - INFO - Saved DDL for dim_odr to D:\Create_Fetch_Python_Code\database_object_migration\Fetch_Object_Output\Table\mktg_ops_tbls_20251219_1224\dim_odr.sql
2025-12-19 12:26:30,796 - INFO - Saved DDL for bz_adobe_analytics_rcb_txn to D:\Create_Fetch_Python_Code\database_object_migration\Fetch_Object_Output\Table\mktg_ops_tbls_20251219_1224\bz_adobe_analytics_rcb_txn.sql
2025-12-19 12:26:31,158 - INFO - Saved DDL for pbi_entrprs_campgn_results to D:\Create_Fetch_Python_Code\database_object_migration\Fetch_Object_Output\Table\mktg_ops_tbls_20251219_1224\pbi_entrprs_campgn_results.sql
2025-12-19 12:26:31,524 - INFO - Saved DDL for bz_adobe_analytics_ts_txn to D:\Create_Fetch_Python_Code\database_object_migration\Fetch_Object_Output\Table\mktg_ops_tbls_20251219_1224\bz_adobe_analytics_ts_txn.sql
2025-12-19 12:26:31,877 - INFO - Saved DDL for bz_adobe_analytics_rco_txn to D:\Create_Fetch_Python_Code\database_object_migration\Fetch_Object_Output\Table\mktg_ops_tbls_20251219_1224\bz_adobe_analytics_rco_txn.sql
2025-12-19 12:26:32,252 - INFO - Saved DDL for bzfc_active_cnst_multi_snpsht to D:\Create_Fetch_Python_Code\database_object_migration\Fetch_Object_Output\Table\mktg_ops_tbls_20251219_1224\bzfc_active_cnst_multi_snpsht.sql
2025-12-19 12:26:32,613 - INFO - Saved DDL for bz_arc_fr_smry_atg_first_tm to D:\Create_Fetch_Python_Code\database_object_migration\Fetch_Object_Output\Table\mktg_ops_tbls_20251219_1224\bz_arc_fr_smry_atg_first_tm.sql
2025-12-19 12:26:32,961 - INFO - Saved DDL for bzf_cnst_cdi_sltn_id_bk to D:\Create_Fetch_Python_Code\database_object_migration\Fetch_Object_Output\Table\mktg_ops_tbls_20251219_1224\bzf_cnst_cdi_sltn_id_bk.sql
2025-12-19 12:26:33,333 - INFO - Saved DDL for bzf_cnst_cdi_sltn_id_1 to D:\Create_Fetch_Python_Code\database_object_migration\Fetch_Object_Output\Table\mktg_ops_tbls_20251219_1224\bzf_cnst_cdi_sltn_id_1.sql
2025-12-19 12:26:33,690 - INFO - Saved DDL for bzf_cnst_cdi_sltn_id_2 to D:\Create_Fetch_Python_Code\database_object_migration\Fetch_Object_Output\Table\mktg_ops_tbls_20251219_1224\bzf_cnst_cdi_sltn_id_2.sql
2025-12-19 12:26:34,058 - INFO - Saved DDL for bzf_cnst_cdi_sltn_id_3 to D:\Create_Fetch_Python_Code\database_object_migration\Fetch_Object_Output\Table\mktg_ops_tbls_20251219_1224\bzf_cnst_cdi_sltn_id_3.sql
2025-12-19 12:26:34,413 - INFO - Saved DDL for bzf_cnst_cdi_sltn_id_4 to D:\Create_Fetch_Python_Code\database_object_migration\Fetch_Object_Output\Table\mktg_ops_tbls_20251219_1224\bzf_cnst_cdi_sltn_id_4.sql
2025-12-19 12:26:34,776 - INFO - Saved DDL for srvy_new_vlntr_rspns_fy21 to D:\Create_Fetch_Python_Code\database_object_migration\Fetch_Object_Output\Table\mktg_ops_tbls_20251219_1224\srvy_new_vlntr_rspns_fy21.sql
2025-12-19 12:26:35,141 - INFO - Saved DDL for bz_fact_interaction_pg to D:\Create_Fetch_Python_Code\database_object_migration\Fetch_Object_Output\Table\mktg_ops_tbls_20251219_1224\bz_fact_interaction_pg.sql
2025-12-19 12:26:35,510 - INFO - Saved DDL for chptr_list_membrshp to D:\Create_Fetch_Python_Code\database_object_migration\Fetch_Object_Output\Table\mktg_ops_tbls_20251219_1224\chptr_list_membrshp.sql
2025-12-19 12:26:35,870 - INFO - Saved DDL for pref_cnst_mstr to D:\Create_Fetch_Python_Code\database_object_migration\Fetch_Object_Output\Table\mktg_ops_tbls_20251219_1224\pref_cnst_mstr.sql
2025-12-19 12:26:36,237 - INFO - Saved DDL for bzfc_pg_response_log to D:\Create_Fetch_Python_Code\database_object_migration\Fetch_Object_Output\Table\mktg_ops_tbls_20251219_1224\bzfc_pg_response_log.sql
2025-12-19 12:26:36,593 - INFO - Saved DDL for bz_email_src_cd to D:\Create_Fetch_Python_Code\database_object_migration\Fetch_Object_Output\Table\mktg_ops_tbls_20251219_1224\bz_email_src_cd.sql
2025-12-19 12:26:36,952 - INFO - Saved DDL for bzfc_adb_recipient_insrt_delta to D:\Create_Fetch_Python_Code\database_object_migration\Fetch_Object_Output\Table\mktg_ops_tbls_20251219_1224\bzfc_adb_recipient_insrt_delta.sql
2025-12-19 12:26:38,669 - INFO - Saved DDL for bzfc_cnst_cdi_phss_email_prfl to D:\Create_Fetch_Python_Code\database_object_migration\Fetch_Object_Output\Table\mktg_ops_tbls_20251219_1224\bzfc_cnst_cdi_phss_email_prfl.sql
2025-12-19 12:26:39,026 - INFO - Saved DDL for bzl_cnst_mstr_fsa_in_primary to D:\Create_Fetch_Python_Code\database_object_migration\Fetch_Object_Output\Table\mktg_ops_tbls_20251219_1224\bzl_cnst_mstr_fsa_in_primary.sql
2025-12-19 12:26:39,385 - INFO - Saved DDL for dim_dm_src_treatmnt_xref to D:\Create_Fetch_Python_Code\database_object_migration\Fetch_Object_Output\Table\mktg_ops_tbls_20251219_1224\dim_dm_src_treatmnt_xref.sql
2025-12-19 12:26:39,757 - INFO - Saved DDL for cnst_cdi_smry_phss_prfr to D:\Create_Fetch_Python_Code\database_object_migration\Fetch_Object_Output\Table\mktg_ops_tbls_20251219_1224\cnst_cdi_smry_phss_prfr.sql
2025-12-19 12:26:40,117 - INFO - Saved DDL for pbi_model_perf_tlres to D:\Create_Fetch_Python_Code\database_object_migration\Fetch_Object_Output\Table\mktg_ops_tbls_20251219_1224\pbi_model_perf_tlres.sql
2025-12-19 12:26:40,471 - INFO - Saved DDL for cnst_cdi_smry_bio_prfr to D:\Create_Fetch_Python_Code\database_object_migration\Fetch_Object_Output\Table\mktg_ops_tbls_20251219_1224\cnst_cdi_smry_bio_prfr.sql
2025-12-19 12:26:40,838 - INFO - Saved DDL for cnst_cdi_smry_phss_prfr_stg to D:\Create_Fetch_Python_Code\database_object_migration\Fetch_Object_Output\Table\mktg_ops_tbls_20251219_1224\cnst_cdi_smry_phss_prfr_stg.sql
2025-12-19 12:26:41,198 - INFO - Saved DDL for bzf_cnst_cdi_sltn_id_5 to D:\Create_Fetch_Python_Code\database_object_migration\Fetch_Object_Output\Table\mktg_ops_tbls_20251219_1224\bzf_cnst_cdi_sltn_id_5.sql
2025-12-19 12:26:41,580 - INFO - Saved DDL for bzf_cnst_cdi_sltn_id_all to D:\Create_Fetch_Python_Code\database_object_migration\Fetch_Object_Output\Table\mktg_ops_tbls_20251219_1224\bzf_cnst_cdi_sltn_id_all.sql
2025-12-19 12:26:41,979 - INFO - Saved DDL for bzf_cnst_cdi_sltn_id to D:\Create_Fetch_Python_Code\database_object_migration\Fetch_Object_Output\Table\mktg_ops_tbls_20251219_1224\bzf_cnst_cdi_sltn_id.sql
2025-12-19 12:26:42,357 - INFO - Saved DDL for bzfc_cnst_fr_prfr_em_prfl to D:\Create_Fetch_Python_Code\database_object_migration\Fetch_Object_Output\Table\mktg_ops_tbls_20251219_1224\bzfc_cnst_fr_prfr_em_prfl.sql
2025-12-19 12:26:42,730 - INFO - Saved DDL for bzfc_sponsor_journey_detail to D:\Create_Fetch_Python_Code\database_object_migration\Fetch_Object_Output\Table\mktg_ops_tbls_20251219_1224\bzfc_sponsor_journey_detail.sql
2025-12-19 12:26:43,147 - INFO - Saved DDL for pg_group_ref to D:\Create_Fetch_Python_Code\database_object_migration\Fetch_Object_Output\Table\mktg_ops_tbls_20251219_1224\pg_group_ref.sql
2025-12-19 12:26:43,534 - INFO - Saved DDL for pbi_model_perf_auc to D:\Create_Fetch_Python_Code\database_object_migration\Fetch_Object_Output\Table\mktg_ops_tbls_20251219_1224\pbi_model_perf_auc.sql
2025-12-19 12:26:43,896 - INFO - Saved DDL for srvy_rgnl_ldrshp_fy21 to D:\Create_Fetch_Python_Code\database_object_migration\Fetch_Object_Output\Table\mktg_ops_tbls_20251219_1224\srvy_rgnl_ldrshp_fy21.sql
2025-12-19 12:26:44,308 - INFO - Saved DDL for gms_bzfc_adb_fact_donation to D:\Create_Fetch_Python_Code\database_object_migration\Fetch_Object_Output\Table\mktg_ops_tbls_20251219_1224\gms_bzfc_adb_fact_donation.sql
2025-12-19 12:26:44,712 - INFO - Saved DDL for cnst_cdi_smry_non_fr_prfr to D:\Create_Fetch_Python_Code\database_object_migration\Fetch_Object_Output\Table\mktg_ops_tbls_20251219_1224\cnst_cdi_smry_non_fr_prfr.sql
2025-12-19 12:26:45,084 - INFO - Saved DDL for fact_interaction_aprm to D:\Create_Fetch_Python_Code\database_object_migration\Fetch_Object_Output\Table\mktg_ops_tbls_20251219_1224\fact_interaction_aprm.sql
2025-12-19 12:26:45,461 - INFO - Saved DDL for bzfc_adb_recipient_updt_delta to D:\Create_Fetch_Python_Code\database_object_migration\Fetch_Object_Output\Table\mktg_ops_tbls_20251219_1224\bzfc_adb_recipient_updt_delta.sql
2025-12-19 12:26:45,827 - INFO - Saved DDL for bz_cnst_birth_best to D:\Create_Fetch_Python_Code\database_object_migration\Fetch_Object_Output\Table\mktg_ops_tbls_20251219_1224\bz_cnst_birth_best.sql
2025-12-19 12:26:46,198 - INFO - Saved DDL for bz_pg_group_membrshp to D:\Create_Fetch_Python_Code\database_object_migration\Fetch_Object_Output\Table\mktg_ops_tbls_20251219_1224\bz_pg_group_membrshp.sql
2025-12-19 12:26:46,567 - INFO - Saved DDL for bzfc_sponsor_journey_smry to D:\Create_Fetch_Python_Code\database_object_migration\Fetch_Object_Output\Table\mktg_ops_tbls_20251219_1224\bzfc_sponsor_journey_smry.sql
2025-12-19 12:26:46,927 - INFO - Saved DDL for vms_sta_orgs to D:\Create_Fetch_Python_Code\database_object_migration\Fetch_Object_Output\Table\mktg_ops_tbls_20251219_1224\vms_sta_orgs.sql
2025-12-19 12:26:47,286 - INFO - Saved DDL for vms_sta_indivs to D:\Create_Fetch_Python_Code\database_object_migration\Fetch_Object_Output\Table\mktg_ops_tbls_20251219_1224\vms_sta_indivs.sql
2025-12-19 12:26:47,637 - INFO - Saved DDL for chptr_portal_list_typ_ref to D:\Create_Fetch_Python_Code\database_object_migration\Fetch_Object_Output\Table\mktg_ops_tbls_20251219_1224\chptr_portal_list_typ_ref.sql
2025-12-19 12:26:47,994 - INFO - Saved DDL for dv_active_segmnt_snapsht to D:\Create_Fetch_Python_Code\database_object_migration\Fetch_Object_Output\Table\mktg_ops_tbls_20251219_1224\dv_active_segmnt_snapsht.sql
2025-12-19 12:26:48,363 - INFO - Saved DDL for gms_bzf_cnst_cnstcy to D:\Create_Fetch_Python_Code\database_object_migration\Fetch_Object_Output\Table\mktg_ops_tbls_20251219_1224\gms_bzf_cnst_cnstcy.sql
2025-12-19 12:26:48,745 - INFO - Saved DDL for gms_bzf_cnst_cnstcy_curnt to D:\Create_Fetch_Python_Code\database_object_migration\Fetch_Object_Output\Table\mktg_ops_tbls_20251219_1224\gms_bzf_cnst_cnstcy_curnt.sql
2025-12-19 12:26:49,104 - INFO - Saved DDL for gms_bzfc_cnst_fr_prfr_em_prfl to D:\Create_Fetch_Python_Code\database_object_migration\Fetch_Object_Output\Table\mktg_ops_tbls_20251219_1224\gms_bzfc_cnst_fr_prfr_em_prfl.sql
2025-12-19 12:26:49,458 - INFO - Saved DDL for cnst_cdi_bio_preferred_dmail to D:\Create_Fetch_Python_Code\database_object_migration\Fetch_Object_Output\Table\mktg_ops_tbls_20251219_1224\cnst_cdi_bio_preferred_dmail.sql
2025-12-19 12:26:49,834 - INFO - Saved DDL for gms_cnst_cdi_smry_fr_prfr_stg to D:\Create_Fetch_Python_Code\database_object_migration\Fetch_Object_Output\Table\mktg_ops_tbls_20251219_1224\gms_cnst_cdi_smry_fr_prfr_stg.sql
2025-12-19 12:26:50,195 - INFO - Saved DDL for adb_xtkworkflow to D:\Create_Fetch_Python_Code\database_object_migration\Fetch_Object_Output\Table\mktg_ops_tbls_20251219_1224\adb_xtkworkflow.sql
2025-12-19 12:26:50,556 - INFO - Saved DDL for bzfc_fact_phone_interaction to D:\Create_Fetch_Python_Code\database_object_migration\Fetch_Object_Output\Table\mktg_ops_tbls_20251219_1224\bzfc_fact_phone_interaction.sql
2025-12-19 12:26:50,930 - INFO - Saved DDL for replication_fact_interaction_aprm to D:\Create_Fetch_Python_Code\database_object_migration\Fetch_Object_Output\Table\mktg_ops_tbls_20251219_1224\replication_fact_interaction_aprm.sql
2025-12-19 12:26:51,297 - INFO - Saved DDL for replication_rr_rqq_rql_file_xref to D:\Create_Fetch_Python_Code\database_object_migration\Fetch_Object_Output\Table\mktg_ops_tbls_20251219_1224\replication_rr_rqq_rql_file_xref.sql
2025-12-19 12:26:51,647 - INFO - Saved DDL for lkp_positions_taxonomy_mktg_stg to D:\Create_Fetch_Python_Code\database_object_migration\Fetch_Object_Output\Table\mktg_ops_tbls_20251219_1224\lkp_positions_taxonomy_mktg_stg.sql
2025-12-19 12:26:52,012 - INFO - Saved DDL for pg_src_convrsn to D:\Create_Fetch_Python_Code\database_object_migration\Fetch_Object_Output\Table\mktg_ops_tbls_20251219_1224\pg_src_convrsn.sql
2025-12-19 12:26:52,373 - INFO - Saved DDL for cnst_cdi_smry_vms_prfr to D:\Create_Fetch_Python_Code\database_object_migration\Fetch_Object_Output\Table\mktg_ops_tbls_20251219_1224\cnst_cdi_smry_vms_prfr.sql
2025-12-19 12:26:52,742 - INFO - Saved DDL for cnst_cdi_smry_vms_prfr_stg to D:\Create_Fetch_Python_Code\database_object_migration\Fetch_Object_Output\Table\mktg_ops_tbls_20251219_1224\cnst_cdi_smry_vms_prfr_stg.sql
2025-12-19 12:26:53,109 - INFO - Saved DDL for cnst_cdi_bio_preferred_email to D:\Create_Fetch_Python_Code\database_object_migration\Fetch_Object_Output\Table\mktg_ops_tbls_20251219_1224\cnst_cdi_bio_preferred_email.sql
2025-12-19 12:26:53,507 - INFO - Saved DDL for arc_biomed_smry to D:\Create_Fetch_Python_Code\database_object_migration\Fetch_Object_Output\Table\mktg_ops_tbls_20251219_1224\arc_biomed_smry.sql
2025-12-19 12:26:53,854 - INFO - Saved DDL for pbi_cfremappend_cohort to D:\Create_Fetch_Python_Code\database_object_migration\Fetch_Object_Output\Table\mktg_ops_tbls_20251219_1224\pbi_cfremappend_cohort.sql
2025-12-19 12:26:54,230 - INFO - Saved DDL for bzfc_sms_fr_prfl to D:\Create_Fetch_Python_Code\database_object_migration\Fetch_Object_Output\Table\mktg_ops_tbls_20251219_1224\bzfc_sms_fr_prfl.sql
2025-12-19 12:26:54,578 - INFO - Saved DDL for dim_src_2_intrctn_brdg to D:\Create_Fetch_Python_Code\database_object_migration\Fetch_Object_Output\Table\mktg_ops_tbls_20251219_1224\dim_src_2_intrctn_brdg.sql
2025-12-19 12:26:54,938 - INFO - Saved DDL for pbi_cfremappend_cnst to D:\Create_Fetch_Python_Code\database_object_migration\Fetch_Object_Output\Table\mktg_ops_tbls_20251219_1224\pbi_cfremappend_cnst.sql
2025-12-19 12:26:55,316 - INFO - Saved DDL for replication_adb_nmsbroadlogmsg to D:\Create_Fetch_Python_Code\database_object_migration\Fetch_Object_Output\Table\mktg_ops_tbls_20251219_1224\replication_adb_nmsbroadlogmsg.sql
2025-12-19 12:26:55,678 - INFO - Saved DDL for gms_cnst_cdi_smry_fr_pa_dm to D:\Create_Fetch_Python_Code\database_object_migration\Fetch_Object_Output\Table\mktg_ops_tbls_20251219_1224\gms_cnst_cdi_smry_fr_pa_dm.sql
2025-12-19 12:26:56,054 - INFO - Saved DDL for rr_rqq_rql_file_xref to D:\Create_Fetch_Python_Code\database_object_migration\Fetch_Object_Output\Table\mktg_ops_tbls_20251219_1224\rr_rqq_rql_file_xref.sql
2025-12-19 12:26:56,438 - INFO - Saved DDL for esri_blockgroup_demgrphc to D:\Create_Fetch_Python_Code\database_object_migration\Fetch_Object_Output\Table\mktg_ops_tbls_20251219_1224\esri_blockgroup_demgrphc.sql
2025-12-19 12:26:56,812 - INFO - Saved DDL for gms_bzfc_fact_ask_cntct_intrctn to D:\Create_Fetch_Python_Code\database_object_migration\Fetch_Object_Output\Table\mktg_ops_tbls_20251219_1224\gms_bzfc_fact_ask_cntct_intrctn.sql
2025-12-19 12:26:57,179 - INFO - Saved DDL for adb_nmsbroadlogmsg to D:\Create_Fetch_Python_Code\database_object_migration\Fetch_Object_Output\Table\mktg_ops_tbls_20251219_1224\adb_nmsbroadlogmsg.sql
2025-12-19 12:26:57,536 - INFO - Saved DDL for cnst_cdi_s_f_p_fr_dmail to D:\Create_Fetch_Python_Code\database_object_migration\Fetch_Object_Output\Table\mktg_ops_tbls_20251219_1224\cnst_cdi_s_f_p_fr_dmail.sql
2025-12-19 12:26:57,902 - INFO - Saved DDL for bz_dim_treatmnt to D:\Create_Fetch_Python_Code\database_object_migration\Fetch_Object_Output\Table\mktg_ops_tbls_20251219_1224\bz_dim_treatmnt.sql
2025-12-19 12:26:58,260 - INFO - Saved DDL for cnst_cdi_s_f_p_fr_email to D:\Create_Fetch_Python_Code\database_object_migration\Fetch_Object_Output\Table\mktg_ops_tbls_20251219_1224\cnst_cdi_s_f_p_fr_email.sql
2025-12-19 12:26:58,625 - INFO - Saved DDL for dim_recipient to D:\Create_Fetch_Python_Code\database_object_migration\Fetch_Object_Output\Table\mktg_ops_tbls_20251219_1224\dim_recipient.sql
2025-12-19 12:26:58,985 - INFO - Saved DDL for pbi_bio_demogrphcs to D:\Create_Fetch_Python_Code\database_object_migration\Fetch_Object_Output\Table\mktg_ops_tbls_20251219_1224\pbi_bio_demogrphcs.sql
2025-12-19 12:26:59,348 - INFO - Saved DDL for pbi_model_perf_dim_lol to D:\Create_Fetch_Python_Code\database_object_migration\Fetch_Object_Output\Table\mktg_ops_tbls_20251219_1224\pbi_model_perf_dim_lol.sql
2025-12-19 12:26:59,703 - INFO - Saved DDL for email_src_cd to D:\Create_Fetch_Python_Code\database_object_migration\Fetch_Object_Output\Table\mktg_ops_tbls_20251219_1224\email_src_cd.sql
2025-12-19 12:27:00,082 - INFO - Saved DDL for pbi_sales_pricing_budget to D:\Create_Fetch_Python_Code\database_object_migration\Fetch_Object_Output\Table\mktg_ops_tbls_20251219_1224\pbi_sales_pricing_budget.sql
2025-12-19 12:27:00,462 - INFO - Saved DDL for dim_bio_mstr_cust_appnd to D:\Create_Fetch_Python_Code\database_object_migration\Fetch_Object_Output\Table\mktg_ops_tbls_20251219_1224\dim_bio_mstr_cust_appnd.sql
2025-12-19 12:27:00,821 - INFO - Saved DDL for pbi_bzl_fact_show_prodctv_ind to D:\Create_Fetch_Python_Code\database_object_migration\Fetch_Object_Output\Table\mktg_ops_tbls_20251219_1224\pbi_bzl_fact_show_prodctv_ind.sql
2025-12-19 12:27:01,181 - INFO - Saved DDL for prodct_distrbtn_bdgt to D:\Create_Fetch_Python_Code\database_object_migration\Fetch_Object_Output\Table\mktg_ops_tbls_20251219_1224\prodct_distrbtn_bdgt.sql
2025-12-19 12:27:01,537 - INFO - Saved DDL for phone_interaction_pg_eoc to D:\Create_Fetch_Python_Code\database_object_migration\Fetch_Object_Output\Table\mktg_ops_tbls_20251219_1224\phone_interaction_pg_eoc.sql
2025-12-19 12:27:01,913 - INFO - Saved DDL for fact_interaction_ff to D:\Create_Fetch_Python_Code\database_object_migration\Fetch_Object_Output\Table\mktg_ops_tbls_20251219_1224\fact_interaction_ff.sql
2025-12-19 12:27:02,275 - INFO - Saved DDL for scr_val_ref to D:\Create_Fetch_Python_Code\database_object_migration\Fetch_Object_Output\Table\mktg_ops_tbls_20251219_1224\scr_val_ref.sql
2025-12-19 12:27:02,637 - INFO - Saved DDL for arc_vms_txn to D:\Create_Fetch_Python_Code\database_object_migration\Fetch_Object_Output\Table\mktg_ops_tbls_20251219_1224\arc_vms_txn.sql
2025-12-19 12:27:02,995 - INFO - Saved DDL for bz_cnst_gender_best to D:\Create_Fetch_Python_Code\database_object_migration\Fetch_Object_Output\Table\mktg_ops_tbls_20251219_1224\bz_cnst_gender_best.sql
2025-12-19 12:27:03,351 - INFO - Saved DDL for bz_arc_fr_smry_rco_first_tm to D:\Create_Fetch_Python_Code\database_object_migration\Fetch_Object_Output\Table\mktg_ops_tbls_20251219_1224\bz_arc_fr_smry_rco_first_tm.sql
2025-12-19 12:27:03,715 - INFO - Saved DDL for dv_digtl_engmnt_scorcrd to D:\Create_Fetch_Python_Code\database_object_migration\Fetch_Object_Output\Table\mktg_ops_tbls_20251219_1224\dv_digtl_engmnt_scorcrd.sql
2025-12-19 12:27:04,074 - INFO - Saved DDL for replication_dim_recipient to D:\Create_Fetch_Python_Code\database_object_migration\Fetch_Object_Output\Table\mktg_ops_tbls_20251219_1224\replication_dim_recipient.sql
2025-12-19 12:27:04,429 - INFO - Saved DDL for dv_de_accessblty_lifestg to D:\Create_Fetch_Python_Code\database_object_migration\Fetch_Object_Output\Table\mktg_ops_tbls_20251219_1224\dv_de_accessblty_lifestg.sql
2025-12-19 12:27:04,794 - INFO - Saved DDL for bzfc_fact_intrctn_em_smry to D:\Create_Fetch_Python_Code\database_object_migration\Fetch_Object_Output\Table\mktg_ops_tbls_20251219_1224\bzfc_fact_intrctn_em_smry.sql
2025-12-19 12:27:05,155 - INFO - Saved DDL for cnvo_reactivation_list to D:\Create_Fetch_Python_Code\database_object_migration\Fetch_Object_Output\Table\mktg_ops_tbls_20251219_1224\cnvo_reactivation_list.sql
2025-12-19 12:27:05,512 - INFO - Saved DDL for gms_bzfc_cdi_fr_prfr_email_profile to D:\Create_Fetch_Python_Code\database_object_migration\Fetch_Object_Output\Table\mktg_ops_tbls_20251219_1224\gms_bzfc_cdi_fr_prfr_email_profile.sql
2025-12-19 12:27:05,883 - INFO - Saved DDL for dim_unit_military_station_zips to D:\Create_Fetch_Python_Code\database_object_migration\Fetch_Object_Output\Table\mktg_ops_tbls_20251219_1224\dim_unit_military_station_zips.sql
2025-12-19 12:27:06,254 - INFO - Saved DDL for arc_biomed_txn to D:\Create_Fetch_Python_Code\database_object_migration\Fetch_Object_Output\Table\mktg_ops_tbls_20251219_1224\arc_biomed_txn.sql
2025-12-19 12:27:06,612 - INFO - Saved DDL for vaidity_email_valdtn to D:\Create_Fetch_Python_Code\database_object_migration\Fetch_Object_Output\Table\mktg_ops_tbls_20251219_1224\vaidity_email_valdtn.sql
2025-12-19 12:27:06,978 - INFO - Saved DDL for bzf_cem_cnst_opt_outs_stg to D:\Create_Fetch_Python_Code\database_object_migration\Fetch_Object_Output\Table\mktg_ops_tbls_20251219_1224\bzf_cem_cnst_opt_outs_stg.sql
2025-12-19 12:27:07,335 - INFO - Saved DDL for cnst_cdi_phss_preferred_email to D:\Create_Fetch_Python_Code\database_object_migration\Fetch_Object_Output\Table\mktg_ops_tbls_20251219_1224\cnst_cdi_phss_preferred_email.sql
2025-12-19 12:27:07,693 - INFO - Saved DDL for dim_phone_campgn_bkp to D:\Create_Fetch_Python_Code\database_object_migration\Fetch_Object_Output\Table\mktg_ops_tbls_20251219_1224\dim_phone_campgn_bkp.sql
2025-12-19 12:27:08,079 - INFO - Saved DDL for dim_online_channel to D:\Create_Fetch_Python_Code\database_object_migration\Fetch_Object_Output\Table\mktg_ops_tbls_20251219_1224\dim_online_channel.sql
2025-12-19 12:27:08,448 - INFO - Saved DDL for suspect_domains to D:\Create_Fetch_Python_Code\database_object_migration\Fetch_Object_Output\Table\mktg_ops_tbls_20251219_1224\suspect_domains.sql
2025-12-19 12:27:08,812 - INFO - Saved DDL for cnst_cdi_phss_preferred_dmail to D:\Create_Fetch_Python_Code\database_object_migration\Fetch_Object_Output\Table\mktg_ops_tbls_20251219_1224\cnst_cdi_phss_preferred_dmail.sql
2025-12-19 12:27:09,175 - INFO - Saved DDL for arc_vms_smry to D:\Create_Fetch_Python_Code\database_object_migration\Fetch_Object_Output\Table\mktg_ops_tbls_20251219_1224\arc_vms_smry.sql
2025-12-19 12:27:09,545 - INFO - Saved DDL for cnst_addr_ncoa_log to D:\Create_Fetch_Python_Code\database_object_migration\Fetch_Object_Output\Table\mktg_ops_tbls_20251219_1224\cnst_addr_ncoa_log.sql
2025-12-19 12:27:09,902 - INFO - Saved DDL for dim_delivery to D:\Create_Fetch_Python_Code\database_object_migration\Fetch_Object_Output\Table\mktg_ops_tbls_20251219_1224\dim_delivery.sql
2025-12-19 12:27:10,274 - INFO - Saved DDL for bz_gms_arc_fr_txn_segmnt to D:\Create_Fetch_Python_Code\database_object_migration\Fetch_Object_Output\Table\mktg_ops_tbls_20251219_1224\bz_gms_arc_fr_txn_segmnt.sql
2025-12-19 12:27:10,633 - INFO - Saved DDL for gms_arc_fr_smry_sustnr to D:\Create_Fetch_Python_Code\database_object_migration\Fetch_Object_Output\Table\mktg_ops_tbls_20251219_1224\gms_arc_fr_smry_sustnr.sql
2025-12-19 12:27:10,999 - INFO - Saved DDL for adb_nmsinsms to D:\Create_Fetch_Python_Code\database_object_migration\Fetch_Object_Output\Table\mktg_ops_tbls_20251219_1224\adb_nmsinsms.sql
2025-12-19 12:27:11,367 - INFO - Saved DDL for bio_dnr_srvy_donat_key_map to D:\Create_Fetch_Python_Code\database_object_migration\Fetch_Object_Output\Table\mktg_ops_tbls_20251219_1224\bio_dnr_srvy_donat_key_map.sql
2025-12-19 12:27:11,733 - INFO - Saved DDL for bzfc_sms_profile to D:\Create_Fetch_Python_Code\database_object_migration\Fetch_Object_Output\Table\mktg_ops_tbls_20251219_1224\bzfc_sms_profile.sql
2025-12-19 12:27:12,100 - INFO - Saved DDL for adb_nmsaddress to D:\Create_Fetch_Python_Code\database_object_migration\Fetch_Object_Output\Table\mktg_ops_tbls_20251219_1224\adb_nmsaddress.sql
2025-12-19 12:27:12,463 - INFO - Saved DDL for adb_nmsexcludelogrcp to D:\Create_Fetch_Python_Code\database_object_migration\Fetch_Object_Output\Table\mktg_ops_tbls_20251219_1224\adb_nmsexcludelogrcp.sql
2025-12-19 12:27:12,825 - INFO - Saved DDL for gms_cnst_cdi_smry_fr_prfr_bzf_cem_cnst_opt_outs_stg to D:\Create_Fetch_Python_Code\database_object_migration\Fetch_Object_Output\Table\mktg_ops_tbls_20251219_1224\gms_cnst_cdi_smry_fr_prfr_bzf_cem_cnst_opt_outs_stg.sql
2025-12-19 12:27:13,228 - INFO - Saved DDL for bz_cur_mth_bio_donor_freq2 to D:\Create_Fetch_Python_Code\database_object_migration\Fetch_Object_Output\Table\mktg_ops_tbls_20251219_1224\bz_cur_mth_bio_donor_freq2.sql
2025-12-19 12:27:13,597 - INFO - Saved DDL for bz_cur_mth_bio_donor_freq to D:\Create_Fetch_Python_Code\database_object_migration\Fetch_Object_Output\Table\mktg_ops_tbls_20251219_1224\bz_cur_mth_bio_donor_freq.sql
2025-12-19 12:27:13,953 - INFO - Saved DDL for replication_dim_person to D:\Create_Fetch_Python_Code\database_object_migration\Fetch_Object_Output\Table\mktg_ops_tbls_20251219_1224\replication_dim_person.sql
2025-12-19 12:27:14,317 - INFO - Saved DDL for bzf_cnst_chrctrstc_simio to D:\Create_Fetch_Python_Code\database_object_migration\Fetch_Object_Output\Table\mktg_ops_tbls_20251219_1224\bzf_cnst_chrctrstc_simio.sql
2025-12-19 12:27:14,685 - INFO - Saved DDL for bzfc_bio_dnr_segment_dashbrd to D:\Create_Fetch_Python_Code\database_object_migration\Fetch_Object_Output\Table\mktg_ops_tbls_20251219_1224\bzfc_bio_dnr_segment_dashbrd.sql
2025-12-19 12:27:15,035 - INFO - Saved DDL for bz_arc_fr_smry_rco_last_donat to D:\Create_Fetch_Python_Code\database_object_migration\Fetch_Object_Output\Table\mktg_ops_tbls_20251219_1224\bz_arc_fr_smry_rco_last_donat.sql
2025-12-19 12:27:15,407 - INFO - Saved DDL for bz_arc_fr_smry_rco_last_sustnr_donat to D:\Create_Fetch_Python_Code\database_object_migration\Fetch_Object_Output\Table\mktg_ops_tbls_20251219_1224\bz_arc_fr_smry_rco_last_sustnr_donat.sql
2025-12-19 12:27:15,407 - INFO - DDL fetch completed successfully
