2025-12-19 12:22:02,220 - INFO - Successfully connected to Redshift
2025-12-19 12:22:03,334 - INFO - Fetched 128 stored procedures from schema mktg_ops_tbls
2025-12-19 12:22:04,048 - INFO - Saved DDL for ld_cnst_cdi_phss_preferred_dmail to D:\Create_Fetch_Python_Code\database_object_migration\Fetch_Object_Output\Procedure\mktg_ops_tbls_20251219_1221\ld_cnst_cdi_phss_preferred_dmail.sql
2025-12-19 12:22:04,399 - INFO - Saved DDL for ld_cnst_cdi_phss_preferred_email to D:\Create_Fetch_Python_Code\database_object_migration\Fetch_Object_Output\Procedure\mktg_ops_tbls_20251219_1221\ld_cnst_cdi_phss_preferred_email.sql
2025-12-19 12:22:04,748 - INFO - Saved DDL for sp_backup_dim_phone_script to D:\Create_Fetch_Python_Code\database_object_migration\Fetch_Object_Output\Procedure\mktg_ops_tbls_20251219_1221\sp_backup_dim_phone_script.sql
2025-12-19 12:22:05,386 - INFO - Saved DDL for ld_gms_arc_fr_txn to D:\Create_Fetch_Python_Code\database_object_migration\Fetch_Object_Output\Procedure\mktg_ops_tbls_20251219_1221\ld_gms_arc_fr_txn.sql
2025-12-19 12:22:05,728 - INFO - Saved DDL for ld_gms_arc_fr_giftran_stg to D:\Create_Fetch_Python_Code\database_object_migration\Fetch_Object_Output\Procedure\mktg_ops_tbls_20251219_1221\ld_gms_arc_fr_giftran_stg.sql
2025-12-19 12:22:06,087 - INFO - Saved DDL for ld_cnst_cdi_arc_biomed_txn to D:\Create_Fetch_Python_Code\database_object_migration\Fetch_Object_Output\Procedure\mktg_ops_tbls_20251219_1221\ld_cnst_cdi_arc_biomed_txn.sql
2025-12-19 12:22:06,435 - INFO - Saved DDL for ld_arc_vms_smry to D:\Create_Fetch_Python_Code\database_object_migration\Fetch_Object_Output\Procedure\mktg_ops_tbls_20251219_1221\ld_arc_vms_smry.sql
2025-12-19 12:22:06,791 - INFO - Saved DDL for ld_arc_vms_txn to D:\Create_Fetch_Python_Code\database_object_migration\Fetch_Object_Output\Procedure\mktg_ops_tbls_20251219_1221\ld_arc_vms_txn.sql
2025-12-19 12:22:10,351 - INFO - Saved DDL for ld_gms_arc_fr_smry to D:\Create_Fetch_Python_Code\database_object_migration\Fetch_Object_Output\Procedure\mktg_ops_tbls_20251219_1221\ld_gms_arc_fr_smry.sql
2025-12-19 12:22:10,698 - INFO - Saved DDL for ld_cnst_cdi_arc_biomed_smry to D:\Create_Fetch_Python_Code\database_object_migration\Fetch_Object_Output\Procedure\mktg_ops_tbls_20251219_1221\ld_cnst_cdi_arc_biomed_smry.sql
2025-12-19 12:22:11,056 - INFO - Saved DDL for sp_upsert_dim_campgn to D:\Create_Fetch_Python_Code\database_object_migration\Fetch_Object_Output\Procedure\mktg_ops_tbls_20251219_1221\sp_upsert_dim_campgn.sql
2025-12-19 12:22:13,942 - INFO - Saved DDL for ld_gms_cnst_cdi_smry_fr_prfr to D:\Create_Fetch_Python_Code\database_object_migration\Fetch_Object_Output\Procedure\mktg_ops_tbls_20251219_1221\ld_gms_cnst_cdi_smry_fr_prfr.sql
2025-12-19 12:22:14,281 - INFO - Saved DDL for ld_bz_dim_cnst_demographic to D:\Create_Fetch_Python_Code\database_object_migration\Fetch_Object_Output\Procedure\mktg_ops_tbls_20251219_1221\ld_bz_dim_cnst_demographic.sql
2025-12-19 12:22:14,646 - INFO - Saved DDL for ld_bz_dim_treatmnt to D:\Create_Fetch_Python_Code\database_object_migration\Fetch_Object_Output\Procedure\mktg_ops_tbls_20251219_1221\ld_bz_dim_treatmnt.sql
2025-12-19 12:22:15,277 - INFO - Saved DDL for ld_bz_srvy_rgnl_ldrshp to D:\Create_Fetch_Python_Code\database_object_migration\Fetch_Object_Output\Procedure\mktg_ops_tbls_20251219_1221\ld_bz_srvy_rgnl_ldrshp.sql
2025-12-19 12:22:15,621 - INFO - Saved DDL for ld_bz_cnst_birth_best to D:\Create_Fetch_Python_Code\database_object_migration\Fetch_Object_Output\Procedure\mktg_ops_tbls_20251219_1221\ld_bz_cnst_birth_best.sql
2025-12-19 12:22:15,977 - INFO - Saved DDL for ld_dv_channel_accessibility to D:\Create_Fetch_Python_Code\database_object_migration\Fetch_Object_Output\Procedure\mktg_ops_tbls_20251219_1221\ld_dv_channel_accessibility.sql
2025-12-19 12:22:16,366 - INFO - Saved DDL for ld_bzfc_fact_intrctn_em_smry to D:\Create_Fetch_Python_Code\database_object_migration\Fetch_Object_Output\Procedure\mktg_ops_tbls_20251219_1221\ld_bzfc_fact_intrctn_em_smry.sql
2025-12-19 12:22:16,718 - INFO - Saved DDL for ld_gms_cnst_behvrl_segmnt to D:\Create_Fetch_Python_Code\database_object_migration\Fetch_Object_Output\Procedure\mktg_ops_tbls_20251219_1221\ld_gms_cnst_behvrl_segmnt.sql
2025-12-19 12:22:17,078 - INFO - Saved DDL for ld_srvy_hsptl_rspns_txt to D:\Create_Fetch_Python_Code\database_object_migration\Fetch_Object_Output\Procedure\mktg_ops_tbls_20251219_1221\ld_srvy_hsptl_rspns_txt.sql
2025-12-19 12:22:17,426 - INFO - Saved DDL for ld_srvy_new_anvrsy_vlntr_rspns to D:\Create_Fetch_Python_Code\database_object_migration\Fetch_Object_Output\Procedure\mktg_ops_tbls_20251219_1221\ld_srvy_new_anvrsy_vlntr_rspns.sql
2025-12-19 12:22:17,768 - INFO - Saved DDL for ld_bz_google_analytics_txn to D:\Create_Fetch_Python_Code\database_object_migration\Fetch_Object_Output\Procedure\mktg_ops_tbls_20251219_1221\ld_bz_google_analytics_txn.sql
2025-12-19 12:22:18,128 - INFO - Saved DDL for ld_gms_bzfc_cnst_fr_prfr_em_prfl to D:\Create_Fetch_Python_Code\database_object_migration\Fetch_Object_Output\Procedure\mktg_ops_tbls_20251219_1221\ld_gms_bzfc_cnst_fr_prfr_em_prfl.sql
2025-12-19 12:22:18,482 - INFO - Saved DDL for updt_email_append_suprsn to D:\Create_Fetch_Python_Code\database_object_migration\Fetch_Object_Output\Procedure\mktg_ops_tbls_20251219_1221\updt_email_append_suprsn.sql
2025-12-19 12:22:18,837 - INFO - Saved DDL for ld_bzfc_active_cnst_snpsht to D:\Create_Fetch_Python_Code\database_object_migration\Fetch_Object_Output\Procedure\mktg_ops_tbls_20251219_1221\ld_bzfc_active_cnst_snpsht.sql
2025-12-19 12:22:19,205 - INFO - Saved DDL for ld_fact_vol_applctn to D:\Create_Fetch_Python_Code\database_object_migration\Fetch_Object_Output\Procedure\mktg_ops_tbls_20251219_1221\ld_fact_vol_applctn.sql
2025-12-19 12:22:19,561 - INFO - Saved DDL for ld_bzf_cnst_cdi_sltn_id to D:\Create_Fetch_Python_Code\database_object_migration\Fetch_Object_Output\Procedure\mktg_ops_tbls_20251219_1221\ld_bzf_cnst_cdi_sltn_id.sql
2025-12-19 12:22:21,139 - INFO - Saved DDL for ld_gms_bzfc_adb_fact_donation to D:\Create_Fetch_Python_Code\database_object_migration\Fetch_Object_Output\Procedure\mktg_ops_tbls_20251219_1221\ld_gms_bzfc_adb_fact_donation.sql
2025-12-19 12:22:22,045 - INFO - Saved DDL for ld_srvy_anvrsy_vlntr_rspns_all to D:\Create_Fetch_Python_Code\database_object_migration\Fetch_Object_Output\Procedure\mktg_ops_tbls_20251219_1221\ld_srvy_anvrsy_vlntr_rspns_all.sql
2025-12-19 12:22:22,401 - INFO - Saved DDL for ld_fact_dmail_interaction_updt to D:\Create_Fetch_Python_Code\database_object_migration\Fetch_Object_Output\Procedure\mktg_ops_tbls_20251219_1221\ld_fact_dmail_interaction_updt.sql
2025-12-19 12:22:22,761 - INFO - Saved DDL for ld_bzfc_cnst_cdi_phss_em_prfl to D:\Create_Fetch_Python_Code\database_object_migration\Fetch_Object_Output\Procedure\mktg_ops_tbls_20251219_1221\ld_bzfc_cnst_cdi_phss_em_prfl.sql
2025-12-19 12:22:23,111 - INFO - Saved DDL for ld_bzfc_sms_profile to D:\Create_Fetch_Python_Code\database_object_migration\Fetch_Object_Output\Procedure\mktg_ops_tbls_20251219_1221\ld_bzfc_sms_profile.sql
2025-12-19 12:22:23,467 - INFO - Saved DDL for ld_gms_bz_pg_group_membrshp to D:\Create_Fetch_Python_Code\database_object_migration\Fetch_Object_Output\Procedure\mktg_ops_tbls_20251219_1221\ld_gms_bz_pg_group_membrshp.sql
2025-12-19 12:22:23,813 - INFO - Saved DDL for ld_bz_email_src_cd to D:\Create_Fetch_Python_Code\database_object_migration\Fetch_Object_Output\Procedure\mktg_ops_tbls_20251219_1221\ld_bz_email_src_cd.sql
2025-12-19 12:22:24,159 - INFO - Saved DDL for ld_suprsn_ts_cnst to D:\Create_Fetch_Python_Code\database_object_migration\Fetch_Object_Output\Procedure\mktg_ops_tbls_20251219_1221\ld_suprsn_ts_cnst.sql
2025-12-19 12:22:24,518 - INFO - Saved DDL for ld_bz_arc_fr_smry_rco_first_tm to D:\Create_Fetch_Python_Code\database_object_migration\Fetch_Object_Output\Procedure\mktg_ops_tbls_20251219_1221\ld_bz_arc_fr_smry_rco_first_tm.sql
2025-12-19 12:22:24,862 - INFO - Saved DDL for ld_bz_gms_arc_fr_txn_segmnt to D:\Create_Fetch_Python_Code\database_object_migration\Fetch_Object_Output\Procedure\mktg_ops_tbls_20251219_1221\ld_bz_gms_arc_fr_txn_segmnt.sql
2025-12-19 12:22:25,211 - INFO - Saved DDL for ld_dv_de_scorcrd_campgns to D:\Create_Fetch_Python_Code\database_object_migration\Fetch_Object_Output\Procedure\mktg_ops_tbls_20251219_1221\ld_dv_de_scorcrd_campgns.sql
2025-12-19 12:22:25,852 - INFO - Saved DDL for ld_gms_arc_fr_smry_sustnr to D:\Create_Fetch_Python_Code\database_object_migration\Fetch_Object_Output\Procedure\mktg_ops_tbls_20251219_1221\ld_gms_arc_fr_smry_sustnr.sql
2025-12-19 12:22:26,538 - INFO - Saved DDL for ld_arc_phss_smry to D:\Create_Fetch_Python_Code\database_object_migration\Fetch_Object_Output\Procedure\mktg_ops_tbls_20251219_1221\ld_arc_phss_smry.sql
2025-12-19 12:22:27,173 - INFO - Saved DDL for ld_bzfc_fact_dmail_intrctn_norm to D:\Create_Fetch_Python_Code\database_object_migration\Fetch_Object_Output\Procedure\mktg_ops_tbls_20251219_1221\ld_bzfc_fact_dmail_intrctn_norm.sql
2025-12-19 12:22:27,537 - INFO - Saved DDL for ld_bzl_cnst_mstr_fsa_in_primry to D:\Create_Fetch_Python_Code\database_object_migration\Fetch_Object_Output\Procedure\mktg_ops_tbls_20251219_1221\ld_bzl_cnst_mstr_fsa_in_primry.sql
2025-12-19 12:22:27,884 - INFO - Saved DDL for ld_dim_dm_src_treatmnt_xref to D:\Create_Fetch_Python_Code\database_object_migration\Fetch_Object_Output\Procedure\mktg_ops_tbls_20251219_1221\ld_dim_dm_src_treatmnt_xref.sql
2025-12-19 12:22:29,396 - INFO - Saved DDL for ld_bzfc_pg_response_log to D:\Create_Fetch_Python_Code\database_object_migration\Fetch_Object_Output\Procedure\mktg_ops_tbls_20251219_1221\ld_bzfc_pg_response_log.sql
2025-12-19 12:22:31,209 - INFO - Saved DDL for ld_dv_de_accessblty_overall to D:\Create_Fetch_Python_Code\database_object_migration\Fetch_Object_Output\Procedure\mktg_ops_tbls_20251219_1221\ld_dv_de_accessblty_overall.sql
2025-12-19 12:22:31,572 - INFO - Saved DDL for ld_mbl_dntns_zero_dollar_insert to D:\Create_Fetch_Python_Code\database_object_migration\Fetch_Object_Output\Procedure\mktg_ops_tbls_20251219_1221\ld_mbl_dntns_zero_dollar_insert.sql
2025-12-19 12:22:31,929 - INFO - Saved DDL for ld_bz_dim_rpt_cell_cd to D:\Create_Fetch_Python_Code\database_object_migration\Fetch_Object_Output\Procedure\mktg_ops_tbls_20251219_1221\ld_bz_dim_rpt_cell_cd.sql
2025-12-19 12:22:32,272 - INFO - Saved DDL for ld_cnst_cdi_vms_preferred_email to D:\Create_Fetch_Python_Code\database_object_migration\Fetch_Object_Output\Procedure\mktg_ops_tbls_20251219_1221\ld_cnst_cdi_vms_preferred_email.sql
2025-12-19 12:22:32,639 - INFO - Saved DDL for ld_cnst_cdi_vms_preferred_dmail to D:\Create_Fetch_Python_Code\database_object_migration\Fetch_Object_Output\Procedure\mktg_ops_tbls_20251219_1221\ld_cnst_cdi_vms_preferred_dmail.sql
2025-12-19 12:22:33,329 - INFO - Saved DDL for ld_cnst_cdi_smry_vms_prfr to D:\Create_Fetch_Python_Code\database_object_migration\Fetch_Object_Output\Procedure\mktg_ops_tbls_20251219_1221\ld_cnst_cdi_smry_vms_prfr.sql
2025-12-19 12:22:33,703 - INFO - Saved DDL for ld_bzfc_adb_recipient_updt_delta to D:\Create_Fetch_Python_Code\database_object_migration\Fetch_Object_Output\Procedure\mktg_ops_tbls_20251219_1221\ld_bzfc_adb_recipient_updt_delta.sql
2025-12-19 12:22:34,609 - INFO - Saved DDL for ld_dv_active_segmnt_snapsht to D:\Create_Fetch_Python_Code\database_object_migration\Fetch_Object_Output\Procedure\mktg_ops_tbls_20251219_1221\ld_dv_active_segmnt_snapsht.sql
2025-12-19 12:22:34,957 - INFO - Saved DDL for ld_dv_arc_entrprs_smry to D:\Create_Fetch_Python_Code\database_object_migration\Fetch_Object_Output\Procedure\mktg_ops_tbls_20251219_1221\ld_dv_arc_entrprs_smry.sql
2025-12-19 12:22:40,722 - INFO - Saved DDL for ld_pbi_entrprs_campgn_results to D:\Create_Fetch_Python_Code\database_object_migration\Fetch_Object_Output\Procedure\mktg_ops_tbls_20251219_1221\ld_pbi_entrprs_campgn_results.sql
2025-12-19 12:22:42,170 - INFO - Saved DDL for ld_srvy_new_vlntr_rspns_norm to D:\Create_Fetch_Python_Code\database_object_migration\Fetch_Object_Output\Procedure\mktg_ops_tbls_20251219_1221\ld_srvy_new_vlntr_rspns_norm.sql
2025-12-19 12:22:43,817 - INFO - Saved DDL for ld_gms_arc_fr_smry_cbg to D:\Create_Fetch_Python_Code\database_object_migration\Fetch_Object_Output\Procedure\mktg_ops_tbls_20251219_1221\ld_gms_arc_fr_smry_cbg.sql
2025-12-19 12:22:44,704 - INFO - Saved DDL for ld_gms_bzf_cnst_cnstcy to D:\Create_Fetch_Python_Code\database_object_migration\Fetch_Object_Output\Procedure\mktg_ops_tbls_20251219_1221\ld_gms_bzf_cnst_cnstcy.sql
2025-12-19 12:22:45,320 - INFO - Saved DDL for ld_gms_bzf_cnst_cnstcy_curnt to D:\Create_Fetch_Python_Code\database_object_migration\Fetch_Object_Output\Procedure\mktg_ops_tbls_20251219_1221\ld_gms_bzf_cnst_cnstcy_curnt.sql
2025-12-19 12:22:45,953 - INFO - Saved DDL for ld_gms_bzfc_donation_rank to D:\Create_Fetch_Python_Code\database_object_migration\Fetch_Object_Output\Procedure\mktg_ops_tbls_20251219_1221\ld_gms_bzfc_donation_rank.sql
2025-12-19 12:22:46,297 - INFO - Saved DDL for ld_cnst_cdi_bio_preferred_email to D:\Create_Fetch_Python_Code\database_object_migration\Fetch_Object_Output\Procedure\mktg_ops_tbls_20251219_1221\ld_cnst_cdi_bio_preferred_email.sql
2025-12-19 12:22:47,189 - INFO - Saved DDL for ld_cnst_cdi_bio_preferred_dmail to D:\Create_Fetch_Python_Code\database_object_migration\Fetch_Object_Output\Procedure\mktg_ops_tbls_20251219_1221\ld_cnst_cdi_bio_preferred_dmail.sql
2025-12-19 12:22:50,013 - INFO - Saved DDL for ld_dm_response_gplg_stg_match to D:\Create_Fetch_Python_Code\database_object_migration\Fetch_Object_Output\Procedure\mktg_ops_tbls_20251219_1221\ld_dm_response_gplg_stg_match.sql
2025-12-19 12:22:50,701 - INFO - Saved DDL for ld_cnst_cdi_smry_bio_prfr to D:\Create_Fetch_Python_Code\database_object_migration\Fetch_Object_Output\Procedure\mktg_ops_tbls_20251219_1221\ld_cnst_cdi_smry_bio_prfr.sql
2025-12-19 12:22:51,062 - INFO - Saved DDL for ld_bzfc_phss_lrnr_list_mbrshp to D:\Create_Fetch_Python_Code\database_object_migration\Fetch_Object_Output\Procedure\mktg_ops_tbls_20251219_1221\ld_bzfc_phss_lrnr_list_mbrshp.sql
2025-12-19 12:22:51,682 - INFO - Saved DDL for ld_pbi_entrprs_campgn_non_adb to D:\Create_Fetch_Python_Code\database_object_migration\Fetch_Object_Output\Procedure\mktg_ops_tbls_20251219_1221\ld_pbi_entrprs_campgn_non_adb.sql
2025-12-19 12:22:52,046 - INFO - Saved DDL for ld_dv_digtl_engmnt_scorcrd to D:\Create_Fetch_Python_Code\database_object_migration\Fetch_Object_Output\Procedure\mktg_ops_tbls_20251219_1221\ld_dv_digtl_engmnt_scorcrd.sql
2025-12-19 12:22:52,748 - INFO - Saved DDL for ld_gms_bzfc_cdi_fr_prfr_email_profile to D:\Create_Fetch_Python_Code\database_object_migration\Fetch_Object_Output\Procedure\mktg_ops_tbls_20251219_1221\ld_gms_bzfc_cdi_fr_prfr_email_profile.sql
2025-12-19 12:22:54,548 - INFO - Saved DDL for ld_dim_src_2_intrctn_brdg to D:\Create_Fetch_Python_Code\database_object_migration\Fetch_Object_Output\Procedure\mktg_ops_tbls_20251219_1221\ld_dim_src_2_intrctn_brdg.sql
2025-12-19 12:22:57,257 - INFO - Saved DDL for ld_bzfc_fact_response_new to D:\Create_Fetch_Python_Code\database_object_migration\Fetch_Object_Output\Procedure\mktg_ops_tbls_20251219_1221\ld_bzfc_fact_response_new.sql
2025-12-19 12:22:57,605 - INFO - Saved DDL for sp_adb_arcgms_broadlog to D:\Create_Fetch_Python_Code\database_object_migration\Fetch_Object_Output\Procedure\mktg_ops_tbls_20251219_1221\sp_adb_arcgms_broadlog.sql
2025-12-19 12:22:57,953 - INFO - Saved DDL for sp_adb_arckaleyradeactivation to D:\Create_Fetch_Python_Code\database_object_migration\Fetch_Object_Output\Procedure\mktg_ops_tbls_20251219_1221\sp_adb_arckaleyradeactivation.sql
2025-12-19 12:22:58,313 - INFO - Saved DDL for sp_adb_nmsdelivery_data to D:\Create_Fetch_Python_Code\database_object_migration\Fetch_Object_Output\Procedure\mktg_ops_tbls_20251219_1221\sp_adb_nmsdelivery_data.sql
2025-12-19 12:22:58,662 - INFO - Saved DDL for sp_adb_nmsinsms to D:\Create_Fetch_Python_Code\database_object_migration\Fetch_Object_Output\Procedure\mktg_ops_tbls_20251219_1221\sp_adb_nmsinsms.sql
2025-12-19 12:22:59,021 - INFO - Saved DDL for sp_adb_nmstrackingurl to D:\Create_Fetch_Python_Code\database_object_migration\Fetch_Object_Output\Procedure\mktg_ops_tbls_20251219_1221\sp_adb_nmstrackingurl.sql
2025-12-19 12:23:00,063 - INFO - Saved DDL for ld_gms_bzfc_fact_email_intrctn_smry to D:\Create_Fetch_Python_Code\database_object_migration\Fetch_Object_Output\Procedure\mktg_ops_tbls_20251219_1221\ld_gms_bzfc_fact_email_intrctn_smry.sql
2025-12-19 12:23:00,430 - INFO - Saved DDL for ld_pbi_bio_demogrphcs to D:\Create_Fetch_Python_Code\database_object_migration\Fetch_Object_Output\Procedure\mktg_ops_tbls_20251219_1221\ld_pbi_bio_demogrphcs.sql
2025-12-19 12:23:01,350 - INFO - Saved DDL for ld_pbi_model_perf_dashbrd to D:\Create_Fetch_Python_Code\database_object_migration\Fetch_Object_Output\Procedure\mktg_ops_tbls_20251219_1221\ld_pbi_model_perf_dashbrd.sql
2025-12-19 12:23:01,704 - INFO - Saved DDL for ld_pg_src_convrsn to D:\Create_Fetch_Python_Code\database_object_migration\Fetch_Object_Output\Procedure\mktg_ops_tbls_20251219_1221\ld_pg_src_convrsn.sql
2025-12-19 12:23:02,057 - INFO - Saved DDL for ld_bzfc_fact_response_all to D:\Create_Fetch_Python_Code\database_object_migration\Fetch_Object_Output\Procedure\mktg_ops_tbls_20251219_1221\ld_bzfc_fact_response_all.sql
2025-12-19 12:23:02,397 - INFO - Saved DDL for ld_bz_fact_response_pg to D:\Create_Fetch_Python_Code\database_object_migration\Fetch_Object_Output\Procedure\mktg_ops_tbls_20251219_1221\ld_bz_fact_response_pg.sql
2025-12-19 12:23:02,749 - INFO - Saved DDL for ld_srvy_hsptl_respondents to D:\Create_Fetch_Python_Code\database_object_migration\Fetch_Object_Output\Procedure\mktg_ops_tbls_20251219_1221\ld_srvy_hsptl_respondents.sql
2025-12-19 12:23:03,097 - INFO - Saved DDL for ld_bzfc_sms_fr_prfl to D:\Create_Fetch_Python_Code\database_object_migration\Fetch_Object_Output\Procedure\mktg_ops_tbls_20251219_1221\ld_bzfc_sms_fr_prfl.sql
2025-12-19 12:23:03,740 - INFO - Saved DDL for ld_cnst_cdi_smry_phss_prfr to D:\Create_Fetch_Python_Code\database_object_migration\Fetch_Object_Output\Procedure\mktg_ops_tbls_20251219_1221\ld_cnst_cdi_smry_phss_prfr.sql
2025-12-19 12:23:04,094 - INFO - Saved DDL for ld_srvy_anvrsry_rspns_txt_norm to D:\Create_Fetch_Python_Code\database_object_migration\Fetch_Object_Output\Procedure\mktg_ops_tbls_20251219_1221\ld_srvy_anvrsry_rspns_txt_norm.sql
2025-12-19 12:23:04,735 - INFO - Saved DDL for ld_srvy_anvrsry_vlntr_rspns_norm to D:\Create_Fetch_Python_Code\database_object_migration\Fetch_Object_Output\Procedure\mktg_ops_tbls_20251219_1221\ld_srvy_anvrsry_vlntr_rspns_norm.sql
2025-12-19 12:23:05,081 - INFO - Saved DDL for ld_srvy_new_vlntr_rspns_txt_norm to D:\Create_Fetch_Python_Code\database_object_migration\Fetch_Object_Output\Procedure\mktg_ops_tbls_20251219_1221\ld_srvy_new_vlntr_rspns_txt_norm.sql
2025-12-19 12:23:05,782 - INFO - Saved DDL for ld_pbi_entrprs_campgn_smry to D:\Create_Fetch_Python_Code\database_object_migration\Fetch_Object_Output\Procedure\mktg_ops_tbls_20251219_1221\ld_pbi_entrprs_campgn_smry.sql
2025-12-19 12:23:06,133 - INFO - Saved DDL for ld_bzfc_active_cnst_multi_snpsht to D:\Create_Fetch_Python_Code\database_object_migration\Fetch_Object_Output\Procedure\mktg_ops_tbls_20251219_1221\ld_bzfc_active_cnst_multi_snpsht.sql
2025-12-19 12:23:06,821 - INFO - Saved DDL for ld_srvy_anvrsy_vlntr_rspns_cmnt to D:\Create_Fetch_Python_Code\database_object_migration\Fetch_Object_Output\Procedure\mktg_ops_tbls_20251219_1221\ld_srvy_anvrsy_vlntr_rspns_cmnt.sql
2025-12-19 12:23:07,177 - INFO - Saved DDL for ld_bz_arc_fr_smry_atg_first_tm to D:\Create_Fetch_Python_Code\database_object_migration\Fetch_Object_Output\Procedure\mktg_ops_tbls_20251219_1221\ld_bz_arc_fr_smry_atg_first_tm.sql
2025-12-19 12:23:07,531 - INFO - Saved DDL for ld_srvy_anvrsy_vlntr_rspns_cmnt_curnt to D:\Create_Fetch_Python_Code\database_object_migration\Fetch_Object_Output\Procedure\mktg_ops_tbls_20251219_1221\ld_srvy_anvrsy_vlntr_rspns_cmnt_curnt.sql
2025-12-19 12:23:09,790 - INFO - Saved DDL for ld_srvy_hsptl_rspns to D:\Create_Fetch_Python_Code\database_object_migration\Fetch_Object_Output\Procedure\mktg_ops_tbls_20251219_1221\ld_srvy_hsptl_rspns.sql
2025-12-19 12:23:10,145 - INFO - Saved DDL for ld_srvy_new_vlntr_rspns_cmnt_curnt to D:\Create_Fetch_Python_Code\database_object_migration\Fetch_Object_Output\Procedure\mktg_ops_tbls_20251219_1221\ld_srvy_new_vlntr_rspns_cmnt_curnt.sql
2025-12-19 12:23:10,773 - INFO - Saved DDL for ld_updt_cnst_mstr_id_updates to D:\Create_Fetch_Python_Code\database_object_migration\Fetch_Object_Output\Procedure\mktg_ops_tbls_20251219_1221\ld_updt_cnst_mstr_id_updates.sql
2025-12-19 12:23:11,119 - INFO - Saved DDL for ld_updt_dm_campaign_hist to D:\Create_Fetch_Python_Code\database_object_migration\Fetch_Object_Output\Procedure\mktg_ops_tbls_20251219_1221\ld_updt_dm_campaign_hist.sql
2025-12-19 12:23:12,098 - INFO - Saved DDL for ld_gms_cnst_cdi_smry_fr_prfr1 to D:\Create_Fetch_Python_Code\database_object_migration\Fetch_Object_Output\Procedure\mktg_ops_tbls_20251219_1221\ld_gms_cnst_cdi_smry_fr_prfr1.sql
2025-12-19 12:23:12,438 - INFO - Saved DDL for ld_pbi_cfremappend to D:\Create_Fetch_Python_Code\database_object_migration\Fetch_Object_Output\Procedure\mktg_ops_tbls_20251219_1221\ld_pbi_cfremappend.sql
2025-12-19 12:23:12,805 - INFO - Saved DDL for sp_adb_nmsaddress to D:\Create_Fetch_Python_Code\database_object_migration\Fetch_Object_Output\Procedure\mktg_ops_tbls_20251219_1221\sp_adb_nmsaddress.sql
2025-12-19 12:23:13,152 - INFO - Saved DDL for sp_adb_arcbitlyreturn to D:\Create_Fetch_Python_Code\database_object_migration\Fetch_Object_Output\Procedure\mktg_ops_tbls_20251219_1221\sp_adb_arcbitlyreturn.sql
2025-12-19 12:23:13,500 - INFO - Saved DDL for sp_adb_accistbl_contacts to D:\Create_Fetch_Python_Code\database_object_migration\Fetch_Object_Output\Procedure\mktg_ops_tbls_20251219_1221\sp_adb_accistbl_contacts.sql
2025-12-19 12:23:13,853 - INFO - Saved DDL for sp_adb_arcreportcellcode to D:\Create_Fetch_Python_Code\database_object_migration\Fetch_Object_Output\Procedure\mktg_ops_tbls_20251219_1221\sp_adb_arcreportcellcode.sql
2025-12-19 12:23:14,202 - INFO - Saved DDL for sp_adb_nmsexcludelogrcp to D:\Create_Fetch_Python_Code\database_object_migration\Fetch_Object_Output\Procedure\mktg_ops_tbls_20251219_1221\sp_adb_nmsexcludelogrcp.sql
2025-12-19 12:23:14,551 - INFO - Saved DDL for sp_adb_nmsbroadlogrcp to D:\Create_Fetch_Python_Code\database_object_migration\Fetch_Object_Output\Procedure\mktg_ops_tbls_20251219_1221\sp_adb_nmsbroadlogrcp.sql
2025-12-19 12:23:14,896 - INFO - Saved DDL for sp_adb_nmsdelivery to D:\Create_Fetch_Python_Code\database_object_migration\Fetch_Object_Output\Procedure\mktg_ops_tbls_20251219_1221\sp_adb_nmsdelivery.sql
2025-12-19 12:23:15,254 - INFO - Saved DDL for sp_adb_arcprefchangefr to D:\Create_Fetch_Python_Code\database_object_migration\Fetch_Object_Output\Procedure\mktg_ops_tbls_20251219_1221\sp_adb_arcprefchangefr.sql
2025-12-19 12:23:15,610 - INFO - Saved DDL for sp_backup_dim_phone_campgn to D:\Create_Fetch_Python_Code\database_object_migration\Fetch_Object_Output\Procedure\mktg_ops_tbls_20251219_1221\sp_backup_dim_phone_campgn.sql
2025-12-19 12:23:15,957 - INFO - Saved DDL for sp_adb_nmsoperation to D:\Create_Fetch_Python_Code\database_object_migration\Fetch_Object_Output\Procedure\mktg_ops_tbls_20251219_1221\sp_adb_nmsoperation.sql
2025-12-19 12:23:16,312 - INFO - Saved DDL for sp_adb_arctreatmentcode to D:\Create_Fetch_Python_Code\database_object_migration\Fetch_Object_Output\Procedure\mktg_ops_tbls_20251219_1221\sp_adb_arctreatmentcode.sql
2025-12-19 12:23:16,667 - INFO - Saved DDL for sp_adb_nmsuseragent to D:\Create_Fetch_Python_Code\database_object_migration\Fetch_Object_Output\Procedure\mktg_ops_tbls_20251219_1221\sp_adb_nmsuseragent.sql
2025-12-19 12:23:17,028 - INFO - Saved DDL for sp_adb_xtkworkflow to D:\Create_Fetch_Python_Code\database_object_migration\Fetch_Object_Output\Procedure\mktg_ops_tbls_20251219_1221\sp_adb_xtkworkflow.sql
2025-12-19 12:23:17,366 - INFO - Saved DDL for sp_adb_xtkfolder to D:\Create_Fetch_Python_Code\database_object_migration\Fetch_Object_Output\Procedure\mktg_ops_tbls_20251219_1221\sp_adb_xtkfolder.sql
2025-12-19 12:23:17,740 - INFO - Saved DDL for sp_adb_nmsrecipient to D:\Create_Fetch_Python_Code\database_object_migration\Fetch_Object_Output\Procedure\mktg_ops_tbls_20251219_1221\sp_adb_nmsrecipient.sql
2025-12-19 12:23:18,088 - INFO - Saved DDL for sp_adb_nmsservice to D:\Create_Fetch_Python_Code\database_object_migration\Fetch_Object_Output\Procedure\mktg_ops_tbls_20251219_1221\sp_adb_nmsservice.sql
2025-12-19 12:23:18,433 - INFO - Saved DDL for sp_adb_nmssubscription to D:\Create_Fetch_Python_Code\database_object_migration\Fetch_Object_Output\Procedure\mktg_ops_tbls_20251219_1221\sp_adb_nmssubscription.sql
2025-12-19 12:23:18,799 - INFO - Saved DDL for sp_adb_nmswebapp to D:\Create_Fetch_Python_Code\database_object_migration\Fetch_Object_Output\Procedure\mktg_ops_tbls_20251219_1221\sp_adb_nmswebapp.sql
2025-12-19 12:23:19,154 - INFO - Saved DDL for sp_adb_nmswebapplogrcp to D:\Create_Fetch_Python_Code\database_object_migration\Fetch_Object_Output\Procedure\mktg_ops_tbls_20251219_1221\sp_adb_nmswebapplogrcp.sql
2025-12-19 12:23:19,500 - INFO - Saved DDL for sp_adb_nmswebapplogrcpdata to D:\Create_Fetch_Python_Code\database_object_migration\Fetch_Object_Output\Procedure\mktg_ops_tbls_20251219_1221\sp_adb_nmswebapplogrcpdata.sql
2025-12-19 12:23:19,843 - INFO - Saved DDL for sp_upsert_dim_campgn to D:\Create_Fetch_Python_Code\database_object_migration\Fetch_Object_Output\Procedure\mktg_ops_tbls_20251219_1221\sp_upsert_dim_campgn.sql
2025-12-19 12:23:20,203 - INFO - Saved DDL for sp_adb_nmsbroadlogmsg to D:\Create_Fetch_Python_Code\database_object_migration\Fetch_Object_Output\Procedure\mktg_ops_tbls_20251219_1221\sp_adb_nmsbroadlogmsg.sql
2025-12-19 12:23:20,547 - INFO - Saved DDL for ld_gms_bzfc_fact_ask_cntct_intrctn to D:\Create_Fetch_Python_Code\database_object_migration\Fetch_Object_Output\Procedure\mktg_ops_tbls_20251219_1221\ld_gms_bzfc_fact_ask_cntct_intrctn.sql
2025-12-19 12:23:21,442 - INFO - Saved DDL for ld_gms_cnst_cdi_s_f_p_fr_dmail to D:\Create_Fetch_Python_Code\database_object_migration\Fetch_Object_Output\Procedure\mktg_ops_tbls_20251219_1221\ld_gms_cnst_cdi_s_f_p_fr_dmail.sql
2025-12-19 12:23:21,801 - INFO - Saved DDL for ld_gms_cnst_cdi_s_f_p_fr_email to D:\Create_Fetch_Python_Code\database_object_migration\Fetch_Object_Output\Procedure\mktg_ops_tbls_20251219_1221\ld_gms_cnst_cdi_s_f_p_fr_email.sql
2025-12-19 12:23:22,144 - INFO - Saved DDL for ld_dim_recipient to D:\Create_Fetch_Python_Code\database_object_migration\Fetch_Object_Output\Procedure\mktg_ops_tbls_20251219_1221\ld_dim_recipient.sql
2025-12-19 12:23:22,497 - INFO - Saved DDL for ld_bzfc_fact_phone_interaction to D:\Create_Fetch_Python_Code\database_object_migration\Fetch_Object_Output\Procedure\mktg_ops_tbls_20251219_1221\ld_bzfc_fact_phone_interaction.sql
2025-12-19 12:23:23,128 - INFO - Saved DDL for ld_bzfc_bio_dnr_segmnt_dashbrd to D:\Create_Fetch_Python_Code\database_object_migration\Fetch_Object_Output\Procedure\mktg_ops_tbls_20251219_1221\ld_bzfc_bio_dnr_segmnt_dashbrd.sql
2025-12-19 12:23:23,489 - INFO - Saved DDL for ld_dv_de_accessblty_lifestg to D:\Create_Fetch_Python_Code\database_object_migration\Fetch_Object_Output\Procedure\mktg_ops_tbls_20251219_1221\ld_dv_de_accessblty_lifestg.sql
2025-12-19 12:23:23,838 - INFO - Saved DDL for ld_bz_arc_fr_smry_rco_last_sustnr_donat to D:\Create_Fetch_Python_Code\database_object_migration\Fetch_Object_Output\Procedure\mktg_ops_tbls_20251219_1221\ld_bz_arc_fr_smry_rco_last_sustnr_donat.sql
2025-12-19 12:23:24,197 - INFO - Saved DDL for ld_bz_arc_fr_smry_rco_last_donat to D:\Create_Fetch_Python_Code\database_object_migration\Fetch_Object_Output\Procedure\mktg_ops_tbls_20251219_1221\ld_bz_arc_fr_smry_rco_last_donat.sql
2025-12-19 12:23:24,197 - INFO - DDL fetch completed successfully
