2025-12-19 12:28:00,312 - INFO - Successfully connected to Redshift
2025-12-19 12:28:01,394 - INFO - Fetched 318 relations from schema mktg_ops_vws
2025-12-19 12:28:01,735 - INFO - Saved DDL for bzl_cnst_mstr_fsa_acct_cntct to D:\Create_Fetch_Python_Code\database_object_migration\Fetch_Object_Output\View\mktg_ops_vws_20251219_1227\bzl_cnst_mstr_fsa_acct_cntct.sql
2025-12-19 12:28:02,083 - INFO - Saved DDL for total_allusers_storedprocslist to D:\Create_Fetch_Python_Code\database_object_migration\Fetch_Object_Output\View\mktg_ops_vws_20251219_1227\total_allusers_storedprocslist.sql
2025-12-19 12:28:02,431 - INFO - Saved DDL for adb_nmsbroadlogrcp to D:\Create_Fetch_Python_Code\database_object_migration\Fetch_Object_Output\View\mktg_ops_vws_20251219_1227\adb_nmsbroadlogrcp.sql
2025-12-19 12:28:02,784 - INFO - Saved DDL for dim_bio_mstr_cust_appnd to D:\Create_Fetch_Python_Code\database_object_migration\Fetch_Object_Output\View\mktg_ops_vws_20251219_1227\dim_bio_mstr_cust_appnd.sql
2025-12-19 12:28:03,128 - INFO - Saved DDL for pbi_sales_pricing_budget to D:\Create_Fetch_Python_Code\database_object_migration\Fetch_Object_Output\View\mktg_ops_vws_20251219_1227\pbi_sales_pricing_budget.sql
2025-12-19 12:28:03,475 - INFO - Saved DDL for prodct_distrbtn_bdgt to D:\Create_Fetch_Python_Code\database_object_migration\Fetch_Object_Output\View\mktg_ops_vws_20251219_1227\prodct_distrbtn_bdgt.sql
2025-12-19 12:28:03,817 - INFO - Saved DDL for pbi_bzl_fact_show_prodctv_ind to D:\Create_Fetch_Python_Code\database_object_migration\Fetch_Object_Output\View\mktg_ops_vws_20251219_1227\pbi_bzl_fact_show_prodctv_ind.sql
2025-12-19 12:28:04,166 - INFO - Saved DDL for cnst_cdi_bio_preferred_dmail to D:\Create_Fetch_Python_Code\database_object_migration\Fetch_Object_Output\View\mktg_ops_vws_20251219_1227\cnst_cdi_bio_preferred_dmail.sql
2025-12-19 12:28:04,531 - INFO - Saved DDL for cnst_cdi_bio_preferred_email to D:\Create_Fetch_Python_Code\database_object_migration\Fetch_Object_Output\View\mktg_ops_vws_20251219_1227\cnst_cdi_bio_preferred_email.sql
2025-12-19 12:28:04,868 - INFO - Saved DDL for fresh_address_email_append to D:\Create_Fetch_Python_Code\database_object_migration\Fetch_Object_Output\View\mktg_ops_vws_20251219_1227\fresh_address_email_append.sql
2025-12-19 12:28:05,214 - INFO - Saved DDL for pacific_east_email_append to D:\Create_Fetch_Python_Code\database_object_migration\Fetch_Object_Output\View\mktg_ops_vws_20251219_1227\pacific_east_email_append.sql
2025-12-19 12:28:05,569 - INFO - Saved DDL for suspect_domains to D:\Create_Fetch_Python_Code\database_object_migration\Fetch_Object_Output\View\mktg_ops_vws_20251219_1227\suspect_domains.sql
2025-12-19 12:28:05,916 - INFO - Saved DDL for vaidity_email_valdtn to D:\Create_Fetch_Python_Code\database_object_migration\Fetch_Object_Output\View\mktg_ops_vws_20251219_1227\vaidity_email_valdtn.sql
2025-12-19 12:28:06,252 - INFO - Saved DDL for cnst_cdi_smry_bio_prfr to D:\Create_Fetch_Python_Code\database_object_migration\Fetch_Object_Output\View\mktg_ops_vws_20251219_1227\cnst_cdi_smry_bio_prfr.sql
2025-12-19 12:28:06,604 - INFO - Saved DDL for bz_geo_zip_code_to_chapter to D:\Create_Fetch_Python_Code\database_object_migration\Fetch_Object_Output\View\mktg_ops_vws_20251219_1227\bz_geo_zip_code_to_chapter.sql
2025-12-19 12:28:06,952 - INFO - Saved DDL for bz_dim_unit to D:\Create_Fetch_Python_Code\database_object_migration\Fetch_Object_Output\View\mktg_ops_vws_20251219_1227\bz_dim_unit.sql
2025-12-19 12:28:07,310 - INFO - Saved DDL for cnst_mstr_id_map to D:\Create_Fetch_Python_Code\database_object_migration\Fetch_Object_Output\View\mktg_ops_vws_20251219_1227\cnst_mstr_id_map.sql
2025-12-19 12:28:07,666 - INFO - Saved DDL for nhqmktg_cdrp_enrllmnt_sts to D:\Create_Fetch_Python_Code\database_object_migration\Fetch_Object_Output\View\mktg_ops_vws_20251219_1227\nhqmktg_cdrp_enrllmnt_sts.sql
2025-12-19 12:28:08,008 - INFO - Saved DDL for bz_dim_appt_typ to D:\Create_Fetch_Python_Code\database_object_migration\Fetch_Object_Output\View\mktg_ops_vws_20251219_1227\bz_dim_appt_typ.sql
2025-12-19 12:28:08,377 - INFO - Saved DDL for gms_bzfc_cnst_cdi_fr_prfr_em_prfl to D:\Create_Fetch_Python_Code\database_object_migration\Fetch_Object_Output\View\mktg_ops_vws_20251219_1227\gms_bzfc_cnst_cdi_fr_prfr_em_prfl.sql
2025-12-19 12:28:08,741 - INFO - Saved DDL for bzf_cem_cnst_opt_outs to D:\Create_Fetch_Python_Code\database_object_migration\Fetch_Object_Output\View\mktg_ops_vws_20251219_1227\bzf_cem_cnst_opt_outs.sql
2025-12-19 12:28:09,098 - INFO - Saved DDL for bzfc_cnst_cdi_phss_email_prfl to D:\Create_Fetch_Python_Code\database_object_migration\Fetch_Object_Output\View\mktg_ops_vws_20251219_1227\bzfc_cnst_cdi_phss_email_prfl.sql
2025-12-19 12:28:09,458 - INFO - Saved DDL for dim_unit to D:\Create_Fetch_Python_Code\database_object_migration\Fetch_Object_Output\View\mktg_ops_vws_20251219_1227\dim_unit.sql
2025-12-19 12:28:09,821 - INFO - Saved DDL for dim_unit_merged to D:\Create_Fetch_Python_Code\database_object_migration\Fetch_Object_Output\View\mktg_ops_vws_20251219_1227\dim_unit_merged.sql
2025-12-19 12:28:10,167 - INFO - Saved DDL for bz_grp_mbrshp to D:\Create_Fetch_Python_Code\database_object_migration\Fetch_Object_Output\View\mktg_ops_vws_20251219_1227\bz_grp_mbrshp.sql
2025-12-19 12:28:10,519 - INFO - Saved DDL for total_allusers_tblvwslist to D:\Create_Fetch_Python_Code\database_object_migration\Fetch_Object_Output\View\mktg_ops_vws_20251219_1227\total_allusers_tblvwslist.sql
2025-12-19 12:28:10,865 - INFO - Saved DDL for total_svcacct_tblvwslist to D:\Create_Fetch_Python_Code\database_object_migration\Fetch_Object_Output\View\mktg_ops_vws_20251219_1227\total_svcacct_tblvwslist.sql
2025-12-19 12:28:11,223 - INFO - Saved DDL for gmpbz_dim_gift_stg to D:\Create_Fetch_Python_Code\database_object_migration\Fetch_Object_Output\View\mktg_ops_vws_20251219_1227\gmpbz_dim_gift_stg.sql
2025-12-19 12:28:11,573 - INFO - Saved DDL for gmpbz_dim_giftran to D:\Create_Fetch_Python_Code\database_object_migration\Fetch_Object_Output\View\mktg_ops_vws_20251219_1227\gmpbz_dim_giftran.sql
2025-12-19 12:28:11,931 - INFO - Saved DDL for gmpbz_dim_giftran_typ to D:\Create_Fetch_Python_Code\database_object_migration\Fetch_Object_Output\View\mktg_ops_vws_20251219_1227\gmpbz_dim_giftran_typ.sql
2025-12-19 12:28:12,309 - INFO - Saved DDL for gmpbz_gift_addr to D:\Create_Fetch_Python_Code\database_object_migration\Fetch_Object_Output\View\mktg_ops_vws_20251219_1227\gmpbz_gift_addr.sql
2025-12-19 12:28:12,669 - INFO - Saved DDL for gmpbz_gift_premium to D:\Create_Fetch_Python_Code\database_object_migration\Fetch_Object_Output\View\mktg_ops_vws_20251219_1227\gmpbz_gift_premium.sql
2025-12-19 12:28:13,047 - INFO - Saved DDL for gmpbz_gift_sku to D:\Create_Fetch_Python_Code\database_object_migration\Fetch_Object_Output\View\mktg_ops_vws_20251219_1227\gmpbz_gift_sku.sql
2025-12-19 12:28:13,408 - INFO - Saved DDL for bz_adb_arcbitlyreturn to D:\Create_Fetch_Python_Code\database_object_migration\Fetch_Object_Output\View\mktg_ops_vws_20251219_1227\bz_adb_arcbitlyreturn.sql
2025-12-19 12:28:13,775 - INFO - Saved DDL for bz_adb_arcgms_broadlog to D:\Create_Fetch_Python_Code\database_object_migration\Fetch_Object_Output\View\mktg_ops_vws_20251219_1227\bz_adb_arcgms_broadlog.sql
2025-12-19 12:28:14,139 - INFO - Saved DDL for bz_adb_arcprefchangefr to D:\Create_Fetch_Python_Code\database_object_migration\Fetch_Object_Output\View\mktg_ops_vws_20251219_1227\bz_adb_arcprefchangefr.sql
2025-12-19 12:28:14,492 - INFO - Saved DDL for bz_adb_arcreportcellcode to D:\Create_Fetch_Python_Code\database_object_migration\Fetch_Object_Output\View\mktg_ops_vws_20251219_1227\bz_adb_arcreportcellcode.sql
2025-12-19 12:28:14,852 - INFO - Saved DDL for bz_adb_arctreatmentcode to D:\Create_Fetch_Python_Code\database_object_migration\Fetch_Object_Output\View\mktg_ops_vws_20251219_1227\bz_adb_arctreatmentcode.sql
2025-12-19 12:28:15,203 - INFO - Saved DDL for bz_adb_enumrtn_lkp to D:\Create_Fetch_Python_Code\database_object_migration\Fetch_Object_Output\View\mktg_ops_vws_20251219_1227\bz_adb_enumrtn_lkp.sql
2025-12-19 12:28:15,557 - INFO - Saved DDL for bz_adb_nmsaddress to D:\Create_Fetch_Python_Code\database_object_migration\Fetch_Object_Output\View\mktg_ops_vws_20251219_1227\bz_adb_nmsaddress.sql
2025-12-19 12:28:15,931 - INFO - Saved DDL for bz_adb_nmsexcludelogrcp to D:\Create_Fetch_Python_Code\database_object_migration\Fetch_Object_Output\View\mktg_ops_vws_20251219_1227\bz_adb_nmsexcludelogrcp.sql
2025-12-19 12:28:16,272 - INFO - Saved DDL for bz_adb_nmsinsms to D:\Create_Fetch_Python_Code\database_object_migration\Fetch_Object_Output\View\mktg_ops_vws_20251219_1227\bz_adb_nmsinsms.sql
2025-12-19 12:28:16,625 - INFO - Saved DDL for bz_adb_nmsservice to D:\Create_Fetch_Python_Code\database_object_migration\Fetch_Object_Output\View\mktg_ops_vws_20251219_1227\bz_adb_nmsservice.sql
2025-12-19 12:28:16,962 - INFO - Saved DDL for bz_adb_nmssubscription to D:\Create_Fetch_Python_Code\database_object_migration\Fetch_Object_Output\View\mktg_ops_vws_20251219_1227\bz_adb_nmssubscription.sql
2025-12-19 12:28:17,325 - INFO - Saved DDL for bz_adb_nmstrackinglogrcp to D:\Create_Fetch_Python_Code\database_object_migration\Fetch_Object_Output\View\mktg_ops_vws_20251219_1227\bz_adb_nmstrackinglogrcp.sql
2025-12-19 12:28:17,672 - INFO - Saved DDL for bz_adb_nmsuseragent to D:\Create_Fetch_Python_Code\database_object_migration\Fetch_Object_Output\View\mktg_ops_vws_20251219_1227\bz_adb_nmsuseragent.sql
2025-12-19 12:28:18,012 - INFO - Saved DDL for bz_adb_nmswebapplogrcp to D:\Create_Fetch_Python_Code\database_object_migration\Fetch_Object_Output\View\mktg_ops_vws_20251219_1227\bz_adb_nmswebapplogrcp.sql
2025-12-19 12:28:18,357 - INFO - Saved DDL for fact_atg_order_line to D:\Create_Fetch_Python_Code\database_object_migration\Fetch_Object_Output\View\mktg_ops_vws_20251219_1227\fact_atg_order_line.sql
2025-12-19 12:28:18,706 - INFO - Saved DDL for bz_email_src_cd to D:\Create_Fetch_Python_Code\database_object_migration\Fetch_Object_Output\View\mktg_ops_vws_20251219_1227\bz_email_src_cd.sql
2025-12-19 12:28:19,062 - INFO - Saved DDL for bz_gms_arc_fr_txn_segmnt to D:\Create_Fetch_Python_Code\database_object_migration\Fetch_Object_Output\View\mktg_ops_vws_20251219_1227\bz_gms_arc_fr_txn_segmnt.sql
2025-12-19 12:28:19,419 - INFO - Saved DDL for bz_rr_dm_srccd_aprm_cellcd to D:\Create_Fetch_Python_Code\database_object_migration\Fetch_Object_Output\View\mktg_ops_vws_20251219_1227\bz_rr_dm_srccd_aprm_cellcd.sql
2025-12-19 12:28:19,771 - INFO - Saved DDL for gmpbz_dim_vendor to D:\Create_Fetch_Python_Code\database_object_migration\Fetch_Object_Output\View\mktg_ops_vws_20251219_1227\gmpbz_dim_vendor.sql
2025-12-19 12:28:20,118 - INFO - Saved DDL for gmpbz_dim_dntn_chan to D:\Create_Fetch_Python_Code\database_object_migration\Fetch_Object_Output\View\mktg_ops_vws_20251219_1227\gmpbz_dim_dntn_chan.sql
2025-12-19 12:28:20,464 - INFO - Saved DDL for cnst_cdi_smry_vms_prfr to D:\Create_Fetch_Python_Code\database_object_migration\Fetch_Object_Output\View\mktg_ops_vws_20251219_1227\cnst_cdi_smry_vms_prfr.sql
2025-12-19 12:28:20,804 - INFO - Saved DDL for arc_biomed_txn_ext_staff to D:\Create_Fetch_Python_Code\database_object_migration\Fetch_Object_Output\View\mktg_ops_vws_20251219_1227\arc_biomed_txn_ext_staff.sql
2025-12-19 12:28:21,193 - INFO - Saved DDL for arc_biomed_txn to D:\Create_Fetch_Python_Code\database_object_migration\Fetch_Object_Output\View\mktg_ops_vws_20251219_1227\arc_biomed_txn.sql
2025-12-19 12:28:21,541 - INFO - Saved DDL for arc_biomed_smry to D:\Create_Fetch_Python_Code\database_object_migration\Fetch_Object_Output\View\mktg_ops_vws_20251219_1227\arc_biomed_smry.sql
2025-12-19 12:28:21,883 - INFO - Saved DDL for arc_vms_smry to D:\Create_Fetch_Python_Code\database_object_migration\Fetch_Object_Output\View\mktg_ops_vws_20251219_1227\arc_vms_smry.sql
2025-12-19 12:28:22,234 - INFO - Saved DDL for arc_vms_txn to D:\Create_Fetch_Python_Code\database_object_migration\Fetch_Object_Output\View\mktg_ops_vws_20251219_1227\arc_vms_txn.sql
2025-12-19 12:28:22,580 - INFO - Saved DDL for gms_bzf_cnst_cnstcy to D:\Create_Fetch_Python_Code\database_object_migration\Fetch_Object_Output\View\mktg_ops_vws_20251219_1227\gms_bzf_cnst_cnstcy.sql
2025-12-19 12:28:22,918 - INFO - Saved DDL for atg_order_registrants to D:\Create_Fetch_Python_Code\database_object_migration\Fetch_Object_Output\View\mktg_ops_vws_20251219_1227\atg_order_registrants.sql
2025-12-19 12:28:23,282 - INFO - Saved DDL for atg_registrants to D:\Create_Fetch_Python_Code\database_object_migration\Fetch_Object_Output\View\mktg_ops_vws_20251219_1227\atg_registrants.sql
2025-12-19 12:28:23,615 - INFO - Saved DDL for bzf_cem_fr_cnst_loc_prefs to D:\Create_Fetch_Python_Code\database_object_migration\Fetch_Object_Output\View\mktg_ops_vws_20251219_1227\bzf_cem_fr_cnst_loc_prefs.sql
2025-12-19 12:28:23,973 - INFO - Saved DDL for bzfc_dim_unit_merged to D:\Create_Fetch_Python_Code\database_object_migration\Fetch_Object_Output\View\mktg_ops_vws_20251219_1227\bzfc_dim_unit_merged.sql
2025-12-19 12:28:24,314 - INFO - Saved DDL for bzfc_fact_email_interaction to D:\Create_Fetch_Python_Code\database_object_migration\Fetch_Object_Output\View\mktg_ops_vws_20251219_1227\bzfc_fact_email_interaction.sql
2025-12-19 12:28:24,669 - INFO - Saved DDL for cnst_addr_ncoa_log to D:\Create_Fetch_Python_Code\database_object_migration\Fetch_Object_Output\View\mktg_ops_vws_20251219_1227\cnst_addr_ncoa_log.sql
2025-12-19 12:28:25,017 - INFO - Saved DDL for cnst_sturt_lst_affl to D:\Create_Fetch_Python_Code\database_object_migration\Fetch_Object_Output\View\mktg_ops_vws_20251219_1227\cnst_sturt_lst_affl.sql
2025-12-19 12:28:25,369 - INFO - Saved DDL for geo_zip_code_to_chapter to D:\Create_Fetch_Python_Code\database_object_migration\Fetch_Object_Output\View\mktg_ops_vws_20251219_1227\geo_zip_code_to_chapter.sql
2025-12-19 12:28:25,713 - INFO - Saved DDL for gmpbz_chpt_cnst_cnstcy to D:\Create_Fetch_Python_Code\database_object_migration\Fetch_Object_Output\View\mktg_ops_vws_20251219_1227\gmpbz_chpt_cnst_cnstcy.sql
2025-12-19 12:28:26,068 - INFO - Saved DDL for gmpbz_cnst_comnictn_email to D:\Create_Fetch_Python_Code\database_object_migration\Fetch_Object_Output\View\mktg_ops_vws_20251219_1227\gmpbz_cnst_comnictn_email.sql
2025-12-19 12:28:26,430 - INFO - Saved DDL for gmpbz_dim_arcpg_amt_typ to D:\Create_Fetch_Python_Code\database_object_migration\Fetch_Object_Output\View\mktg_ops_vws_20251219_1227\gmpbz_dim_arcpg_amt_typ.sql
2025-12-19 12:28:26,763 - INFO - Saved DDL for gmpbz_dim_arcpg_chan_typ to D:\Create_Fetch_Python_Code\database_object_migration\Fetch_Object_Output\View\mktg_ops_vws_20251219_1227\gmpbz_dim_arcpg_chan_typ.sql
2025-12-19 12:28:27,119 - INFO - Saved DDL for gmpbz_dim_arcpg_comnictn_typ to D:\Create_Fetch_Python_Code\database_object_migration\Fetch_Object_Output\View\mktg_ops_vws_20251219_1227\gmpbz_dim_arcpg_comnictn_typ.sql
2025-12-19 12:28:27,467 - INFO - Saved DDL for gmpbz_dim_arcpg_response_typ to D:\Create_Fetch_Python_Code\database_object_migration\Fetch_Object_Output\View\mktg_ops_vws_20251219_1227\gmpbz_dim_arcpg_response_typ.sql
2025-12-19 12:28:27,810 - INFO - Saved DDL for gmpbz_dim_arcpg_src to D:\Create_Fetch_Python_Code\database_object_migration\Fetch_Object_Output\View\mktg_ops_vws_20251219_1227\gmpbz_dim_arcpg_src.sql
2025-12-19 12:28:28,158 - INFO - Saved DDL for gmpbz_dim_comnictn to D:\Create_Fetch_Python_Code\database_object_migration\Fetch_Object_Output\View\mktg_ops_vws_20251219_1227\gmpbz_dim_comnictn.sql
2025-12-19 12:28:28,532 - INFO - Saved DDL for gmpbz_dim_dollar_tier to D:\Create_Fetch_Python_Code\database_object_migration\Fetch_Object_Output\View\mktg_ops_vws_20251219_1227\gmpbz_dim_dollar_tier.sql
2025-12-19 12:28:28,887 - INFO - Saved DDL for gmpbz_dim_fund to D:\Create_Fetch_Python_Code\database_object_migration\Fetch_Object_Output\View\mktg_ops_vws_20251219_1227\gmpbz_dim_fund.sql
2025-12-19 12:28:29,229 - INFO - Saved DDL for gmpbz_dim_intrctn_typ to D:\Create_Fetch_Python_Code\database_object_migration\Fetch_Object_Output\View\mktg_ops_vws_20251219_1227\gmpbz_dim_intrctn_typ.sql
2025-12-19 12:28:29,582 - INFO - Saved DDL for gmpbz_dim_merchant to D:\Create_Fetch_Python_Code\database_object_migration\Fetch_Object_Output\View\mktg_ops_vws_20251219_1227\gmpbz_dim_merchant.sql
2025-12-19 12:28:29,927 - INFO - Saved DDL for gmpbz_dim_pmt_mthd to D:\Create_Fetch_Python_Code\database_object_migration\Fetch_Object_Output\View\mktg_ops_vws_20251219_1227\gmpbz_dim_pmt_mthd.sql
2025-12-19 12:28:30,273 - INFO - Saved DDL for gmpbz_dim_prog to D:\Create_Fetch_Python_Code\database_object_migration\Fetch_Object_Output\View\mktg_ops_vws_20251219_1227\gmpbz_dim_prog.sql
2025-12-19 12:28:30,607 - INFO - Saved DDL for gmpbz_dim_rgnrt_reason to D:\Create_Fetch_Python_Code\database_object_migration\Fetch_Object_Output\View\mktg_ops_vws_20251219_1227\gmpbz_dim_rgnrt_reason.sql
2025-12-19 12:28:30,965 - INFO - Saved DDL for gmpbz_dim_src to D:\Create_Fetch_Python_Code\database_object_migration\Fetch_Object_Output\View\mktg_ops_vws_20251219_1227\gmpbz_dim_src.sql
2025-12-19 12:28:31,312 - INFO - Saved DDL for gmpbz_dim_sustnr_typ to D:\Create_Fetch_Python_Code\database_object_migration\Fetch_Object_Output\View\mktg_ops_vws_20251219_1227\gmpbz_dim_sustnr_typ.sql
2025-12-19 12:28:31,658 - INFO - Saved DDL for gmpbz_fact_arcpg_cnst_comnictn to D:\Create_Fetch_Python_Code\database_object_migration\Fetch_Object_Output\View\mktg_ops_vws_20251219_1227\gmpbz_fact_arcpg_cnst_comnictn.sql
2025-12-19 12:28:31,994 - INFO - Saved DDL for gms_arc_fr_smry to D:\Create_Fetch_Python_Code\database_object_migration\Fetch_Object_Output\View\mktg_ops_vws_20251219_1227\gms_arc_fr_smry.sql
2025-12-19 12:28:32,349 - INFO - Saved DDL for gms_arc_fr_txn to D:\Create_Fetch_Python_Code\database_object_migration\Fetch_Object_Output\View\mktg_ops_vws_20251219_1227\gms_arc_fr_txn.sql
2025-12-19 12:28:32,700 - INFO - Saved DDL for gms_bzf_cnst_cnstcy_curnt to D:\Create_Fetch_Python_Code\database_object_migration\Fetch_Object_Output\View\mktg_ops_vws_20251219_1227\gms_bzf_cnst_cnstcy_curnt.sql
2025-12-19 12:28:33,047 - INFO - Saved DDL for gms_cnst_cdi_smry_fr_pa_dm to D:\Create_Fetch_Python_Code\database_object_migration\Fetch_Object_Output\View\mktg_ops_vws_20251219_1227\gms_cnst_cdi_smry_fr_pa_dm.sql
2025-12-19 12:28:33,400 - INFO - Saved DDL for gmpbzal_dim_fund to D:\Create_Fetch_Python_Code\database_object_migration\Fetch_Object_Output\View\mktg_ops_vws_20251219_1227\gmpbzal_dim_fund.sql
2025-12-19 12:28:33,757 - INFO - Saved DDL for bz_cnst_mstr to D:\Create_Fetch_Python_Code\database_object_migration\Fetch_Object_Output\View\mktg_ops_vws_20251219_1227\bz_cnst_mstr.sql
2025-12-19 12:28:34,110 - INFO - Saved DDL for arc_phss_smry to D:\Create_Fetch_Python_Code\database_object_migration\Fetch_Object_Output\View\mktg_ops_vws_20251219_1227\arc_phss_smry.sql
2025-12-19 12:28:34,456 - INFO - Saved DDL for gms_arc_fr_txn_sustnr to D:\Create_Fetch_Python_Code\database_object_migration\Fetch_Object_Output\View\mktg_ops_vws_20251219_1227\gms_arc_fr_txn_sustnr.sql
2025-12-19 12:28:36,732 - INFO - Saved DDL for gms_cnst_cdi_smry_fr_prfr to D:\Create_Fetch_Python_Code\database_object_migration\Fetch_Object_Output\View\mktg_ops_vws_20251219_1227\gms_cnst_cdi_smry_fr_prfr.sql
2025-12-19 12:28:37,100 - INFO - Saved DDL for arc_phss_txn to D:\Create_Fetch_Python_Code\database_object_migration\Fetch_Object_Output\View\mktg_ops_vws_20251219_1227\arc_phss_txn.sql
2025-12-19 12:28:37,539 - INFO - Saved DDL for bzf_cnst_chrctrstc_simio to D:\Create_Fetch_Python_Code\database_object_migration\Fetch_Object_Output\View\mktg_ops_vws_20251219_1227\bzf_cnst_chrctrstc_simio.sql
2025-12-19 12:28:37,942 - INFO - Saved DDL for bz_cnst_birth_best to D:\Create_Fetch_Python_Code\database_object_migration\Fetch_Object_Output\View\mktg_ops_vws_20251219_1227\bz_cnst_birth_best.sql
2025-12-19 12:28:38,296 - INFO - Saved DDL for bz_cnst_gender_best to D:\Create_Fetch_Python_Code\database_object_migration\Fetch_Object_Output\View\mktg_ops_vws_20251219_1227\bz_cnst_gender_best.sql
2025-12-19 12:28:38,711 - INFO - Saved DDL for bzf_cnst_scr_simio to D:\Create_Fetch_Python_Code\database_object_migration\Fetch_Object_Output\View\mktg_ops_vws_20251219_1227\bzf_cnst_scr_simio.sql
2025-12-19 12:28:39,102 - INFO - Saved DDL for dim_age_band to D:\Create_Fetch_Python_Code\database_object_migration\Fetch_Object_Output\View\mktg_ops_vws_20251219_1227\dim_age_band.sql
2025-12-19 12:28:39,521 - INFO - Saved DDL for bzf_cnst_scr to D:\Create_Fetch_Python_Code\database_object_migration\Fetch_Object_Output\View\mktg_ops_vws_20251219_1227\bzf_cnst_scr.sql
2025-12-19 12:28:39,936 - INFO - Saved DDL for bzf_cnst_chrctrstc to D:\Create_Fetch_Python_Code\database_object_migration\Fetch_Object_Output\View\mktg_ops_vws_20251219_1227\bzf_cnst_chrctrstc.sql
2025-12-19 12:28:40,345 - INFO - Saved DDL for bz_dim_edrtl_response_period to D:\Create_Fetch_Python_Code\database_object_migration\Fetch_Object_Output\View\mktg_ops_vws_20251219_1227\bz_dim_edrtl_response_period.sql
2025-12-19 12:28:40,691 - INFO - Saved DDL for bz_arc_fr_smry_rco_first_tm to D:\Create_Fetch_Python_Code\database_object_migration\Fetch_Object_Output\View\mktg_ops_vws_20251219_1227\bz_arc_fr_smry_rco_first_tm.sql
2025-12-19 12:28:41,033 - INFO - Saved DDL for bz_dim_cnst_demographic to D:\Create_Fetch_Python_Code\database_object_migration\Fetch_Object_Output\View\mktg_ops_vws_20251219_1227\bz_dim_cnst_demographic.sql
2025-12-19 12:28:41,381 - INFO - Saved DDL for dv_digtl_engmnt_scorcrd to D:\Create_Fetch_Python_Code\database_object_migration\Fetch_Object_Output\View\mktg_ops_vws_20251219_1227\dv_digtl_engmnt_scorcrd.sql
2025-12-19 12:28:41,716 - INFO - Saved DDL for gms_arc_fr_smry_sustnr to D:\Create_Fetch_Python_Code\database_object_migration\Fetch_Object_Output\View\mktg_ops_vws_20251219_1227\gms_arc_fr_smry_sustnr.sql
2025-12-19 12:28:42,052 - INFO - Saved DDL for bz_aprm_email_bncd to D:\Create_Fetch_Python_Code\database_object_migration\Fetch_Object_Output\View\mktg_ops_vws_20251219_1227\bz_aprm_email_bncd.sql
2025-12-19 12:28:42,408 - INFO - Saved DDL for bz_aprm_email_sent to D:\Create_Fetch_Python_Code\database_object_migration\Fetch_Object_Output\View\mktg_ops_vws_20251219_1227\bz_aprm_email_sent.sql
2025-12-19 12:28:42,768 - INFO - Saved DDL for bz_aprm_email_opened to D:\Create_Fetch_Python_Code\database_object_migration\Fetch_Object_Output\View\mktg_ops_vws_20251219_1227\bz_aprm_email_opened.sql
2025-12-19 12:28:43,109 - INFO - Saved DDL for bz_aprm_email_lnk_clkd to D:\Create_Fetch_Python_Code\database_object_migration\Fetch_Object_Output\View\mktg_ops_vws_20251219_1227\bz_aprm_email_lnk_clkd.sql
2025-12-19 12:28:43,457 - INFO - Saved DDL for bz_aprm_email_remove to D:\Create_Fetch_Python_Code\database_object_migration\Fetch_Object_Output\View\mktg_ops_vws_20251219_1227\bz_aprm_email_remove.sql
2025-12-19 12:28:43,801 - INFO - Saved DDL for bz_aprm_wb_apnd_prfrnc_cntr to D:\Create_Fetch_Python_Code\database_object_migration\Fetch_Object_Output\View\mktg_ops_vws_20251219_1227\bz_aprm_wb_apnd_prfrnc_cntr.sql
2025-12-19 12:28:44,154 - INFO - Saved DDL for bz_pg_src_convrsn to D:\Create_Fetch_Python_Code\database_object_migration\Fetch_Object_Output\View\mktg_ops_vws_20251219_1227\bz_pg_src_convrsn.sql
2025-12-19 12:28:44,499 - INFO - Saved DDL for arc_glossary to D:\Create_Fetch_Python_Code\database_object_migration\Fetch_Object_Output\View\mktg_ops_vws_20251219_1227\arc_glossary.sql
2025-12-19 12:28:44,830 - INFO - Saved DDL for bz_dim_phone_campgn to D:\Create_Fetch_Python_Code\database_object_migration\Fetch_Object_Output\View\mktg_ops_vws_20251219_1227\bz_dim_phone_campgn.sql
2025-12-19 12:28:45,186 - INFO - Saved DDL for bz_dim_phone_script to D:\Create_Fetch_Python_Code\database_object_migration\Fetch_Object_Output\View\mktg_ops_vws_20251219_1227\bz_dim_phone_script.sql
2025-12-19 12:28:45,537 - INFO - Saved DDL for phone_interaction_eoc to D:\Create_Fetch_Python_Code\database_object_migration\Fetch_Object_Output\View\mktg_ops_vws_20251219_1227\phone_interaction_eoc.sql
2025-12-19 12:28:45,880 - INFO - Saved DDL for mktg_sky_dates to D:\Create_Fetch_Python_Code\database_object_migration\Fetch_Object_Output\View\mktg_ops_vws_20251219_1227\mktg_sky_dates.sql
2025-12-19 12:28:46,217 - INFO - Saved DDL for bz_campgn_yr_end_dow_projctn to D:\Create_Fetch_Python_Code\database_object_migration\Fetch_Object_Output\View\mktg_ops_vws_20251219_1227\bz_campgn_yr_end_dow_projctn.sql
2025-12-19 12:28:46,564 - INFO - Saved DDL for bz_dim_campgn to D:\Create_Fetch_Python_Code\database_object_migration\Fetch_Object_Output\View\mktg_ops_vws_20251219_1227\bz_dim_campgn.sql
2025-12-19 12:28:46,913 - INFO - Saved DDL for dim_src_2_intrctn_brdg to D:\Create_Fetch_Python_Code\database_object_migration\Fetch_Object_Output\View\mktg_ops_vws_20251219_1227\dim_src_2_intrctn_brdg.sql
2025-12-19 12:28:47,271 - INFO - Saved DDL for dim_calendar to D:\Create_Fetch_Python_Code\database_object_migration\Fetch_Object_Output\View\mktg_ops_vws_20251219_1227\dim_calendar.sql
2025-12-19 12:28:47,624 - INFO - Saved DDL for bzfc_comnictn_src to D:\Create_Fetch_Python_Code\database_object_migration\Fetch_Object_Output\View\mktg_ops_vws_20251219_1227\bzfc_comnictn_src.sql
2025-12-19 12:28:47,969 - INFO - Saved DDL for bz_dim_delivery to D:\Create_Fetch_Python_Code\database_object_migration\Fetch_Object_Output\View\mktg_ops_vws_20251219_1227\bz_dim_delivery.sql
2025-12-19 12:28:48,316 - INFO - Saved DDL for bz_aprm_wb_apnd_unsubs_rplc to D:\Create_Fetch_Python_Code\database_object_migration\Fetch_Object_Output\View\mktg_ops_vws_20251219_1227\bz_aprm_wb_apnd_unsubs_rplc.sql
2025-12-19 12:28:48,663 - INFO - Saved DDL for bz_aprm_wb_rplc_fr_prf_cntr_lt to D:\Create_Fetch_Python_Code\database_object_migration\Fetch_Object_Output\View\mktg_ops_vws_20251219_1227\bz_aprm_wb_rplc_fr_prf_cntr_lt.sql
2025-12-19 12:28:49,018 - INFO - Saved DDL for bzfc_email_append to D:\Create_Fetch_Python_Code\database_object_migration\Fetch_Object_Output\View\mktg_ops_vws_20251219_1227\bzfc_email_append.sql
2025-12-19 12:28:49,365 - INFO - Saved DDL for bzfc_fact_interaction_em_smry to D:\Create_Fetch_Python_Code\database_object_migration\Fetch_Object_Output\View\mktg_ops_vws_20251219_1227\bzfc_fact_interaction_em_smry.sql
2025-12-19 12:28:49,716 - INFO - Saved DDL for cnvo_cnst to D:\Create_Fetch_Python_Code\database_object_migration\Fetch_Object_Output\View\mktg_ops_vws_20251219_1227\cnvo_cnst.sql
2025-12-19 12:28:50,059 - INFO - Saved DDL for bzfc_fact_interaction_all to D:\Create_Fetch_Python_Code\database_object_migration\Fetch_Object_Output\View\mktg_ops_vws_20251219_1227\bzfc_fact_interaction_all.sql
2025-12-19 12:28:50,409 - INFO - Saved DDL for gms_bzfc_fact_ask to D:\Create_Fetch_Python_Code\database_object_migration\Fetch_Object_Output\View\mktg_ops_vws_20251219_1227\gms_bzfc_fact_ask.sql
2025-12-19 12:28:50,742 - INFO - Saved DDL for gms_sf_acct_contct_brdg to D:\Create_Fetch_Python_Code\database_object_migration\Fetch_Object_Output\View\mktg_ops_vws_20251219_1227\gms_sf_acct_contct_brdg.sql
2025-12-19 12:28:51,098 - INFO - Saved DDL for bz_adb_nmswebapp to D:\Create_Fetch_Python_Code\database_object_migration\Fetch_Object_Output\View\mktg_ops_vws_20251219_1227\bz_adb_nmswebapp.sql
2025-12-19 12:28:51,433 - INFO - Saved DDL for bz_adb_nmstrackingurl to D:\Create_Fetch_Python_Code\database_object_migration\Fetch_Object_Output\View\mktg_ops_vws_20251219_1227\bz_adb_nmstrackingurl.sql
2025-12-19 12:28:51,796 - INFO - Saved DDL for bz_adb_nmsdelivery to D:\Create_Fetch_Python_Code\database_object_migration\Fetch_Object_Output\View\mktg_ops_vws_20251219_1227\bz_adb_nmsdelivery.sql
2025-12-19 12:28:52,139 - INFO - Saved DDL for bz_dim_channel to D:\Create_Fetch_Python_Code\database_object_migration\Fetch_Object_Output\View\mktg_ops_vws_20251219_1227\bz_dim_channel.sql
2025-12-19 12:28:52,488 - INFO - Saved DDL for bz_adb_nmsrecipient to D:\Create_Fetch_Python_Code\database_object_migration\Fetch_Object_Output\View\mktg_ops_vws_20251219_1227\bz_adb_nmsrecipient.sql
2025-12-19 12:28:52,838 - INFO - Saved DDL for adb_nmsrecipient to D:\Create_Fetch_Python_Code\database_object_migration\Fetch_Object_Output\View\mktg_ops_vws_20251219_1227\adb_nmsrecipient.sql
2025-12-19 12:28:53,177 - INFO - Saved DDL for bz_adb_nmswebapplogrcpdata to D:\Create_Fetch_Python_Code\database_object_migration\Fetch_Object_Output\View\mktg_ops_vws_20251219_1227\bz_adb_nmswebapplogrcpdata.sql
2025-12-19 12:28:53,530 - INFO - Saved DDL for bz_adb_nmsbroadlogrcp to D:\Create_Fetch_Python_Code\database_object_migration\Fetch_Object_Output\View\mktg_ops_vws_20251219_1227\bz_adb_nmsbroadlogrcp.sql
2025-12-19 12:28:53,879 - INFO - Saved DDL for bzfc_arc_best_smry to D:\Create_Fetch_Python_Code\database_object_migration\Fetch_Object_Output\View\mktg_ops_vws_20251219_1227\bzfc_arc_best_smry.sql
2025-12-19 12:28:54,225 - INFO - Saved DDL for suprsn_ts_cnst to D:\Create_Fetch_Python_Code\database_object_migration\Fetch_Object_Output\View\mktg_ops_vws_20251219_1227\suprsn_ts_cnst.sql
2025-12-19 12:28:54,578 - INFO - Saved DDL for cnst_cdi_phss_preferred_email to D:\Create_Fetch_Python_Code\database_object_migration\Fetch_Object_Output\View\mktg_ops_vws_20251219_1227\cnst_cdi_phss_preferred_email.sql
2025-12-19 12:28:54,922 - INFO - Saved DDL for cnst_cdi_phss_preferred_dmail to D:\Create_Fetch_Python_Code\database_object_migration\Fetch_Object_Output\View\mktg_ops_vws_20251219_1227\cnst_cdi_phss_preferred_dmail.sql
2025-12-19 12:28:55,268 - INFO - Saved DDL for bzf_cnst_chrctrstc_arcpg to D:\Create_Fetch_Python_Code\database_object_migration\Fetch_Object_Output\View\mktg_ops_vws_20251219_1227\bzf_cnst_chrctrstc_arcpg.sql
2025-12-19 12:28:55,618 - INFO - Saved DDL for bzfc_fsa_ask to D:\Create_Fetch_Python_Code\database_object_migration\Fetch_Object_Output\View\mktg_ops_vws_20251219_1227\bzfc_fsa_ask.sql
2025-12-19 12:28:56,519 - INFO - Saved DDL for gms_pg_group_membrshp_src to D:\Create_Fetch_Python_Code\database_object_migration\Fetch_Object_Output\View\mktg_ops_vws_20251219_1227\gms_pg_group_membrshp_src.sql
2025-12-19 12:28:56,865 - INFO - Saved DDL for gms_bz_pg_group_membrshp to D:\Create_Fetch_Python_Code\database_object_migration\Fetch_Object_Output\View\mktg_ops_vws_20251219_1227\gms_bz_pg_group_membrshp.sql
2025-12-19 12:28:57,215 - INFO - Saved DDL for bz_pg_response_log_exclusion to D:\Create_Fetch_Python_Code\database_object_migration\Fetch_Object_Output\View\mktg_ops_vws_20251219_1227\bz_pg_response_log_exclusion.sql
2025-12-19 12:28:57,552 - INFO - Saved DDL for bzfc_pg_response_log_ref to D:\Create_Fetch_Python_Code\database_object_migration\Fetch_Object_Output\View\mktg_ops_vws_20251219_1227\bzfc_pg_response_log_ref.sql
2025-12-19 12:29:02,522 - INFO - Saved DDL for bzfc_pg_response_log to D:\Create_Fetch_Python_Code\database_object_migration\Fetch_Object_Output\View\mktg_ops_vws_20251219_1227\bzfc_pg_response_log.sql
2025-12-19 12:29:02,864 - INFO - Saved DDL for bzfc_cdi_bio_prfr_email_profile to D:\Create_Fetch_Python_Code\database_object_migration\Fetch_Object_Output\View\mktg_ops_vws_20251219_1227\bzfc_cdi_bio_prfr_email_profile.sql
2025-12-19 12:29:03,218 - INFO - Saved DDL for gmpbzal_dim_src to D:\Create_Fetch_Python_Code\database_object_migration\Fetch_Object_Output\View\mktg_ops_vws_20251219_1227\gmpbzal_dim_src.sql
2025-12-19 12:29:04,846 - INFO - Saved DDL for srvy_gplg_rspns_ss to D:\Create_Fetch_Python_Code\database_object_migration\Fetch_Object_Output\View\mktg_ops_vws_20251219_1227\srvy_gplg_rspns_ss.sql
2025-12-19 12:29:05,273 - INFO - Saved DDL for bzfc_fact_response_all to D:\Create_Fetch_Python_Code\database_object_migration\Fetch_Object_Output\View\mktg_ops_vws_20251219_1227\bzfc_fact_response_all.sql
2025-12-19 12:29:05,786 - INFO - Saved DDL for srvy_hsptl_values to D:\Create_Fetch_Python_Code\database_object_migration\Fetch_Object_Output\View\mktg_ops_vws_20251219_1227\srvy_hsptl_values.sql
2025-12-19 12:29:06,145 - INFO - Saved DDL for srvy_hsptl_questn_2_srvy_xref to D:\Create_Fetch_Python_Code\database_object_migration\Fetch_Object_Output\View\mktg_ops_vws_20251219_1227\srvy_hsptl_questn_2_srvy_xref.sql
2025-12-19 12:29:06,499 - INFO - Saved DDL for srvy_hsptl_rspns to D:\Create_Fetch_Python_Code\database_object_migration\Fetch_Object_Output\View\mktg_ops_vws_20251219_1227\srvy_hsptl_rspns.sql
2025-12-19 12:29:06,846 - INFO - Saved DDL for srvy_hsptl_survey to D:\Create_Fetch_Python_Code\database_object_migration\Fetch_Object_Output\View\mktg_ops_vws_20251219_1227\srvy_hsptl_survey.sql
2025-12-19 12:29:07,179 - INFO - Saved DDL for srvy_hsptl_questn_catgry to D:\Create_Fetch_Python_Code\database_object_migration\Fetch_Object_Output\View\mktg_ops_vws_20251219_1227\srvy_hsptl_questn_catgry.sql
2025-12-19 12:29:07,529 - INFO - Saved DDL for srvy_hsptl_questions to D:\Create_Fetch_Python_Code\database_object_migration\Fetch_Object_Output\View\mktg_ops_vws_20251219_1227\srvy_hsptl_questions.sql
2025-12-19 12:29:07,885 - INFO - Saved DDL for srvy_hsptl_periods_hst to D:\Create_Fetch_Python_Code\database_object_migration\Fetch_Object_Output\View\mktg_ops_vws_20251219_1227\srvy_hsptl_periods_hst.sql
2025-12-19 12:29:08,226 - INFO - Saved DDL for srvy_hsptl_survey_hst to D:\Create_Fetch_Python_Code\database_object_migration\Fetch_Object_Output\View\mktg_ops_vws_20251219_1227\srvy_hsptl_survey_hst.sql
2025-12-19 12:29:08,577 - INFO - Saved DDL for srvy_hsptl_respondents_hst to D:\Create_Fetch_Python_Code\database_object_migration\Fetch_Object_Output\View\mktg_ops_vws_20251219_1227\srvy_hsptl_respondents_hst.sql
2025-12-19 12:29:08,919 - INFO - Saved DDL for srvy_hsptl_rspns_hst to D:\Create_Fetch_Python_Code\database_object_migration\Fetch_Object_Output\View\mktg_ops_vws_20251219_1227\srvy_hsptl_rspns_hst.sql
2025-12-19 12:29:09,260 - INFO - Saved DDL for srvy_hsptl_questions_hst to D:\Create_Fetch_Python_Code\database_object_migration\Fetch_Object_Output\View\mktg_ops_vws_20251219_1227\srvy_hsptl_questions_hst.sql
2025-12-19 12:29:09,611 - INFO - Saved DDL for srvy_hsptl_values_hst to D:\Create_Fetch_Python_Code\database_object_migration\Fetch_Object_Output\View\mktg_ops_vws_20251219_1227\srvy_hsptl_values_hst.sql
2025-12-19 12:29:09,966 - INFO - Saved DDL for srvy_hsptl_sf_contact to D:\Create_Fetch_Python_Code\database_object_migration\Fetch_Object_Output\View\mktg_ops_vws_20251219_1227\srvy_hsptl_sf_contact.sql
2025-12-19 12:29:10,309 - INFO - Saved DDL for srvy_anvrsry_vlntr_survey to D:\Create_Fetch_Python_Code\database_object_migration\Fetch_Object_Output\View\mktg_ops_vws_20251219_1227\srvy_anvrsry_vlntr_survey.sql
2025-12-19 12:29:10,664 - INFO - Saved DDL for srvy_anvrsry_vlntr_questn_2_srvy_xref to D:\Create_Fetch_Python_Code\database_object_migration\Fetch_Object_Output\View\mktg_ops_vws_20251219_1227\srvy_anvrsry_vlntr_questn_2_srvy_xref.sql
2025-12-19 12:29:11,011 - INFO - Saved DDL for srvy_new_vlntr_questn_2_srvy_xref to D:\Create_Fetch_Python_Code\database_object_migration\Fetch_Object_Output\View\mktg_ops_vws_20251219_1227\srvy_new_vlntr_questn_2_srvy_xref.sql
2025-12-19 12:29:11,358 - INFO - Saved DDL for srvy_new_vlntr_survey to D:\Create_Fetch_Python_Code\database_object_migration\Fetch_Object_Output\View\mktg_ops_vws_20251219_1227\srvy_new_vlntr_survey.sql
2025-12-19 12:29:11,695 - INFO - Saved DDL for srvy_new_vlntr_values to D:\Create_Fetch_Python_Code\database_object_migration\Fetch_Object_Output\View\mktg_ops_vws_20251219_1227\srvy_new_vlntr_values.sql
2025-12-19 12:29:12,064 - INFO - Saved DDL for srvy_hsptl_customer_contact to D:\Create_Fetch_Python_Code\database_object_migration\Fetch_Object_Output\View\mktg_ops_vws_20251219_1227\srvy_hsptl_customer_contact.sql
2025-12-19 12:29:12,413 - INFO - Saved DDL for gms_bzfc_donation_rank to D:\Create_Fetch_Python_Code\database_object_migration\Fetch_Object_Output\View\mktg_ops_vws_20251219_1227\gms_bzfc_donation_rank.sql
2025-12-19 12:29:12,761 - INFO - Saved DDL for gmpbz_dim_gl_fcc to D:\Create_Fetch_Python_Code\database_object_migration\Fetch_Object_Output\View\mktg_ops_vws_20251219_1227\gmpbz_dim_gl_fcc.sql
2025-12-19 12:29:13,110 - INFO - Saved DDL for bz_dim_email_intrctn_typ to D:\Create_Fetch_Python_Code\database_object_migration\Fetch_Object_Output\View\mktg_ops_vws_20251219_1227\bz_dim_email_intrctn_typ.sql
2025-12-19 12:29:13,478 - INFO - Saved DDL for bzfc_fact_dmail_intrctn_norm to D:\Create_Fetch_Python_Code\database_object_migration\Fetch_Object_Output\View\mktg_ops_vws_20251219_1227\bzfc_fact_dmail_intrctn_norm.sql
2025-12-19 12:29:13,827 - INFO - Saved DDL for gms_bzfc_fact_email_intrctn_smry to D:\Create_Fetch_Python_Code\database_object_migration\Fetch_Object_Output\View\mktg_ops_vws_20251219_1227\gms_bzfc_fact_email_intrctn_smry.sql
2025-12-19 12:29:14,172 - INFO - Saved DDL for bz_cnst_fsa_acqstn to D:\Create_Fetch_Python_Code\database_object_migration\Fetch_Object_Output\View\mktg_ops_vws_20251219_1227\bz_cnst_fsa_acqstn.sql
2025-12-19 12:29:14,520 - INFO - Saved DDL for bz_comnictn_src to D:\Create_Fetch_Python_Code\database_object_migration\Fetch_Object_Output\View\mktg_ops_vws_20251219_1227\bz_comnictn_src.sql
2025-12-19 12:29:14,872 - INFO - Saved DDL for bz_dim_treatmnt to D:\Create_Fetch_Python_Code\database_object_migration\Fetch_Object_Output\View\mktg_ops_vws_20251219_1227\bz_dim_treatmnt.sql
2025-12-19 12:29:15,226 - INFO - Saved DDL for bzfc_active_cnst_segmnt to D:\Create_Fetch_Python_Code\database_object_migration\Fetch_Object_Output\View\mktg_ops_vws_20251219_1227\bzfc_active_cnst_segmnt.sql
2025-12-19 12:29:15,571 - INFO - Saved DDL for bzl_cnst_fsa_acqstn to D:\Create_Fetch_Python_Code\database_object_migration\Fetch_Object_Output\View\mktg_ops_vws_20251219_1227\bzl_cnst_fsa_acqstn.sql
2025-12-19 12:29:15,909 - INFO - Saved DDL for srvy_anvrsry_vlntr_values to D:\Create_Fetch_Python_Code\database_object_migration\Fetch_Object_Output\View\mktg_ops_vws_20251219_1227\srvy_anvrsry_vlntr_values.sql
2025-12-19 12:29:16,266 - INFO - Saved DDL for bzfc_fsa_cnst_indv_cntct_prefc to D:\Create_Fetch_Python_Code\database_object_migration\Fetch_Object_Output\View\mktg_ops_vws_20251219_1227\bzfc_fsa_cnst_indv_cntct_prefc.sql
2025-12-19 12:29:16,610 - INFO - Saved DDL for srvy_anvrsy_vlntr_rspns to D:\Create_Fetch_Python_Code\database_object_migration\Fetch_Object_Output\View\mktg_ops_vws_20251219_1227\srvy_anvrsy_vlntr_rspns.sql
2025-12-19 12:29:16,964 - INFO - Saved DDL for lkp_adb_intrctn_status_dsc to D:\Create_Fetch_Python_Code\database_object_migration\Fetch_Object_Output\View\mktg_ops_vws_20251219_1227\lkp_adb_intrctn_status_dsc.sql
2025-12-19 12:29:17,303 - INFO - Saved DDL for bz_dim_rpt_cell_cd to D:\Create_Fetch_Python_Code\database_object_migration\Fetch_Object_Output\View\mktg_ops_vws_20251219_1227\bz_dim_rpt_cell_cd.sql
2025-12-19 12:29:17,664 - INFO - Saved DDL for bzfc_trigrd_campgn_smry to D:\Create_Fetch_Python_Code\database_object_migration\Fetch_Object_Output\View\mktg_ops_vws_20251219_1227\bzfc_trigrd_campgn_smry.sql
2025-12-19 12:29:18,008 - INFO - Saved DDL for dim_email_segmnt to D:\Create_Fetch_Python_Code\database_object_migration\Fetch_Object_Output\View\mktg_ops_vws_20251219_1227\dim_email_segmnt.sql
2025-12-19 12:29:18,363 - INFO - Saved DDL for cnst_cdi_smry_phss_prfr to D:\Create_Fetch_Python_Code\database_object_migration\Fetch_Object_Output\View\mktg_ops_vws_20251219_1227\cnst_cdi_smry_phss_prfr.sql
2025-12-19 12:29:18,712 - INFO - Saved DDL for srvy_anvrsry_vlntr_questions to D:\Create_Fetch_Python_Code\database_object_migration\Fetch_Object_Output\View\mktg_ops_vws_20251219_1227\srvy_anvrsry_vlntr_questions.sql
2025-12-19 12:29:19,064 - INFO - Saved DDL for srvy_anvrsry_vlntr_rspns_norm to D:\Create_Fetch_Python_Code\database_object_migration\Fetch_Object_Output\View\mktg_ops_vws_20251219_1227\srvy_anvrsry_vlntr_rspns_norm.sql
2025-12-19 12:29:19,427 - INFO - Saved DDL for srvy_anvrsry_vlntr_rspns_txt_norm to D:\Create_Fetch_Python_Code\database_object_migration\Fetch_Object_Output\View\mktg_ops_vws_20251219_1227\srvy_anvrsry_vlntr_rspns_txt_norm.sql
2025-12-19 12:29:19,774 - INFO - Saved DDL for srvy_new_vlntr_questions to D:\Create_Fetch_Python_Code\database_object_migration\Fetch_Object_Output\View\mktg_ops_vws_20251219_1227\srvy_new_vlntr_questions.sql
2025-12-19 12:29:20,106 - INFO - Saved DDL for srvy_new_vlntr_rspns_norm to D:\Create_Fetch_Python_Code\database_object_migration\Fetch_Object_Output\View\mktg_ops_vws_20251219_1227\srvy_new_vlntr_rspns_norm.sql
2025-12-19 12:29:20,479 - INFO - Saved DDL for srvy_new_vlntr_rspns_txt_norm to D:\Create_Fetch_Python_Code\database_object_migration\Fetch_Object_Output\View\mktg_ops_vws_20251219_1227\srvy_new_vlntr_rspns_txt_norm.sql
2025-12-19 12:29:20,823 - INFO - Saved DDL for dim_volunteer to D:\Create_Fetch_Python_Code\database_object_migration\Fetch_Object_Output\View\mktg_ops_vws_20251219_1227\dim_volunteer.sql
2025-12-19 12:29:21,178 - INFO - Saved DDL for gms_bzfc_adb_fact_donation to D:\Create_Fetch_Python_Code\database_object_migration\Fetch_Object_Output\View\mktg_ops_vws_20251219_1227\gms_bzfc_adb_fact_donation.sql
2025-12-19 12:29:21,548 - INFO - Saved DDL for srvy_anvrsy_vlntr_rspns_all to D:\Create_Fetch_Python_Code\database_object_migration\Fetch_Object_Output\View\mktg_ops_vws_20251219_1227\srvy_anvrsy_vlntr_rspns_all.sql
2025-12-19 12:29:21,899 - INFO - Saved DDL for actvty_vwthrgh to D:\Create_Fetch_Python_Code\database_object_migration\Fetch_Object_Output\View\mktg_ops_vws_20251219_1227\actvty_vwthrgh.sql
2025-12-19 12:29:22,246 - INFO - Saved DDL for bz_digital_analytics_txn to D:\Create_Fetch_Python_Code\database_object_migration\Fetch_Object_Output\View\mktg_ops_vws_20251219_1227\bz_digital_analytics_txn.sql
2025-12-19 12:29:22,599 - INFO - Saved DDL for srvy_blood_sponsor_values to D:\Create_Fetch_Python_Code\database_object_migration\Fetch_Object_Output\View\mktg_ops_vws_20251219_1227\srvy_blood_sponsor_values.sql
2025-12-19 12:29:22,932 - INFO - Saved DDL for srvy_blood_sponsor_survey to D:\Create_Fetch_Python_Code\database_object_migration\Fetch_Object_Output\View\mktg_ops_vws_20251219_1227\srvy_blood_sponsor_survey.sql
2025-12-19 12:29:23,287 - INFO - Saved DDL for srvy_blood_sponsor_questn_2_srvy_xref to D:\Create_Fetch_Python_Code\database_object_migration\Fetch_Object_Output\View\mktg_ops_vws_20251219_1227\srvy_blood_sponsor_questn_2_srvy_xref.sql
2025-12-19 12:29:23,630 - INFO - Saved DDL for srvy_blood_sponsor_rspns to D:\Create_Fetch_Python_Code\database_object_migration\Fetch_Object_Output\View\mktg_ops_vws_20251219_1227\srvy_blood_sponsor_rspns.sql
2025-12-19 12:29:23,982 - INFO - Saved DDL for bzfc_adb_recipient_updt_delta to D:\Create_Fetch_Python_Code\database_object_migration\Fetch_Object_Output\View\mktg_ops_vws_20251219_1227\bzfc_adb_recipient_updt_delta.sql
2025-12-19 12:29:24,328 - INFO - Saved DDL for bzfc_cnst_cdi_fr_prfr_em_prfl to D:\Create_Fetch_Python_Code\database_object_migration\Fetch_Object_Output\View\mktg_ops_vws_20251219_1227\bzfc_cnst_cdi_fr_prfr_em_prfl.sql
2025-12-19 12:29:24,666 - INFO - Saved DDL for bz_arc_fr_smry_atg_first_tm to D:\Create_Fetch_Python_Code\database_object_migration\Fetch_Object_Output\View\mktg_ops_vws_20251219_1227\bz_arc_fr_smry_atg_first_tm.sql
2025-12-19 12:29:25,019 - INFO - Saved DDL for dim_gl_acct to D:\Create_Fetch_Python_Code\database_object_migration\Fetch_Object_Output\View\mktg_ops_vws_20251219_1227\dim_gl_acct.sql
2025-12-19 12:29:25,369 - INFO - Saved DDL for bzfc_phone_append to D:\Create_Fetch_Python_Code\database_object_migration\Fetch_Object_Output\View\mktg_ops_vws_20251219_1227\bzfc_phone_append.sql
2025-12-19 12:29:25,720 - INFO - Saved DDL for bzfc_fact_dmail_interaction to D:\Create_Fetch_Python_Code\database_object_migration\Fetch_Object_Output\View\mktg_ops_vws_20251219_1227\bzfc_fact_dmail_interaction.sql
2025-12-19 12:29:26,063 - INFO - Saved DDL for srvy_new_vlntr_los to D:\Create_Fetch_Python_Code\database_object_migration\Fetch_Object_Output\View\mktg_ops_vws_20251219_1227\srvy_new_vlntr_los.sql
2025-12-19 12:29:26,418 - INFO - Saved DDL for srvy_vlntr_anvrsry_los to D:\Create_Fetch_Python_Code\database_object_migration\Fetch_Object_Output\View\mktg_ops_vws_20251219_1227\srvy_vlntr_anvrsry_los.sql
2025-12-19 12:29:26,762 - INFO - Saved DDL for srvy_vlntr_geogrphy_taxo to D:\Create_Fetch_Python_Code\database_object_migration\Fetch_Object_Output\View\mktg_ops_vws_20251219_1227\srvy_vlntr_geogrphy_taxo.sql
2025-12-19 12:29:27,113 - INFO - Saved DDL for bz_fund to D:\Create_Fetch_Python_Code\database_object_migration\Fetch_Object_Output\View\mktg_ops_vws_20251219_1227\bz_fund.sql
2025-12-19 12:29:27,460 - INFO - Saved DDL for bz_dim_zipcodes to D:\Create_Fetch_Python_Code\database_object_migration\Fetch_Object_Output\View\mktg_ops_vws_20251219_1227\bz_dim_zipcodes.sql
2025-12-19 12:29:27,806 - INFO - Saved DDL for bz_cnst_birth_pg to D:\Create_Fetch_Python_Code\database_object_migration\Fetch_Object_Output\View\mktg_ops_vws_20251219_1227\bz_cnst_birth_pg.sql
2025-12-19 12:29:28,163 - INFO - Saved DDL for bz_arcpg_response_typ to D:\Create_Fetch_Python_Code\database_object_migration\Fetch_Object_Output\View\mktg_ops_vws_20251219_1227\bz_arcpg_response_typ.sql
2025-12-19 12:29:28,507 - INFO - Saved DDL for bz_arc_comm_log to D:\Create_Fetch_Python_Code\database_object_migration\Fetch_Object_Output\View\mktg_ops_vws_20251219_1227\bz_arc_comm_log.sql
2025-12-19 12:29:28,852 - INFO - Saved DDL for cnvo_group_members to D:\Create_Fetch_Python_Code\database_object_migration\Fetch_Object_Output\View\mktg_ops_vws_20251219_1227\cnvo_group_members.sql
2025-12-19 12:29:29,203 - INFO - Saved DDL for bz_pg_group_membrshp to D:\Create_Fetch_Python_Code\database_object_migration\Fetch_Object_Output\View\mktg_ops_vws_20251219_1227\bz_pg_group_membrshp.sql
2025-12-19 12:29:29,554 - INFO - Saved DDL for bz_grp_ref to D:\Create_Fetch_Python_Code\database_object_migration\Fetch_Object_Output\View\mktg_ops_vws_20251219_1227\bz_grp_ref.sql
2025-12-19 12:29:29,913 - INFO - Saved DDL for bz_cnst_cnstcy_affn to D:\Create_Fetch_Python_Code\database_object_migration\Fetch_Object_Output\View\mktg_ops_vws_20251219_1227\bz_cnst_cnstcy_affn.sql
2025-12-19 12:29:30,258 - INFO - Saved DDL for bz_arc_fr_smry_rco_last_sustnr_donat to D:\Create_Fetch_Python_Code\database_object_migration\Fetch_Object_Output\View\mktg_ops_vws_20251219_1227\bz_arc_fr_smry_rco_last_sustnr_donat.sql
2025-12-19 12:29:30,607 - INFO - Saved DDL for arc_biomed_gender_race to D:\Create_Fetch_Python_Code\database_object_migration\Fetch_Object_Output\View\mktg_ops_vws_20251219_1227\arc_biomed_gender_race.sql
2025-12-19 12:29:30,954 - INFO - Saved DDL for bzfc_cnst_fr_prfr_flags to D:\Create_Fetch_Python_Code\database_object_migration\Fetch_Object_Output\View\mktg_ops_vws_20251219_1227\bzfc_cnst_fr_prfr_flags.sql
2025-12-19 12:29:31,301 - INFO - Saved DDL for bzfc_taxo_subscr_gplg to D:\Create_Fetch_Python_Code\database_object_migration\Fetch_Object_Output\View\mktg_ops_vws_20251219_1227\bzfc_taxo_subscr_gplg.sql
2025-12-19 12:29:31,657 - INFO - Saved DDL for bzfc_taxo_bio_collection_curr to D:\Create_Fetch_Python_Code\database_object_migration\Fetch_Object_Output\View\mktg_ops_vws_20251219_1227\bzfc_taxo_bio_collection_curr.sql
2025-12-19 12:29:32,001 - INFO - Saved DDL for adb_arcgms_broadlog to D:\Create_Fetch_Python_Code\database_object_migration\Fetch_Object_Output\View\mktg_ops_vws_20251219_1227\adb_arcgms_broadlog.sql
2025-12-19 12:29:32,344 - INFO - Saved DDL for bz_pg_group_ref to D:\Create_Fetch_Python_Code\database_object_migration\Fetch_Object_Output\View\mktg_ops_vws_20251219_1227\bz_pg_group_ref.sql
2025-12-19 12:29:32,695 - INFO - Saved DDL for bzf_cem_cnst_msg_pref to D:\Create_Fetch_Python_Code\database_object_migration\Fetch_Object_Output\View\mktg_ops_vws_20251219_1227\bzf_cem_cnst_msg_pref.sql
2025-12-19 12:29:33,044 - INFO - Saved DDL for bzfc_active_cnst_snpsht to D:\Create_Fetch_Python_Code\database_object_migration\Fetch_Object_Output\View\mktg_ops_vws_20251219_1227\bzfc_active_cnst_snpsht.sql
2025-12-19 12:29:33,379 - INFO - Saved DDL for bzfc_adb_recipient_insrt_delta to D:\Create_Fetch_Python_Code\database_object_migration\Fetch_Object_Output\View\mktg_ops_vws_20251219_1227\bzfc_adb_recipient_insrt_delta.sql
2025-12-19 12:29:33,739 - INFO - Saved DDL for bzfc_sms_fr_prfl to D:\Create_Fetch_Python_Code\database_object_migration\Fetch_Object_Output\View\mktg_ops_vws_20251219_1227\bzfc_sms_fr_prfl.sql
2025-12-19 12:29:34,087 - INFO - Saved DDL for dim_state to D:\Create_Fetch_Python_Code\database_object_migration\Fetch_Object_Output\View\mktg_ops_vws_20251219_1227\dim_state.sql
2025-12-19 12:29:34,435 - INFO - Saved DDL for vms_sta_indivs to D:\Create_Fetch_Python_Code\database_object_migration\Fetch_Object_Output\View\mktg_ops_vws_20251219_1227\vms_sta_indivs.sql
2025-12-19 12:29:34,788 - INFO - Saved DDL for vms_sta_orgs to D:\Create_Fetch_Python_Code\database_object_migration\Fetch_Object_Output\View\mktg_ops_vws_20251219_1227\vms_sta_orgs.sql
2025-12-19 12:29:35,146 - INFO - Saved DDL for bzl_vms_sta_shift_smry to D:\Create_Fetch_Python_Code\database_object_migration\Fetch_Object_Output\View\mktg_ops_vws_20251219_1227\bzl_vms_sta_shift_smry.sql
2025-12-19 12:29:35,503 - INFO - Saved DDL for campgn_prospct_list to D:\Create_Fetch_Python_Code\database_object_migration\Fetch_Object_Output\View\mktg_ops_vws_20251219_1227\campgn_prospct_list.sql
2025-12-19 12:29:35,855 - INFO - Saved DDL for bzfc_sponsor_journey_detail to D:\Create_Fetch_Python_Code\database_object_migration\Fetch_Object_Output\View\mktg_ops_vws_20251219_1227\bzfc_sponsor_journey_detail.sql
2025-12-19 12:29:36,202 - INFO - Saved DDL for bzfc_sponsor_journey_smry to D:\Create_Fetch_Python_Code\database_object_migration\Fetch_Object_Output\View\mktg_ops_vws_20251219_1227\bzfc_sponsor_journey_smry.sql
2025-12-19 12:29:36,617 - INFO - Saved DDL for gms_bzfc_dim_unf_fr_cnst to D:\Create_Fetch_Python_Code\database_object_migration\Fetch_Object_Output\View\mktg_ops_vws_20251219_1227\gms_bzfc_dim_unf_fr_cnst.sql
2025-12-19 12:29:36,978 - INFO - Saved DDL for gms_frfbz_dim_tag to D:\Create_Fetch_Python_Code\database_object_migration\Fetch_Object_Output\View\mktg_ops_vws_20251219_1227\gms_frfbz_dim_tag.sql
2025-12-19 12:29:37,322 - INFO - Saved DDL for bzfc_vms_cnst_in_blood_region to D:\Create_Fetch_Python_Code\database_object_migration\Fetch_Object_Output\View\mktg_ops_vws_20251219_1227\bzfc_vms_cnst_in_blood_region.sql
2025-12-19 12:29:37,670 - INFO - Saved DDL for bzfc_fr_cnst_in_blood_region to D:\Create_Fetch_Python_Code\database_object_migration\Fetch_Object_Output\View\mktg_ops_vws_20251219_1227\bzfc_fr_cnst_in_blood_region.sql
2025-12-19 12:29:38,020 - INFO - Saved DDL for bzfc_fsa_cnst_indv_chrctrs2 to D:\Create_Fetch_Python_Code\database_object_migration\Fetch_Object_Output\View\mktg_ops_vws_20251219_1227\bzfc_fsa_cnst_indv_chrctrs2.sql
2025-12-19 12:29:38,367 - INFO - Saved DDL for bzfc_fsa_cnst_org_chrctrs2 to D:\Create_Fetch_Python_Code\database_object_migration\Fetch_Object_Output\View\mktg_ops_vws_20251219_1227\bzfc_fsa_cnst_org_chrctrs2.sql
2025-12-19 12:29:38,714 - INFO - Saved DDL for bzfc_fsa_cnst_org_cntct_prefc to D:\Create_Fetch_Python_Code\database_object_migration\Fetch_Object_Output\View\mktg_ops_vws_20251219_1227\bzfc_fsa_cnst_org_cntct_prefc.sql
2025-12-19 12:29:39,060 - INFO - Saved DDL for bz_prospect_pt_scr to D:\Create_Fetch_Python_Code\database_object_migration\Fetch_Object_Output\View\mktg_ops_vws_20251219_1227\bz_prospect_pt_scr.sql
2025-12-19 12:29:40,517 - INFO - Saved DDL for bzf_prospect_pt_scr to D:\Create_Fetch_Python_Code\database_object_migration\Fetch_Object_Output\View\mktg_ops_vws_20251219_1227\bzf_prospect_pt_scr.sql
2025-12-19 12:29:41,067 - INFO - Saved DDL for bzfc_prospect_pt_scr_fin to D:\Create_Fetch_Python_Code\database_object_migration\Fetch_Object_Output\View\mktg_ops_vws_20251219_1227\bzfc_prospect_pt_scr_fin.sql
2025-12-19 12:29:41,415 - INFO - Saved DDL for bz_arc_fr_smry_rco_last_donat to D:\Create_Fetch_Python_Code\database_object_migration\Fetch_Object_Output\View\mktg_ops_vws_20251219_1227\bz_arc_fr_smry_rco_last_donat.sql
2025-12-19 12:29:43,048 - INFO - Saved DDL for bz_arc_fr_smry_rco_smry to D:\Create_Fetch_Python_Code\database_object_migration\Fetch_Object_Output\View\mktg_ops_vws_20251219_1227\bz_arc_fr_smry_rco_smry.sql
2025-12-19 12:29:43,399 - INFO - Saved DDL for cnvo_group_acct to D:\Create_Fetch_Python_Code\database_object_migration\Fetch_Object_Output\View\mktg_ops_vws_20251219_1227\cnvo_group_acct.sql
2025-12-19 12:29:43,754 - INFO - Saved DDL for bzfc_fact_interaction to D:\Create_Fetch_Python_Code\database_object_migration\Fetch_Object_Output\View\mktg_ops_vws_20251219_1227\bzfc_fact_interaction.sql
2025-12-19 12:29:44,096 - INFO - Saved DDL for bz_dim_dm_src_treatmnt_xref to D:\Create_Fetch_Python_Code\database_object_migration\Fetch_Object_Output\View\mktg_ops_vws_20251219_1227\bz_dim_dm_src_treatmnt_xref.sql
2025-12-19 12:29:44,439 - INFO - Saved DDL for dim_motvtn_gplg_effort to D:\Create_Fetch_Python_Code\database_object_migration\Fetch_Object_Output\View\mktg_ops_vws_20251219_1227\dim_motvtn_gplg_effort.sql
2025-12-19 12:29:44,793 - INFO - Saved DDL for dim_motvtn_clt_matrix to D:\Create_Fetch_Python_Code\database_object_migration\Fetch_Object_Output\View\mktg_ops_vws_20251219_1227\dim_motvtn_clt_matrix.sql
2025-12-19 12:29:45,163 - INFO - Saved DDL for dim_motvtn_gplg_scr to D:\Create_Fetch_Python_Code\database_object_migration\Fetch_Object_Output\View\mktg_ops_vws_20251219_1227\dim_motvtn_gplg_scr.sql
2025-12-19 12:29:45,530 - INFO - Saved DDL for dim_motvtn_gplg_segmnt to D:\Create_Fetch_Python_Code\database_object_migration\Fetch_Object_Output\View\mktg_ops_vws_20251219_1227\dim_motvtn_gplg_segmnt.sql
2025-12-19 12:29:45,878 - INFO - Saved DDL for vcn_smry_intake to D:\Create_Fetch_Python_Code\database_object_migration\Fetch_Object_Output\View\mktg_ops_vws_20251219_1227\vcn_smry_intake.sql
2025-12-19 12:29:46,224 - INFO - Saved DDL for rr_rqq_rql_file_xref to D:\Create_Fetch_Python_Code\database_object_migration\Fetch_Object_Output\View\mktg_ops_vws_20251219_1227\rr_rqq_rql_file_xref.sql
2025-12-19 12:29:46,572 - INFO - Saved DDL for rr_rqq_rql_file_xref_mtvtn_cd to D:\Create_Fetch_Python_Code\database_object_migration\Fetch_Object_Output\View\mktg_ops_vws_20251219_1227\rr_rqq_rql_file_xref_mtvtn_cd.sql
2025-12-19 12:29:46,916 - INFO - Saved DDL for fr_asset_gift_smry to D:\Create_Fetch_Python_Code\database_object_migration\Fetch_Object_Output\View\mktg_ops_vws_20251219_1227\fr_asset_gift_smry.sql
2025-12-19 12:29:47,247 - INFO - Saved DDL for bzfc_taxo_humanitarian_curr to D:\Create_Fetch_Python_Code\database_object_migration\Fetch_Object_Output\View\mktg_ops_vws_20251219_1227\bzfc_taxo_humanitarian_curr.sql
2025-12-19 12:29:47,603 - INFO - Saved DDL for srvy_blood_sponsor to D:\Create_Fetch_Python_Code\database_object_migration\Fetch_Object_Output\View\mktg_ops_vws_20251219_1227\srvy_blood_sponsor.sql
2025-12-19 12:29:48,503 - INFO - Saved DDL for gms_cnst_cdi_smry_fr_prfr_src to D:\Create_Fetch_Python_Code\database_object_migration\Fetch_Object_Output\View\mktg_ops_vws_20251219_1227\gms_cnst_cdi_smry_fr_prfr_src.sql
2025-12-19 12:29:48,851 - INFO - Saved DDL for bzfc_prospect_pt_scr_nonfin to D:\Create_Fetch_Python_Code\database_object_migration\Fetch_Object_Output\View\mktg_ops_vws_20251219_1227\bzfc_prospect_pt_scr_nonfin.sql
2025-12-19 12:29:49,187 - INFO - Saved DDL for chptr_list_membrshp to D:\Create_Fetch_Python_Code\database_object_migration\Fetch_Object_Output\View\mktg_ops_vws_20251219_1227\chptr_list_membrshp.sql
2025-12-19 12:29:49,543 - INFO - Saved DDL for chptr_portal_list_typ_ref to D:\Create_Fetch_Python_Code\database_object_migration\Fetch_Object_Output\View\mktg_ops_vws_20251219_1227\chptr_portal_list_typ_ref.sql
2025-12-19 12:29:49,917 - INFO - Saved DDL for cnst_cdi_smry_non_fr_prfr to D:\Create_Fetch_Python_Code\database_object_migration\Fetch_Object_Output\View\mktg_ops_vws_20251219_1227\cnst_cdi_smry_non_fr_prfr.sql
2025-12-19 12:29:50,284 - INFO - Saved DDL for cnst_cdi_src_profile_mb to D:\Create_Fetch_Python_Code\database_object_migration\Fetch_Object_Output\View\mktg_ops_vws_20251219_1227\cnst_cdi_src_profile_mb.sql
2025-12-19 12:29:50,633 - INFO - Saved DDL for suprsn_ts_cnst_test to D:\Create_Fetch_Python_Code\database_object_migration\Fetch_Object_Output\View\mktg_ops_vws_20251219_1227\suprsn_ts_cnst_test.sql
2025-12-19 12:29:50,976 - INFO - Saved DDL for srvy_vlntr_los to D:\Create_Fetch_Python_Code\database_object_migration\Fetch_Object_Output\View\mktg_ops_vws_20251219_1227\srvy_vlntr_los.sql
2025-12-19 12:29:51,324 - INFO - Saved DDL for dim_isp_labor to D:\Create_Fetch_Python_Code\database_object_migration\Fetch_Object_Output\View\mktg_ops_vws_20251219_1227\dim_isp_labor.sql
2025-12-19 12:29:51,682 - INFO - Saved DDL for bz_dim_operator to D:\Create_Fetch_Python_Code\database_object_migration\Fetch_Object_Output\View\mktg_ops_vws_20251219_1227\bz_dim_operator.sql
2025-12-19 12:29:52,026 - INFO - Saved DDL for arc_entrprs_smry to D:\Create_Fetch_Python_Code\database_object_migration\Fetch_Object_Output\View\mktg_ops_vws_20251219_1227\arc_entrprs_smry.sql
2025-12-19 12:29:52,367 - INFO - Saved DDL for bzfc_fact_phone_interaction to D:\Create_Fetch_Python_Code\database_object_migration\Fetch_Object_Output\View\mktg_ops_vws_20251219_1227\bzfc_fact_phone_interaction.sql
2025-12-19 12:29:52,728 - INFO - Saved DDL for bzfc_fact_phone_interaction_pg to D:\Create_Fetch_Python_Code\database_object_migration\Fetch_Object_Output\View\mktg_ops_vws_20251219_1227\bzfc_fact_phone_interaction_pg.sql
2025-12-19 12:29:53,059 - INFO - Saved DDL for bzfc_fact_sms_interaction to D:\Create_Fetch_Python_Code\database_object_migration\Fetch_Object_Output\View\mktg_ops_vws_20251219_1227\bzfc_fact_sms_interaction.sql
2025-12-19 12:29:53,419 - INFO - Saved DDL for bz_dim_phone_adtnl_reqst to D:\Create_Fetch_Python_Code\database_object_migration\Fetch_Object_Output\View\mktg_ops_vws_20251219_1227\bz_dim_phone_adtnl_reqst.sql
2025-12-19 12:29:53,763 - INFO - Saved DDL for bz_dim_phone_call_dspstn to D:\Create_Fetch_Python_Code\database_object_migration\Fetch_Object_Output\View\mktg_ops_vws_20251219_1227\bz_dim_phone_call_dspstn.sql
2025-12-19 12:29:54,142 - INFO - Saved DDL for bz_dim_phone_campgn_src_cd_xref to D:\Create_Fetch_Python_Code\database_object_migration\Fetch_Object_Output\View\mktg_ops_vws_20251219_1227\bz_dim_phone_campgn_src_cd_xref.sql
2025-12-19 12:29:54,942 - INFO - Saved DDL for bz_scr to D:\Create_Fetch_Python_Code\database_object_migration\Fetch_Object_Output\View\mktg_ops_vws_20251219_1227\bz_scr.sql
2025-12-19 12:29:55,288 - INFO - Saved DDL for bz_cur_mth_bio_donor_freq to D:\Create_Fetch_Python_Code\database_object_migration\Fetch_Object_Output\View\mktg_ops_vws_20251219_1227\bz_cur_mth_bio_donor_freq.sql
2025-12-19 12:29:55,642 - INFO - Saved DDL for pbi_entrprs_campgn_results to D:\Create_Fetch_Python_Code\database_object_migration\Fetch_Object_Output\View\mktg_ops_vws_20251219_1227\pbi_entrprs_campgn_results.sql
2025-12-19 12:29:56,009 - INFO - Saved DDL for pbi_entrprs_campgn_smry to D:\Create_Fetch_Python_Code\database_object_migration\Fetch_Object_Output\View\mktg_ops_vws_20251219_1227\pbi_entrprs_campgn_smry.sql
2025-12-19 12:29:56,375 - INFO - Saved DDL for dv_active_segmnt_snapsht to D:\Create_Fetch_Python_Code\database_object_migration\Fetch_Object_Output\View\mktg_ops_vws_20251219_1227\dv_active_segmnt_snapsht.sql
2025-12-19 12:29:57,749 - INFO - Saved DDL for pbi_entrprs_campgn_comnts to D:\Create_Fetch_Python_Code\database_object_migration\Fetch_Object_Output\View\mktg_ops_vws_20251219_1227\pbi_entrprs_campgn_comnts.sql
2025-12-19 12:29:58,196 - INFO - Saved DDL for gms_bzfc_fact_cnst_comnictn to D:\Create_Fetch_Python_Code\database_object_migration\Fetch_Object_Output\View\mktg_ops_vws_20251219_1227\gms_bzfc_fact_cnst_comnictn.sql
2025-12-19 12:29:58,816 - INFO - Saved DDL for gms_bzfc_fact_giftran to D:\Create_Fetch_Python_Code\database_object_migration\Fetch_Object_Output\View\mktg_ops_vws_20251219_1227\gms_bzfc_fact_giftran.sql
2025-12-19 12:29:59,160 - INFO - Saved DDL for fact_interaction_aprm to D:\Create_Fetch_Python_Code\database_object_migration\Fetch_Object_Output\View\mktg_ops_vws_20251219_1227\fact_interaction_aprm.sql
2025-12-19 12:29:59,514 - INFO - Saved DDL for bzfc_sms_vms_prfl to D:\Create_Fetch_Python_Code\database_object_migration\Fetch_Object_Output\View\mktg_ops_vws_20251219_1227\bzfc_sms_vms_prfl.sql
2025-12-19 12:29:59,860 - INFO - Saved DDL for gms_arc_fr_smry_cbg to D:\Create_Fetch_Python_Code\database_object_migration\Fetch_Object_Output\View\mktg_ops_vws_20251219_1227\gms_arc_fr_smry_cbg.sql
2025-12-19 12:30:00,209 - INFO - Saved DDL for bzfc_sms_fr_prf to D:\Create_Fetch_Python_Code\database_object_migration\Fetch_Object_Output\View\mktg_ops_vws_20251219_1227\bzfc_sms_fr_prf.sql
2025-12-19 12:30:00,551 - INFO - Saved DDL for srvy_hsptl_rspns_txt to D:\Create_Fetch_Python_Code\database_object_migration\Fetch_Object_Output\View\mktg_ops_vws_20251219_1227\srvy_hsptl_rspns_txt.sql
2025-12-19 12:30:00,909 - INFO - Saved DDL for bzfc_sms_phss_prfl to D:\Create_Fetch_Python_Code\database_object_migration\Fetch_Object_Output\View\mktg_ops_vws_20251219_1227\bzfc_sms_phss_prfl.sql
2025-12-19 12:30:01,249 - INFO - Saved DDL for gms_bzfc_fact_ask_cntct_intrctn to D:\Create_Fetch_Python_Code\database_object_migration\Fetch_Object_Output\View\mktg_ops_vws_20251219_1227\gms_bzfc_fact_ask_cntct_intrctn.sql
2025-12-19 12:30:01,605 - INFO - Saved DDL for bz_adb_nmsbroadlogmsg to D:\Create_Fetch_Python_Code\database_object_migration\Fetch_Object_Output\View\mktg_ops_vws_20251219_1227\bz_adb_nmsbroadlogmsg.sql
2025-12-19 12:30:01,942 - INFO - Saved DDL for bz_dim_fund_cd to D:\Create_Fetch_Python_Code\database_object_migration\Fetch_Object_Output\View\mktg_ops_vws_20251219_1227\bz_dim_fund_cd.sql
2025-12-19 12:30:02,289 - INFO - Saved DDL for scr_val_ref to D:\Create_Fetch_Python_Code\database_object_migration\Fetch_Object_Output\View\mktg_ops_vws_20251219_1227\scr_val_ref.sql
2025-12-19 12:30:02,633 - INFO - Saved DDL for esri_blockgroup_demgrphc to D:\Create_Fetch_Python_Code\database_object_migration\Fetch_Object_Output\View\mktg_ops_vws_20251219_1227\esri_blockgroup_demgrphc.sql
2025-12-19 12:30:02,992 - INFO - Saved DDL for bzfc_sms_bio_prfl to D:\Create_Fetch_Python_Code\database_object_migration\Fetch_Object_Output\View\mktg_ops_vws_20251219_1227\bzfc_sms_bio_prfl.sql
2025-12-19 12:30:03,340 - INFO - Saved DDL for bzfc_sms_profile to D:\Create_Fetch_Python_Code\database_object_migration\Fetch_Object_Output\View\mktg_ops_vws_20251219_1227\bzfc_sms_profile.sql
2025-12-19 12:30:03,689 - INFO - Saved DDL for dim_recipient to D:\Create_Fetch_Python_Code\database_object_migration\Fetch_Object_Output\View\mktg_ops_vws_20251219_1227\dim_recipient.sql
2025-12-19 12:30:04,048 - INFO - Saved DDL for esri_zip_cd_demgrphc to D:\Create_Fetch_Python_Code\database_object_migration\Fetch_Object_Output\View\mktg_ops_vws_20251219_1227\esri_zip_cd_demgrphc.sql
2025-12-19 12:30:04,398 - INFO - Saved DDL for fact_vol_applctn to D:\Create_Fetch_Python_Code\database_object_migration\Fetch_Object_Output\View\mktg_ops_vws_20251219_1227\fact_vol_applctn.sql
2025-12-19 12:30:04,749 - INFO - Saved DDL for phone_interaction_pg_eoc to D:\Create_Fetch_Python_Code\database_object_migration\Fetch_Object_Output\View\mktg_ops_vws_20251219_1227\phone_interaction_pg_eoc.sql
2025-12-19 12:30:05,376 - INFO - Saved DDL for bz_microsites_report to D:\Create_Fetch_Python_Code\database_object_migration\Fetch_Object_Output\View\mktg_ops_vws_20251219_1227\bz_microsites_report.sql
2025-12-19 12:30:05,750 - INFO - Saved DDL for srvy_hsptl_respondents to D:\Create_Fetch_Python_Code\database_object_migration\Fetch_Object_Output\View\mktg_ops_vws_20251219_1227\srvy_hsptl_respondents.sql
2025-12-19 12:30:06,119 - INFO - Saved DDL for bz_area_code_2_time_zone to D:\Create_Fetch_Python_Code\database_object_migration\Fetch_Object_Output\View\mktg_ops_vws_20251219_1227\bz_area_code_2_time_zone.sql
2025-12-19 12:30:06,473 - INFO - Saved DDL for fact_email_interaction to D:\Create_Fetch_Python_Code\database_object_migration\Fetch_Object_Output\View\mktg_ops_vws_20251219_1227\fact_email_interaction.sql
2025-12-19 12:30:06,815 - INFO - Saved DDL for fact_dmail_interaction to D:\Create_Fetch_Python_Code\database_object_migration\Fetch_Object_Output\View\mktg_ops_vws_20251219_1227\fact_dmail_interaction.sql
2025-12-19 12:30:07,178 - INFO - Saved DDL for cnst_addr_ncoa_log_1 to D:\Create_Fetch_Python_Code\database_object_migration\Fetch_Object_Output\View\mktg_ops_vws_20251219_1227\cnst_addr_ncoa_log_1.sql
2025-12-19 12:30:07,180 - INFO - DDL fetch completed successfully
